 wheel1_sfun

 Timestamp is 555aa426 (Mon May 18 21:47:02 2015)

 Preferred load address is 0000000180000000

 Start         Length     Name                   Class
 0001:00000000 0001352eH .text                   CODE
 0001:00013530 0000007bH .text$x                 CODE
 0002:00000000 00000460H .idata$5                DATA
 0002:00000460 00000008H .CRT$XCA                DATA
 0002:00000468 00000008H .CRT$XCZ                DATA
 0002:00000470 00000008H .CRT$XIA                DATA
 0002:00000478 00000008H .CRT$XIAA               DATA
 0002:00000480 00000008H .CRT$XIC                DATA
 0002:00000488 00000008H .CRT$XIZ                DATA
 0002:00000490 00000720H .rdata                  DATA
 0002:00000bb0 00000008H .rtc$IAA                DATA
 0002:00000bb8 00000008H .rtc$IZZ                DATA
 0002:00000bc0 00000008H .rtc$TAA                DATA
 0002:00000bc8 00000008H .rtc$TZZ                DATA
 0002:00000bd0 0000072cH .xdata                  DATA
 0002:000012fc 0000008cH .idata$2                DATA
 0002:00001388 00000014H .idata$3                DATA
 0002:000013a0 00000460H .idata$4                DATA
 0002:00001800 00000c5eH .idata$6                DATA
 0002:00002460 00000051H .edata                  DATA
 0003:00000000 000039f8H .data                   DATA
 0003:00003a00 000006c8H .bss                    DATA
 0004:00000000 00000888H .pdata                  DATA

  Address         Publics by Value              Rva+Base               Lib:Object

 0000:00000000       ___safe_se_handler_table   0000000000000000     <absolute>
 0000:00000000       ___safe_se_handler_count   0000000000000000     <absolute>
 0000:00000000       __ImageBase                0000000180000000     <linker-defined>
 0001:00000000       wheel1_initializer         0000000180001000 f   wheel1_sfun.obj
 0001:00000010       wheel1_terminator          0000000180001010 f   wheel1_sfun.obj
 0001:00000020       load_wheel1_optimization_info 0000000180001020 f   wheel1_sfun.obj
 0001:00000070       unload_wheel1_optimization_info 0000000180001070 f   wheel1_sfun.obj
 0001:000000a0       sf_wheel1_method_dispatcher 00000001800010a0 f   wheel1_sfun.obj
 0001:000000f0       sf_wheel1_process_check_sum_call 00000001800010f0 f   wheel1_sfun.obj
 0001:00000770       sf_wheel1_autoinheritance_info 0000000180001770 f   wheel1_sfun.obj
 0001:00000950       sf_wheel1_get_eml_resolved_functions_info 0000000180001950 f   wheel1_sfun.obj
 0001:00000ad0       sf_wheel1_third_party_uses_info 0000000180001ad0 f   wheel1_sfun.obj
 0001:00000ca0       sf_wheel1_updateBuildInfo_args_info 0000000180001ca0 f   wheel1_sfun.obj
 0001:00000e70       wheel1_debug_initialize    0000000180001e70 f   wheel1_sfun.obj
 0001:00000ef0       wheel1_register_exported_symbols 0000000180001ef0 f   wheel1_sfun.obj
 0001:00000f00       sf_c2_wheel1_get_eml_resolved_functions_info 0000000180001f00 f   c2_wheel1.obj
 0001:00000f70       sf_c2_wheel1_get_check_sum 0000000180001f70 f   c2_wheel1.obj
 0001:00001040       c2_wheel1_method_dispatcher 0000000180002040 f   c2_wheel1.obj
 0001:00009a50       sf_c2_wheel1_get_autoinheritance_info 000000018000aa50 f   c2_wheel1.obj
 0001:0000a3b0       sf_c2_wheel1_third_party_uses_info 000000018000b3b0 f   c2_wheel1.obj
 0001:0000a3e0       sf_c2_wheel1_updateBuildInfo_args_info 000000018000b3e0 f   c2_wheel1.obj
 0001:0000b330       sf_internal_get_sim_state_c2_wheel1 000000018000c330 f   c2_wheel1.obj
 0001:0000b490       sf_internal_set_sim_state_c2_wheel1 000000018000c490 f   c2_wheel1.obj
 0001:0000bfd0       mexFunction                000000018000cfd0 f   wheel1_sfun_registry.obj
 0001:0000d170       _ssSetInputPortDirectFeedThroughFcn 000000018000e170 f   wheel1_sfun_registry.obj
 0001:0000d2d0       _ssGetInputPortSignalPtrsFcn 000000018000e2d0 f   wheel1_sfun_registry.obj
 0001:0000d4f0       _ssGetInputPortSignalFcn   000000018000e4f0 f   wheel1_sfun_registry.obj
 0001:0000d710       _ssSetInputPortReusableFcn 000000018000e710 f   wheel1_sfun_registry.obj
 0001:0000d7f0       _ssSetOutputPortReusableFcn 000000018000e7f0 f   wheel1_sfun_registry.obj
 0001:0000d8d0       ssGetIsZeroCrossControlDisabled 000000018000e8d0 f   wheel1_sfun_registry.obj
 0001:0000d940       ssSetIsInputPortUsedForContZcSignal 000000018000e940 f   wheel1_sfun_registry.obj
 0001:0000d9b0       ssSetZcSignalIsZcElementDisc 000000018000e9b0 f   wheel1_sfun_registry.obj
 0001:0000da60       ssSetZcSignalName          000000018000ea60 f   wheel1_sfun_registry.obj
 0001:0000dad0       ssSetZcSignalWidth         000000018000ead0 f   wheel1_sfun_registry.obj
 0001:0000db40       ssSetZcSignalZcEventType   000000018000eb40 f   wheel1_sfun_registry.obj
 0001:0000dbb0       ssSetZcSignalType          000000018000ebb0 f   wheel1_sfun_registry.obj
 0001:0000dc20       ssSetZcSignalZcTol         000000018000ec20 f   wheel1_sfun_registry.obj
 0001:0000dc90       ssSetZcSignalNeedsEventNotification 000000018000ec90 f   wheel1_sfun_registry.obj
 0001:0000dd00       ssCreateAndAddZcSignalInfo 000000018000ed00 f   wheel1_sfun_registry.obj
 0001:0000dd70       ssCloneAndAddZcSignalInfo  000000018000ed70 f   wheel1_sfun_registry.obj
 0001:0000dde0       ssGetNumZcSignals          000000018000ede0 f   wheel1_sfun_registry.obj
 0001:0000de50       ssGetZcSignalVector        000000018000ee50 f   wheel1_sfun_registry.obj
 0001:0000dec0       ssGetZcSignalName          000000018000eec0 f   wheel1_sfun_registry.obj
 0001:0000df30       ssGetZcSignalWidth         000000018000ef30 f   wheel1_sfun_registry.obj
 0001:0000dfa0       ssGetZcSignalZcEventType   000000018000efa0 f   wheel1_sfun_registry.obj
 0001:0000e010       ssGetZcSignalZcEvents      000000018000f010 f   wheel1_sfun_registry.obj
 0001:0000e080       ssGetZcSignalType          000000018000f080 f   wheel1_sfun_registry.obj
 0001:0000e0f0       ssGetZcSignalZcTol         000000018000f0f0 f   wheel1_sfun_registry.obj
 0001:0000e170       ssGetZcSignalNeedsEventNotification 000000018000f170 f   wheel1_sfun_registry.obj
 0001:0000e1e0       ssGetZcSignalIsZcElementDisc 000000018000f1e0 f   wheel1_sfun_registry.obj
 0001:0000e280       ssGetIsInputPortElementContinuous 000000018000f280 f   wheel1_sfun_registry.obj
 0001:0000e320       ssGetDTypeIdFromMxArray    000000018000f320 f   wheel1_sfun_registry.obj
 0001:0000e440       ssWriteRTWStr              000000018000f440 f   wheel1_sfun_registry.obj
 0001:0000e4a0       ssWriteRTWNameValuePair    000000018000f4a0 f   wheel1_sfun_registry.obj
 0001:0000e9a0       ssWriteRTWParamSettings    000000018000f9a0 f   wheel1_sfun_registry.obj
 0001:0000f090       ssWriteRTWParameters       0000000180010090 f   wheel1_sfun_registry.obj
 0001:0000f660       ssWriteRTWWorkVect         0000000180010660 f   wheel1_sfun_registry.obj
 0001:0000fb50       ssWriteRTWMxVectParam      0000000180010b50 f   wheel1_sfun_registry.obj
 0001:0000fbd0       ssWriteRTWMx2dMatParam     0000000180010bd0 f   wheel1_sfun_registry.obj
 0001:0000fc60       _ssSetInputPortMatrixDimensions 0000000180010c60 f   wheel1_sfun_registry.obj
 0001:0000fd60       _ssSetOutputPortMatrixDimensions 0000000180010d60 f   wheel1_sfun_registry.obj
 0001:0000fe60       _ssSetInputPortVectorDimension 0000000180010e60 f   wheel1_sfun_registry.obj
 0001:0000ff10       _ssSetOutputPortVectorDimension 0000000180010f10 f   wheel1_sfun_registry.obj
 0001:0000ffc0       ssIsRunTimeParamTunable    0000000180010fc0 f   wheel1_sfun_registry.obj
 0001:00010030       ssGetSFuncBlockHandle      0000000180011030 f   wheel1_sfun_registry.obj
 0001:000100a0       _ssGetCurrentInputPortWidth 00000001800110a0 f   wheel1_sfun_registry.obj
 0001:000101c0       _ssGetCurrentOutputPortWidth 00000001800111c0 f   wheel1_sfun_registry.obj
 0001:000102e0       _ssGetCallSystemNumFcnCallDestinations 00000001800112e0 f   wheel1_sfun_registry.obj
 0001:00010350       ssWarning                  0000000180011350 f   wheel1_sfun_registry.obj
 0001:00010440       _ssGetAbsTol               0000000180011440 f   wheel1_sfun_registry.obj
 0001:000104b0       _ssSetStateAbsTol          00000001800114b0 f   wheel1_sfun_registry.obj
 0001:00010590       sf_process_check_sum_call  0000000180011590 f   wheel1_sfun_registry.obj
 0001:000105e0       sf_process_autoinheritance_call 00000001800115e0 f   wheel1_sfun_registry.obj
 0001:00010810       sf_process_get_third_party_uses_info_call 0000000180011810 f   wheel1_sfun_registry.obj
 0001:00010a40       sf_process_get_updateBuildInfo_args_info_call 0000000180011a40 f   wheel1_sfun_registry.obj
 0001:00010c70       sf_process_get_eml_resolved_functions_info_call 0000000180011c70 f   wheel1_sfun_registry.obj
 0001:00010e70       sf_mex_unlock_call         0000000180011e70 f   wheel1_sfun_registry.obj
 0001:000110e0       sf_machine_global_initializer_called 00000001800120e0 f   wheel1_sfun_registry.obj
 0001:00011110       sf_machine_global_method_dispatcher 0000000180012110 f   wheel1_sfun_registry.obj
 0001:00011170       sf_machine_global_terminator 0000000180012170 f   wheel1_sfun_registry.obj
 0001:000111c0       sf_register_machine_exported_symbols 00000001800121c0 f   wheel1_sfun_registry.obj
 0001:000111e0       callCustomFcn              00000001800121e0 f   wheel1_sfun_registry.obj
 0001:000111f0       sf_machine_global_initializer 00000001800121f0 f   wheel1_sfun_registry.obj
 0001:000112b0       mdlGetSimState             00000001800122b0 f   wheel1_sfun_registry.obj
 0001:000112f0       mdlSetSimState             00000001800122f0 f   wheel1_sfun_registry.obj
 0001:00011a90       ProcessMexSfunctionEveryCall 0000000180012a90 f   wheel1_sfun_registry.obj
 0001:00012704       sf_load_rtw_optimization_info 0000000180013704 f   sf_runtime:sf_runtime.dll
 0001:0001270a       sf_debug_initialize_machine 000000018001370a f   sf_runtime:sf_runtime.dll
 0001:00012710       sf_debug_set_machine_event_thresholds 0000000180013710 f   sf_runtime:sf_runtime.dll
 0001:00012716       sf_debug_set_machine_data_thresholds 0000000180013716 f   sf_runtime:sf_runtime.dll
 0001:0001271c       sf_rtw_info_uint_prop      000000018001371c f   sf_runtime:sf_runtime.dll
 0001:00012722       sf_update_buildInfo        0000000180013722 f   sf_runtime:sf_runtime.dll
 0001:00012728       sf_is_chart_inlinable      0000000180013728 f   sf_runtime:sf_runtime.dll
 0001:0001272e       sf_mark_chart_reusable_outputs 000000018001372e f   sf_runtime:sf_runtime.dll
 0001:00012734       sf_mark_chart_expressionable_inputs 0000000180013734 f   sf_runtime:sf_runtime.dll
 0001:0001273a       sim_mode_is_rtw_gen        000000018001373a f   sf_runtime:sf_runtime.dll
 0001:00012740       sim_mode_is_external       0000000180013740 f   sf_runtime:sf_runtime.dll
 0001:00012746       sf_clear_rtw_identifier    0000000180013746 f   sf_runtime:sf_runtime.dll
 0001:0001274c       sf_set_rtw_dwork_info      000000018001374c f   sf_runtime:sf_runtime.dll
 0001:00012752       sf_get_time                0000000180013752 f   sf_runtime:sf_runtime.dll
 0001:00012758       sf_mex_call_matlab         0000000180013758 f   sf_runtime:sf_runtime.dll
 0001:0001275e       sf_mex_call_debug          000000018001375e f   sf_runtime:sf_runtime.dll
 0001:00012764       sf_mex_error_message       0000000180013764 f   sf_runtime:sf_runtime.dll
 0001:0001276a       sf_mex_addfield            000000018001376a f   sf_runtime:sf_runtime.dll
 0001:00012770       sf_mex_createstruct        0000000180013770 f   sf_runtime:sf_runtime.dll
 0001:00012776       sf_mex_create              0000000180013776 f   sf_runtime:sf_runtime.dll
 0001:0001277c       sf_mex_createcellmatrix    000000018001377c f   sf_runtime:sf_runtime.dll
 0001:00012782       sf_mex_setcell             0000000180013782 f   sf_runtime:sf_runtime.dll
 0001:00012788       sf_mex_getcell             0000000180013788 f   sf_runtime:sf_runtime.dll
 0001:0001278e       sf_mex_assign              000000018001378e f   sf_runtime:sf_runtime.dll
 0001:00012794       sf_mex_dup                 0000000180013794 f   sf_runtime:sf_runtime.dll
 0001:0001279a       sf_mex_destroy             000000018001379a f   sf_runtime:sf_runtime.dll
 0001:000127a0       sf_mex_import              00000001800137a0 f   sf_runtime:sf_runtime.dll
 0001:000127a6       sf_mex_import_vs           00000001800137a6 f   sf_runtime:sf_runtime.dll
 0001:000127ac       sf_mex_decode_encoded_mx_struct_array 00000001800137ac f   sf_runtime:sf_runtime.dll
 0001:000127b2       sf_mex_duplicatearraysafe  00000001800137b2 f   sf_runtime:sf_runtime.dll
 0001:000127b8       sf_mex_emlrtNameCapturePostProcessR2012a 00000001800137b8 f   sf_runtime:sf_runtime.dll
 0001:000127be       sf_debug_initialize_chart  00000001800137be f   sf_runtime:sf_runtime.dll
 0001:000127c4       sf_debug_call              00000001800137c4 f   sf_runtime:sf_runtime.dll
 0001:000127ca       eml_debug_line_call        00000001800137ca f   sf_runtime:sf_runtime.dll
 0001:000127d0       cv_eml_eval                00000001800137d0 f   sf_runtime:sf_runtime.dll
 0001:000127d6       cv_eml_init_script         00000001800137d6 f   sf_runtime:sf_runtime.dll
 0001:000127dc       cv_eml_init_fcn            00000001800137dc f   sf_runtime:sf_runtime.dll
 0001:000127e2       cv_eml_init_if             00000001800137e2 f   sf_runtime:sf_runtime.dll
 0001:000127e8       sf_debug_reset_current_state_configuration 00000001800137e8 f   sf_runtime:sf_runtime.dll
 0001:000127ee       sf_debug_check_for_state_inconsistency 00000001800137ee f   sf_runtime:sf_runtime.dll
 0001:000127f4       sf_debug_set_chart_data_props 00000001800137f4 f   sf_runtime:sf_runtime.dll
 0001:000127fa       sf_debug_set_chart_data_compiled_props 00000001800137fa f   sf_runtime:sf_runtime.dll
 0001:00012800       sf_debug_symbol_scope_push 0000000180013800 f   sf_runtime:sf_runtime.dll
 0001:00012806       sf_debug_symbol_scope_push_eml 0000000180013806 f   sf_runtime:sf_runtime.dll
 0001:0001280c       sf_debug_symbol_scope_pop  000000018001380c f   sf_runtime:sf_runtime.dll
 0001:00012812       sf_debug_symbol_scope_add_eml 0000000180013812 f   sf_runtime:sf_runtime.dll
 0001:00012818       sf_debug_symbol_scope_add_eml_importable 0000000180013818 f   sf_runtime:sf_runtime.dll
 0001:0001281e       sf_debug_symbol_scope_add_eml_dyn_importable 000000018001381e f   sf_runtime:sf_runtime.dll
 0001:00012824       sf_debug_symbol_switch     0000000180013824 f   sf_runtime:sf_runtime.dll
 0001:0001282a       sf_debug_set_instance_data_value_ptr 000000018001382a f   sf_runtime:sf_runtime.dll
 0001:00012830       sf_debug_set_chart_disable_implicit_casting 0000000180013830 f   sf_runtime:sf_runtime.dll
 0001:00012836       sf_debug_set_chart_event_thresholds 0000000180013836 f   sf_runtime:sf_runtime.dll
 0001:0001283c       sf_debug_set_chart_state_info 000000018001383c f   sf_runtime:sf_runtime.dll
 0001:00012842       sf_debug_set_chart_decomposition 0000000180013842 f   sf_runtime:sf_runtime.dll
 0001:00012848       sf_debug_set_chart_substate_count 0000000180013848 f   sf_runtime:sf_runtime.dll
 0001:0001284e       sf_debug_vector_vector_index_check 000000018001384e f   sf_runtime:sf_runtime.dll
 0001:00012854       sf_debug_eml_data_array_bounds_error_check 0000000180013854 f   sf_runtime:sf_runtime.dll
 0001:0001285a       sf_debug_non_negative_check 000000018001385a f   sf_runtime:sf_runtime.dll
 0001:00012860       sf_debug_data_range_wrapper 0000000180013860 f   sf_runtime:sf_runtime.dll
 0001:00012866       sf_debug_cv_init_trans     0000000180013866 f   sf_runtime:sf_runtime.dll
 0001:0001286c       sf_debug_cv_init_chart     000000018001386c f   sf_runtime:sf_runtime.dll
 0001:00012872       sf_debug_cv_init_state     0000000180013872 f   sf_runtime:sf_runtime.dll
 0001:00012878       callMdlMethodAndReportError 0000000180013878 f   sf_runtime:sf_runtime.dll
 0001:0001287e       call_sf_machine_global_method_dispatcher 000000018001387e f   sf_runtime:sf_runtime.dll
 0001:00012884       sf_mex_error_direct_call   0000000180013884 f   sf_runtime:sf_runtime.dll
 0001:0001288a       sf_clear_error_manager_info 000000018001388a f   sf_runtime:sf_runtime.dll
 0001:00012890       sf_debug_create_debug_instance_struct 0000000180013890 f   sf_runtime:sf_runtime.dll
 0001:00012896       sf_debug_terminate         0000000180013896 f   sf_runtime:sf_runtime.dll
 0001:0001289c       sf_debug_api               000000018001389c f   sf_runtime:sf_runtime.dll
 0001:000128a2       mxIsChar                   00000001800138a2 f   libmx:libmx.dll
 0001:000128a8       mxGetPr                    00000001800138a8 f   libmx:libmx.dll
 0001:000128ae       mxGetScalar                00000001800138ae f   libmx:libmx.dll
 0001:000128b4       mxDestroyArray             00000001800138b4 f   libmx:libmx.dll
 0001:000128ba       mxCreateDoubleMatrix_730   00000001800138ba f   libmx:libmx.dll
 0001:000128c0       mxGetString_730            00000001800138c0 f   libmx:libmx.dll
 0001:000128c6       mxDuplicateArray           00000001800138c6 f   libmx:libmx.dll
 0001:000128cc       mxSetField_730             00000001800138cc f   libmx:libmx.dll
 0001:000128d2       mxCreateDoubleScalar       00000001800138d2 f   libmx:libmx.dll
 0001:000128d8       mxCreateString             00000001800138d8 f   libmx:libmx.dll
 0001:000128de       mxCreateCellMatrix_730     00000001800138de f   libmx:libmx.dll
 0001:000128e4       mxCreateStructMatrix_730   00000001800138e4 f   libmx:libmx.dll
 0001:000128ea       mxGetNaN                   00000001800138ea f   libmx:libmx.dll
 0001:000128f0       mxCalloc                   00000001800138f0 f   libmx:libmx.dll
 0001:000128f6       mxGetM                     00000001800138f6 f   libmx:libmx.dll
 0001:000128fc       mxGetClassID               00000001800138fc f   libmx:libmx.dll
 0001:00012902       mxIsNumeric                0000000180013902 f   libmx:libmx.dll
 0001:00012908       mxIsComplex                0000000180013908 f   libmx:libmx.dll
 0001:0001290e       mxGetN                     000000018001390e f   libmx:libmx.dll
 0001:00012914       mexMakeArrayPersistent     0000000180013914 f   libmex:libmex.dll
 0001:0001291a       mexErrMsgTxt               000000018001391a f   libmex:libmex.dll
 0001:00012920       mexWarnMsgTxt              0000000180013920 f   libmex:libmex.dll
 0001:00012926       mexCallMATLAB              0000000180013926 f   libmex:libmex.dll
 0001:0001292c       mexLock                    000000018001392c f   libmex:libmex.dll
 0001:00012932       mexUnlock                  0000000180013932 f   libmex:libmex.dll
 0001:00012938       mexIsLocked                0000000180013938 f   libmex:libmex.dll
 0001:0001293e       utMalloc                   000000018001393e f   libut:libut.dll
 0001:00012944       utFree                     0000000180013944 f   libut:libut.dll
 0001:0001294a       muDoubleScalarIsNaN        000000018001394a f   libmwmathutil:libmwmathutil.dll
 0001:00012950       muDoubleScalarIsInf        0000000180013950 f   libmwmathutil:libmwmathutil.dll
 0001:00012958       __raise_securityfailure    0000000180013958 f   MSVCRT:gs_report.obj
 0001:000129a4       __report_gsfailure         00000001800139a4 f   MSVCRT:gs_report.obj
 0001:00012a78       __report_rangecheckfailure 0000000180013a78 f   MSVCRT:gs_report.obj
 0001:00012a8c       __report_securityfailure   0000000180013a8c f   MSVCRT:gs_report.obj
 0001:00012b28       __report_securityfailureEx 0000000180013b28 f   MSVCRT:gs_report.obj
 0001:00012c36       strcmp                     0000000180013c36 f   MSVCRT:MSVCR110.dll
 0001:00012c3c       __GSHandlerCheck           0000000180013c3c f   MSVCRT:gshandler.obj
 0001:00012c5c       __GSHandlerCheckCommon     0000000180013c5c f   MSVCRT:gshandler.obj
 0001:00012cd0       __security_check_cookie    0000000180013cd0 f   MSVCRT:amdsecgs.obj
 0001:00012cf0       memset                     0000000180013cf0 f   MSVCRT:MSVCR110.dll
 0001:00012cf6       strlen                     0000000180013cf6 f   MSVCRT:MSVCR110.dll
 0001:00012cfc       memcpy                     0000000180013cfc f   MSVCRT:MSVCR110.dll
 0001:00012d02       strcat                     0000000180013d02 f   MSVCRT:MSVCR110.dll
 0001:00012d08       sprintf                    0000000180013d08 f   MSVCRT:MSVCR110.dll
 0001:00012d0e       free                       0000000180013d0e f   MSVCRT:MSVCR110.dll
 0001:00012d14       malloc                     0000000180013d14 f   MSVCRT:MSVCR110.dll
 0001:00012d7c       NtCurrentTeb               0000000180013d7c f i MSVCRT:crtdll.obj
 0001:00012d88       _CRT_INIT                  0000000180013d88 f   MSVCRT:crtdll.obj
 0001:00012fd4       _DllMainCRTStartup         0000000180013fd4 f   MSVCRT:crtdll.obj
 0001:0001314a       __crt_debugger_hook        000000018001414a f   MSVCRT:MSVCR110.dll
 0001:00013150       __crtUnhandledException    0000000180014150 f   MSVCRT:MSVCR110.dll
 0001:00013156       __crtTerminateProcess      0000000180014156 f   MSVCRT:MSVCR110.dll
 0001:0001315c       __crtCaptureCurrentContext 000000018001415c f   MSVCRT:MSVCR110.dll
 0001:00013162       __crtCapturePreviousContext 0000000180014162 f   MSVCRT:MSVCR110.dll
 0001:00013168       __CppXcptFilter            0000000180014168 f   MSVCRT:MSVCR110.dll
 0001:0001316e       _amsg_exit                 000000018001416e f   MSVCRT:MSVCR110.dll
 0001:00013180       _FindPESection             0000000180014180 f   MSVCRT:pesect.obj
 0001:000131d0       _IsNonwritableInCurrentImage 00000001800141d0 f   MSVCRT:pesect.obj
 0001:00013220       _ValidateImageBase         0000000180014220 f   MSVCRT:pesect.obj
 0001:00013250       __atonexitinit             0000000180014250 f   MSVCRT:atonexit.obj
 0001:000132a0       _onexit                    00000001800142a0 f   MSVCRT:atonexit.obj
 0001:00013350       atexit                     0000000180014350 f   MSVCRT:atonexit.obj
 0001:00013368       __security_init_cookie     0000000180014368 f   MSVCRT:gs_support.obj
 0001:00013420       DllMain                    0000000180014420 f   MSVCRT:dllmain.obj
 0001:00013444       _malloc_crt                0000000180014444 f   MSVCRT:MSVCR110.dll
 0001:0001344c       _RTC_Initialize            000000018001444c f   MSVCRT:initsect.obj
 0001:00013484       _RTC_Terminate             0000000180014484 f   MSVCRT:initsect.obj
 0001:000134bc       _initterm                  00000001800144bc f   MSVCRT:MSVCR110.dll
 0001:000134c2       _initterm_e                00000001800144c2 f   MSVCRT:MSVCR110.dll
 0001:000134c8       __clean_type_info_names    00000001800144c8 f   MSVCRT:tncleanup.obj
 0001:000134d4       __C_specific_handler       00000001800144d4 f   MSVCRT:MSVCR110.dll
 0001:000134da       _lock                      00000001800144da f   MSVCRT:MSVCR110.dll
 0001:000134e0       _unlock                    00000001800144e0 f   MSVCRT:MSVCR110.dll
 0001:000134e6       _calloc_crt                00000001800144e6 f   MSVCRT:MSVCR110.dll
 0001:000134ec       __dllonexit                00000001800144ec f   MSVCRT:MSVCR110.dll
 0001:000134f2       __clean_type_info_names_internal 00000001800144f2 f   MSVCRT:MSVCR110.dll
 0001:000134f8       IsDebuggerPresent          00000001800144f8 f   kernel32:KERNEL32.dll
 0001:000134fe       IsProcessorFeaturePresent  00000001800144fe f   kernel32:KERNEL32.dll
 0001:00013504       EncodePointer              0000000180014504 f   kernel32:KERNEL32.dll
 0001:0001350a       DecodePointer              000000018001450a f   kernel32:KERNEL32.dll
 0001:00013510       QueryPerformanceCounter    0000000180014510 f   kernel32:KERNEL32.dll
 0001:00013516       GetCurrentThreadId         0000000180014516 f   kernel32:KERNEL32.dll
 0001:0001351c       GetSystemTimeAsFileTime    000000018001451c f   kernel32:KERNEL32.dll
 0001:00013522       GetTickCount64             0000000180014522 f   kernel32:KERNEL32.dll
 0001:00013528       DisableThreadLibraryCalls  0000000180014528 f   kernel32:KERNEL32.dll
 0002:00000000       __imp_DisableThreadLibraryCalls 0000000180015000     kernel32:KERNEL32.dll
 0002:00000008       __imp_GetTickCount64       0000000180015008     kernel32:KERNEL32.dll
 0002:00000010       __imp_GetSystemTimeAsFileTime 0000000180015010     kernel32:KERNEL32.dll
 0002:00000018       __imp_GetCurrentThreadId   0000000180015018     kernel32:KERNEL32.dll
 0002:00000020       __imp_QueryPerformanceCounter 0000000180015020     kernel32:KERNEL32.dll
 0002:00000028       __imp_DecodePointer        0000000180015028     kernel32:KERNEL32.dll
 0002:00000030       __imp_EncodePointer        0000000180015030     kernel32:KERNEL32.dll
 0002:00000038       __imp_IsProcessorFeaturePresent 0000000180015038     kernel32:KERNEL32.dll
 0002:00000040       __imp_IsDebuggerPresent    0000000180015040     kernel32:KERNEL32.dll
 0002:00000048       \177KERNEL32_NULL_THUNK_DATA 0000000180015048     kernel32:KERNEL32.dll
 0002:00000050       __imp___clean_type_info_names_internal 0000000180015050     MSVCRT:MSVCR110.dll
 0002:00000058       __imp__onexit              0000000180015058     MSVCRT:MSVCR110.dll
 0002:00000060       __imp___dllonexit          0000000180015060     MSVCRT:MSVCR110.dll
 0002:00000068       __imp__calloc_crt          0000000180015068     MSVCRT:MSVCR110.dll
 0002:00000070       __imp__unlock              0000000180015070     MSVCRT:MSVCR110.dll
 0002:00000078       __imp__lock                0000000180015078     MSVCRT:MSVCR110.dll
 0002:00000080       __imp___C_specific_handler 0000000180015080     MSVCRT:MSVCR110.dll
 0002:00000088       __imp__initterm_e          0000000180015088     MSVCRT:MSVCR110.dll
 0002:00000090       __imp__initterm            0000000180015090     MSVCRT:MSVCR110.dll
 0002:00000098       __imp__malloc_crt          0000000180015098     MSVCRT:MSVCR110.dll
 0002:000000a0       __imp__amsg_exit           00000001800150a0     MSVCRT:MSVCR110.dll
 0002:000000a8       __imp___CppXcptFilter      00000001800150a8     MSVCRT:MSVCR110.dll
 0002:000000b0       __imp___crtCapturePreviousContext 00000001800150b0     MSVCRT:MSVCR110.dll
 0002:000000b8       __imp___crtCaptureCurrentContext 00000001800150b8     MSVCRT:MSVCR110.dll
 0002:000000c0       __imp___crtTerminateProcess 00000001800150c0     MSVCRT:MSVCR110.dll
 0002:000000c8       __imp___crtUnhandledException 00000001800150c8     MSVCRT:MSVCR110.dll
 0002:000000d0       __imp___crt_debugger_hook  00000001800150d0     MSVCRT:MSVCR110.dll
 0002:000000d8       __imp_malloc               00000001800150d8     MSVCRT:MSVCR110.dll
 0002:000000e0       __imp_free                 00000001800150e0     MSVCRT:MSVCR110.dll
 0002:000000e8       __imp_sprintf              00000001800150e8     MSVCRT:MSVCR110.dll
 0002:000000f0       __imp_strcat               00000001800150f0     MSVCRT:MSVCR110.dll
 0002:000000f8       __imp_memcpy               00000001800150f8     MSVCRT:MSVCR110.dll
 0002:00000100       __imp_strlen               0000000180015100     MSVCRT:MSVCR110.dll
 0002:00000108       __imp_memset               0000000180015108     MSVCRT:MSVCR110.dll
 0002:00000110       __imp_strcmp               0000000180015110     MSVCRT:MSVCR110.dll
 0002:00000118       \177MSVCR110_NULL_THUNK_DATA 0000000180015118     MSVCRT:MSVCR110.dll
 0002:00000120       __imp_mexUnlock            0000000180015120     libmex:libmex.dll
 0002:00000128       __imp_mexErrMsgTxt         0000000180015128     libmex:libmex.dll
 0002:00000130       __imp_mexWarnMsgTxt        0000000180015130     libmex:libmex.dll
 0002:00000138       __imp_mexIsLocked          0000000180015138     libmex:libmex.dll
 0002:00000140       __imp_mexMakeArrayPersistent 0000000180015140     libmex:libmex.dll
 0002:00000148       __imp_mexLock              0000000180015148     libmex:libmex.dll
 0002:00000150       __imp_mexCallMATLAB        0000000180015150     libmex:libmex.dll
 0002:00000158       \177libmex_NULL_THUNK_DATA 0000000180015158     libmex:libmex.dll
 0002:00000160       __imp_muDoubleScalarIsInf  0000000180015160     libmwmathutil:libmwmathutil.dll
 0002:00000168       __imp_muDoubleScalarIsNaN  0000000180015168     libmwmathutil:libmwmathutil.dll
 0002:00000170       \177libmwmathutil_NULL_THUNK_DATA 0000000180015170     libmwmathutil:libmwmathutil.dll
 0002:00000178       __imp_mxGetN               0000000180015178     libmx:libmx.dll
 0002:00000180       __imp_mxIsComplex          0000000180015180     libmx:libmx.dll
 0002:00000188       __imp_mxIsNumeric          0000000180015188     libmx:libmx.dll
 0002:00000190       __imp_mxGetClassID         0000000180015190     libmx:libmx.dll
 0002:00000198       __imp_mxGetM               0000000180015198     libmx:libmx.dll
 0002:000001a0       __imp_mxCalloc             00000001800151a0     libmx:libmx.dll
 0002:000001a8       __imp_mxGetNaN             00000001800151a8     libmx:libmx.dll
 0002:000001b0       __imp_mxCreateStructMatrix_730 00000001800151b0     libmx:libmx.dll
 0002:000001b8       __imp_mxCreateCellMatrix_730 00000001800151b8     libmx:libmx.dll
 0002:000001c0       __imp_mxCreateString       00000001800151c0     libmx:libmx.dll
 0002:000001c8       __imp_mxCreateDoubleScalar 00000001800151c8     libmx:libmx.dll
 0002:000001d0       __imp_mxSetField_730       00000001800151d0     libmx:libmx.dll
 0002:000001d8       __imp_mxDuplicateArray     00000001800151d8     libmx:libmx.dll
 0002:000001e0       __imp_mxGetString_730      00000001800151e0     libmx:libmx.dll
 0002:000001e8       __imp_mxCreateDoubleMatrix_730 00000001800151e8     libmx:libmx.dll
 0002:000001f0       __imp_mxDestroyArray       00000001800151f0     libmx:libmx.dll
 0002:000001f8       __imp_mxGetScalar          00000001800151f8     libmx:libmx.dll
 0002:00000200       __imp_mxGetPr              0000000180015200     libmx:libmx.dll
 0002:00000208       __imp_mxIsChar             0000000180015208     libmx:libmx.dll
 0002:00000210       \177libmx_NULL_THUNK_DATA  0000000180015210     libmx:libmx.dll
 0002:00000218       __imp_utMalloc             0000000180015218     libut:libut.dll
 0002:00000220       __imp_utFree               0000000180015220     libut:libut.dll
 0002:00000228       \177libut_NULL_THUNK_DATA  0000000180015228     libut:libut.dll
 0002:00000230       __imp_sf_debug_create_debug_instance_struct 0000000180015230     sf_runtime:sf_runtime.dll
 0002:00000238       __imp_sf_clear_error_manager_info 0000000180015238     sf_runtime:sf_runtime.dll
 0002:00000240       __imp_sf_mex_error_direct_call 0000000180015240     sf_runtime:sf_runtime.dll
 0002:00000248       __imp_call_sf_machine_global_method_dispatcher 0000000180015248     sf_runtime:sf_runtime.dll
 0002:00000250       __imp_callMdlMethodAndReportError 0000000180015250     sf_runtime:sf_runtime.dll
 0002:00000258       __imp_sf_debug_cv_init_state 0000000180015258     sf_runtime:sf_runtime.dll
 0002:00000260       __imp_sf_debug_cv_init_chart 0000000180015260     sf_runtime:sf_runtime.dll
 0002:00000268       __imp_sf_debug_cv_init_trans 0000000180015268     sf_runtime:sf_runtime.dll
 0002:00000270       __imp_sf_debug_data_range_wrapper 0000000180015270     sf_runtime:sf_runtime.dll
 0002:00000278       __imp_sf_debug_non_negative_check 0000000180015278     sf_runtime:sf_runtime.dll
 0002:00000280       __imp_sf_debug_eml_data_array_bounds_error_check 0000000180015280     sf_runtime:sf_runtime.dll
 0002:00000288       __imp_sf_debug_vector_vector_index_check 0000000180015288     sf_runtime:sf_runtime.dll
 0002:00000290       __imp_sf_debug_set_chart_substate_count 0000000180015290     sf_runtime:sf_runtime.dll
 0002:00000298       __imp_sf_debug_set_chart_state_info 0000000180015298     sf_runtime:sf_runtime.dll
 0002:000002a0       __imp_sf_debug_set_chart_event_thresholds 00000001800152a0     sf_runtime:sf_runtime.dll
 0002:000002a8       __imp_sf_debug_set_chart_disable_implicit_casting 00000001800152a8     sf_runtime:sf_runtime.dll
 0002:000002b0       __imp_sf_debug_set_instance_data_value_ptr 00000001800152b0     sf_runtime:sf_runtime.dll
 0002:000002b8       __imp_sf_debug_symbol_switch 00000001800152b8     sf_runtime:sf_runtime.dll
 0002:000002c0       __imp_sf_debug_symbol_scope_add_eml_dyn_importable 00000001800152c0     sf_runtime:sf_runtime.dll
 0002:000002c8       __imp_sf_debug_symbol_scope_add_eml_importable 00000001800152c8     sf_runtime:sf_runtime.dll
 0002:000002d0       __imp_sf_debug_symbol_scope_add_eml 00000001800152d0     sf_runtime:sf_runtime.dll
 0002:000002d8       __imp_sf_debug_symbol_scope_pop 00000001800152d8     sf_runtime:sf_runtime.dll
 0002:000002e0       __imp_sf_debug_symbol_scope_push_eml 00000001800152e0     sf_runtime:sf_runtime.dll
 0002:000002e8       __imp_sf_debug_symbol_scope_push 00000001800152e8     sf_runtime:sf_runtime.dll
 0002:000002f0       __imp_sf_debug_set_chart_data_compiled_props 00000001800152f0     sf_runtime:sf_runtime.dll
 0002:000002f8       __imp_sf_debug_set_chart_data_props 00000001800152f8     sf_runtime:sf_runtime.dll
 0002:00000300       __imp_sf_debug_check_for_state_inconsistency 0000000180015300     sf_runtime:sf_runtime.dll
 0002:00000308       __imp_sf_debug_api         0000000180015308     sf_runtime:sf_runtime.dll
 0002:00000310       __imp_sf_debug_set_chart_decomposition 0000000180015310     sf_runtime:sf_runtime.dll
 0002:00000318       __imp_sf_debug_terminate   0000000180015318     sf_runtime:sf_runtime.dll
 0002:00000320       __imp_sf_debug_reset_current_state_configuration 0000000180015320     sf_runtime:sf_runtime.dll
 0002:00000328       __imp_cv_eml_init_if       0000000180015328     sf_runtime:sf_runtime.dll
 0002:00000330       __imp_cv_eml_init_fcn      0000000180015330     sf_runtime:sf_runtime.dll
 0002:00000338       __imp_cv_eml_init_script   0000000180015338     sf_runtime:sf_runtime.dll
 0002:00000340       __imp_cv_eml_eval          0000000180015340     sf_runtime:sf_runtime.dll
 0002:00000348       __imp_eml_debug_line_call  0000000180015348     sf_runtime:sf_runtime.dll
 0002:00000350       __imp_sf_debug_call        0000000180015350     sf_runtime:sf_runtime.dll
 0002:00000358       __imp_sf_debug_initialize_chart 0000000180015358     sf_runtime:sf_runtime.dll
 0002:00000360       __imp_sf_mex_emlrtNameCapturePostProcessR2012a 0000000180015360     sf_runtime:sf_runtime.dll
 0002:00000368       __imp_sf_mex_duplicatearraysafe 0000000180015368     sf_runtime:sf_runtime.dll
 0002:00000370       __imp_sf_mex_decode_encoded_mx_struct_array 0000000180015370     sf_runtime:sf_runtime.dll
 0002:00000378       __imp_sf_mex_import_vs     0000000180015378     sf_runtime:sf_runtime.dll
 0002:00000380       __imp_sf_mex_import        0000000180015380     sf_runtime:sf_runtime.dll
 0002:00000388       __imp_sf_mex_destroy       0000000180015388     sf_runtime:sf_runtime.dll
 0002:00000390       __imp_sf_mex_dup           0000000180015390     sf_runtime:sf_runtime.dll
 0002:00000398       __imp_sf_mex_assign        0000000180015398     sf_runtime:sf_runtime.dll
 0002:000003a0       __imp_sf_mex_getcell       00000001800153a0     sf_runtime:sf_runtime.dll
 0002:000003a8       __imp_sf_mex_setcell       00000001800153a8     sf_runtime:sf_runtime.dll
 0002:000003b0       __imp_sf_mex_createcellmatrix 00000001800153b0     sf_runtime:sf_runtime.dll
 0002:000003b8       __imp_sf_mex_create        00000001800153b8     sf_runtime:sf_runtime.dll
 0002:000003c0       __imp_sf_mex_createstruct  00000001800153c0     sf_runtime:sf_runtime.dll
 0002:000003c8       __imp_sf_mex_addfield      00000001800153c8     sf_runtime:sf_runtime.dll
 0002:000003d0       __imp_sf_mex_error_message 00000001800153d0     sf_runtime:sf_runtime.dll
 0002:000003d8       __imp_sf_mex_call_debug    00000001800153d8     sf_runtime:sf_runtime.dll
 0002:000003e0       __imp_sf_mex_call_matlab   00000001800153e0     sf_runtime:sf_runtime.dll
 0002:000003e8       __imp_sf_get_time          00000001800153e8     sf_runtime:sf_runtime.dll
 0002:000003f0       __imp_sf_set_rtw_dwork_info 00000001800153f0     sf_runtime:sf_runtime.dll
 0002:000003f8       __imp_sf_clear_rtw_identifier 00000001800153f8     sf_runtime:sf_runtime.dll
 0002:00000400       __imp_sim_mode_is_external 0000000180015400     sf_runtime:sf_runtime.dll
 0002:00000408       __imp_sim_mode_is_rtw_gen  0000000180015408     sf_runtime:sf_runtime.dll
 0002:00000410       __imp_sf_mark_chart_expressionable_inputs 0000000180015410     sf_runtime:sf_runtime.dll
 0002:00000418       __imp_sf_mark_chart_reusable_outputs 0000000180015418     sf_runtime:sf_runtime.dll
 0002:00000420       __imp_sf_is_chart_inlinable 0000000180015420     sf_runtime:sf_runtime.dll
 0002:00000428       __imp_sf_update_buildInfo  0000000180015428     sf_runtime:sf_runtime.dll
 0002:00000430       __imp_sf_rtw_info_uint_prop 0000000180015430     sf_runtime:sf_runtime.dll
 0002:00000438       __imp_sf_debug_set_machine_data_thresholds 0000000180015438     sf_runtime:sf_runtime.dll
 0002:00000440       __imp_sf_debug_set_machine_event_thresholds 0000000180015440     sf_runtime:sf_runtime.dll
 0002:00000448       __imp_sf_debug_initialize_machine 0000000180015448     sf_runtime:sf_runtime.dll
 0002:00000450       __imp_sf_load_rtw_optimization_info 0000000180015450     sf_runtime:sf_runtime.dll
 0002:00000458       \177sf_runtime_NULL_THUNK_DATA 0000000180015458     sf_runtime:sf_runtime.dll
 0002:00000460       __xc_a                     0000000180015460     MSVCRT:cinitexe.obj
 0002:00000468       __xc_z                     0000000180015468     MSVCRT:cinitexe.obj
 0002:00000470       __xi_a                     0000000180015470     MSVCRT:cinitexe.obj
 0002:00000488       __xi_z                     0000000180015488     MSVCRT:cinitexe.obj
 0002:00000490       __real@41848698d8000000    0000000180015490     wheel1_sfun.obj
 0002:00000498       __real@41b292c095000000    0000000180015498     wheel1_sfun.obj
 0002:000004a0       __real@41b79fc820000000    00000001800154a0     wheel1_sfun.obj
 0002:000004a8       __real@41c21f1f7e800000    00000001800154a8     wheel1_sfun.obj
 0002:000004b0       __real@41c900e78a000000    00000001800154b0     wheel1_sfun.obj
 0002:000004b8       __real@41c99400f1000000    00000001800154b8     wheel1_sfun.obj
 0002:000004c0       __real@41d15fd456800000    00000001800154c0     wheel1_sfun.obj
 0002:000004c8       __real@41d2837e31c00000    00000001800154c8     wheel1_sfun.obj
 0002:000004d0       __real@41dae8177cc00000    00000001800154d0     wheel1_sfun.obj
 0002:000004d8       __real@41dc74e34cc00000    00000001800154d8     wheel1_sfun.obj
 0002:000004e0       __real@41df4fdc4a400000    00000001800154e0     wheel1_sfun.obj
 0002:000004e8       __real@41e4b5ed34400000    00000001800154e8     wheel1_sfun.obj
 0002:000004f0       __real@41e695dff8600000    00000001800154f0     wheel1_sfun.obj
 0002:000004f8       __real@41eda5398c800000    00000001800154f8     wheel1_sfun.obj
 0002:00000500       __real@41edcf5b43c00000    0000000180015500     wheel1_sfun.obj
 0002:00000508       __real@41eeae0d11800000    0000000180015508     wheel1_sfun.obj
 0002:00000510       __real@0000000000000000    0000000180015510     c2_wheel1.obj
 0002:00000518       __real@3ff0000000000000    0000000180015518     c2_wheel1.obj
 0002:00000520       __real@4000000000000000    0000000180015520     c2_wheel1.obj
 0002:00000528       __real@4008000000000000    0000000180015528     c2_wheel1.obj
 0002:00000530       __real@4010000000000000    0000000180015530     c2_wheel1.obj
 0002:00000538       __real@4024000000000000    0000000180015538     c2_wheel1.obj
 0002:00000540       __real@41b88ee905000000    0000000180015540     c2_wheel1.obj
 0002:00000548       __real@41cb07fe9c800000    0000000180015548     c2_wheel1.obj
 0002:00000550       __real@41dcc4143d000000    0000000180015550     c2_wheel1.obj
 0002:00000558       __real@41e6e7516d400000    0000000180015558     c2_wheel1.obj
 0002:00000560       __real@bff0000000000000    0000000180015560     c2_wheel1.obj
 0002:00000570       DYNAMIC_DIMENSION_DEF      0000000180015570     wheel1_sfun_registry.obj
 0002:00000590       _ssBadLevel2InputAccessMsg 0000000180015590     wheel1_sfun_registry.obj
 0002:00000720       _ssBadLevel2DirectFeedMsg  0000000180015720     wheel1_sfun_registry.obj
 0002:00000860       _ssBadLevel2DirectFeedSolutionMsg 0000000180015860     wheel1_sfun_registry.obj
 0002:000008d0       _ssBadLevel2ZeroDirectFeedMsg 00000001800158d0     wheel1_sfun_registry.obj
 0002:00000a10       _ssBadLevel2ZeroDirectFeedMsg2 0000000180015a10     wheel1_sfun_registry.obj
 0002:00000af8       __real@41602cbca0000000    0000000180015af8     wheel1_sfun_registry.obj
 0002:00000b10       _pDefaultRawDllMain        0000000180015b10     MSVCRT:crtdll.obj
 0002:00000b10       _pRawDllMain               0000000180015b10     MSVCRT:crtdll.obj
 0002:00000b18       ?ProcessDetach@NativeDll@<CrtImplementationDetails>@@0IB 0000000180015b18     MSVCRT:initsect.obj
 0002:00000b1c       ?ProcessAttach@NativeDll@<CrtImplementationDetails>@@0IB 0000000180015b1c     MSVCRT:initsect.obj
 0002:00000b20       ?ThreadAttach@NativeDll@<CrtImplementationDetails>@@0IB 0000000180015b20     MSVCRT:initsect.obj
 0002:00000b24       ?ThreadDetach@NativeDll@<CrtImplementationDetails>@@0IB 0000000180015b24     MSVCRT:initsect.obj
 0002:00000b28       ?ProcessVerifier@NativeDll@<CrtImplementationDetails>@@0IB 0000000180015b28     MSVCRT:initsect.obj
 0002:00000b2c       ?value@?$integral_constant@_N$0A@@std@@2_NB 0000000180015b2c     MSVCRT:tncleanup.obj
 0002:00000b2d       ?value@?$integral_constant@_N$00@std@@2_NB 0000000180015b2d     MSVCRT:tncleanup.obj
 0002:00000b30       ?value@?$_Sizeof@U_Nil@std@@U12@U12@U12@U12@U12@U12@U12@@std@@2_KB 0000000180015b30     MSVCRT:tncleanup.obj
 0002:00000b40       _load_config_used          0000000180015b40     MSVCRT:loadcfg.obj
 0002:00000bb0       __rtc_iaa                  0000000180015bb0     MSVCRT:initsect.obj
 0002:00000bb8       __rtc_izz                  0000000180015bb8     MSVCRT:initsect.obj
 0002:00000bc0       __rtc_taa                  0000000180015bc0     MSVCRT:initsect.obj
 0002:00000bc8       __rtc_tzz                  0000000180015bc8     MSVCRT:initsect.obj
 0002:000012fc       __IMPORT_DESCRIPTOR_sf_runtime 00000001800162fc     sf_runtime:sf_runtime.dll
 0002:00001310       __IMPORT_DESCRIPTOR_libmx  0000000180016310     libmx:libmx.dll
 0002:00001324       __IMPORT_DESCRIPTOR_libmex 0000000180016324     libmex:libmex.dll
 0002:00001338       __IMPORT_DESCRIPTOR_libut  0000000180016338     libut:libut.dll
 0002:0000134c       __IMPORT_DESCRIPTOR_libmwmathutil 000000018001634c     libmwmathutil:libmwmathutil.dll
 0002:00001360       __IMPORT_DESCRIPTOR_MSVCR110 0000000180016360     MSVCRT:MSVCR110.dll
 0002:00001374       __IMPORT_DESCRIPTOR_KERNEL32 0000000180016374     kernel32:KERNEL32.dll
 0002:00001388       __NULL_IMPORT_DESCRIPTOR   0000000180016388     sf_runtime:sf_runtime.dll
 0003:00002da0       DYNAMIC_DIMENSION          000000018001ada0     wheel1_sfun_registry.obj
 0003:000039e0       __security_cookie          000000018001b9e0     MSVCRT:gs_cookie.obj
 0003:000039e8       __security_cookie_complement 000000018001b9e8     MSVCRT:gs_cookie.obj
 0003:000039f0       _fltused                   000000018001b9f0     MSVCRT:dllsupp.obj
 0003:000039f4       __native_dllmain_reason    000000018001b9f4     MSVCRT:natstart.obj
 0003:00003a38       sfGlobalDebugInstanceStruct 000000018001ba38     wheel1_sfun_registry.obj
 0003:00004088       ?__type_info_root_node@@3U__type_info_node@@A 000000018001c088     MSVCRT:tncleanup.obj
 0003:00004098       _wheel1MachineNumber_      000000018001c098     <common>
 0003:000040a0       __native_startup_lock      000000018001c0a0     <common>
 0003:000040a8       __native_startup_state     000000018001c0a8     <common>
 0003:000040b0       __onexitend                000000018001c0b0     <common>
 0003:000040b8       __onexitbegin              000000018001c0b8     <common>
 0003:000040c0       __dyn_tls_init_callback    000000018001c0c0     <common>

 entry point at        0001:00012fd4

 Static symbols

 0000:00000000       .debug$S                   0000000180000000     kernel32:KERNEL32.dll
 0000:00000000       .debug$S                   0000000180000000     kernel32:KERNEL32.dll
 0000:00000000       .debug$S                   0000000180000000     kernel32:KERNEL32.dll
 0000:00000000       .debug$S                   0000000180000000     kernel32:KERNEL32.dll
 0000:00000000       .debug$S                   0000000180000000     kernel32:KERNEL32.dll
 0000:00000000       .debug$S                   0000000180000000     kernel32:KERNEL32.dll
 0000:00000000       .debug$S                   0000000180000000     kernel32:KERNEL32.dll
 0000:00000000       .debug$S                   0000000180000000     kernel32:KERNEL32.dll
 0000:00000000       .debug$S                   0000000180000000     kernel32:KERNEL32.dll
 0000:00000000       .debug$S                   0000000180000000     sf_runtime:sf_runtime.dll
 0000:00000000       .debug$S                   0000000180000000     MSVCRT:MSVCR110.dll
 0000:00000000       .debug$S                   0000000180000000     MSVCRT:MSVCR110.dll
 0000:00000000       .debug$S                   0000000180000000     MSVCRT:MSVCR110.dll
 0000:00000000       .debug$S                   0000000180000000     MSVCRT:MSVCR110.dll
 0000:00000000       .debug$S                   0000000180000000     MSVCRT:MSVCR110.dll
 0000:00000000       .debug$S                   0000000180000000     MSVCRT:MSVCR110.dll
 0000:00000000       .debug$S                   0000000180000000     MSVCRT:MSVCR110.dll
 0000:00000000       .debug$S                   0000000180000000     MSVCRT:MSVCR110.dll
 0000:00000000       .debug$S                   0000000180000000     MSVCRT:MSVCR110.dll
 0000:00000000       .debug$S                   0000000180000000     MSVCRT:MSVCR110.dll
 0000:00000000       .debug$S                   0000000180000000     MSVCRT:MSVCR110.dll
 0000:00000000       .debug$S                   0000000180000000     MSVCRT:MSVCR110.dll
 0000:00000000       .debug$S                   0000000180000000     MSVCRT:MSVCR110.dll
 0000:00000000       .debug$S                   0000000180000000     MSVCRT:MSVCR110.dll
 0000:00000000       .debug$S                   0000000180000000     MSVCRT:MSVCR110.dll
 0000:00000000       .debug$S                   0000000180000000     MSVCRT:MSVCR110.dll
 0000:00000000       .debug$S                   0000000180000000     MSVCRT:MSVCR110.dll
 0000:00000000       .debug$S                   0000000180000000     MSVCRT:MSVCR110.dll
 0000:00000000       .debug$S                   0000000180000000     MSVCRT:MSVCR110.dll
 0000:00000000       .debug$S                   0000000180000000     MSVCRT:MSVCR110.dll
 0000:00000000       .debug$S                   0000000180000000     MSVCRT:MSVCR110.dll
 0000:00000000       .debug$S                   0000000180000000     MSVCRT:MSVCR110.dll
 0000:00000000       .debug$S                   0000000180000000     MSVCRT:MSVCR110.dll
 0000:00000000       .debug$S                   0000000180000000     MSVCRT:MSVCR110.dll
 0000:00000000       .debug$S                   0000000180000000     MSVCRT:MSVCR110.dll
 0000:00000000       .debug$S                   0000000180000000     sf_runtime:sf_runtime.dll
 0000:00000000       .debug$S                   0000000180000000     sf_runtime:sf_runtime.dll
 0000:00000000       .debug$S                   0000000180000000     sf_runtime:sf_runtime.dll
 0000:00000000       .debug$S                   0000000180000000     sf_runtime:sf_runtime.dll
 0000:00000000       .debug$S                   0000000180000000     sf_runtime:sf_runtime.dll
 0000:00000000       .debug$S                   0000000180000000     sf_runtime:sf_runtime.dll
 0000:00000000       .debug$S                   0000000180000000     sf_runtime:sf_runtime.dll
 0000:00000000       .debug$S                   0000000180000000     sf_runtime:sf_runtime.dll
 0000:00000000       .debug$S                   0000000180000000     sf_runtime:sf_runtime.dll
 0000:00000000       .debug$S                   0000000180000000     sf_runtime:sf_runtime.dll
 0000:00000000       .debug$S                   0000000180000000     sf_runtime:sf_runtime.dll
 0000:00000000       .debug$S                   0000000180000000     sf_runtime:sf_runtime.dll
 0000:00000000       .debug$S                   0000000180000000     sf_runtime:sf_runtime.dll
 0000:00000000       .debug$S                   0000000180000000     sf_runtime:sf_runtime.dll
 0000:00000000       .debug$S                   0000000180000000     sf_runtime:sf_runtime.dll
 0000:00000000       .debug$S                   0000000180000000     sf_runtime:sf_runtime.dll
 0000:00000000       .debug$S                   0000000180000000     sf_runtime:sf_runtime.dll
 0000:00000000       .debug$S                   0000000180000000     sf_runtime:sf_runtime.dll
 0000:00000000       .debug$S                   0000000180000000     sf_runtime:sf_runtime.dll
 0000:00000000       .debug$S                   0000000180000000     sf_runtime:sf_runtime.dll
 0000:00000000       .debug$S                   0000000180000000     sf_runtime:sf_runtime.dll
 0000:00000000       .debug$S                   0000000180000000     sf_runtime:sf_runtime.dll
 0000:00000000       .debug$S                   0000000180000000     sf_runtime:sf_runtime.dll
 0000:00000000       .debug$S                   0000000180000000     sf_runtime:sf_runtime.dll
 0000:00000000       .debug$S                   0000000180000000     sf_runtime:sf_runtime.dll
 0000:00000000       .debug$S                   0000000180000000     sf_runtime:sf_runtime.dll
 0000:00000000       .debug$S                   0000000180000000     sf_runtime:sf_runtime.dll
 0000:00000000       .debug$S                   0000000180000000     sf_runtime:sf_runtime.dll
 0000:00000000       .debug$S                   0000000180000000     sf_runtime:sf_runtime.dll
 0000:00000000       .debug$S                   0000000180000000     sf_runtime:sf_runtime.dll
 0000:00000000       .debug$S                   0000000180000000     sf_runtime:sf_runtime.dll
 0000:00000000       .debug$S                   0000000180000000     sf_runtime:sf_runtime.dll
 0000:00000000       .debug$S                   0000000180000000     sf_runtime:sf_runtime.dll
 0000:00000000       .debug$S                   0000000180000000     sf_runtime:sf_runtime.dll
 0000:00000000       .debug$S                   0000000180000000     sf_runtime:sf_runtime.dll
 0000:00000000       .debug$S                   0000000180000000     sf_runtime:sf_runtime.dll
 0000:00000000       .debug$S                   0000000180000000     libmwmathutil:libmwmathutil.dll
 0000:00000000       .debug$S                   0000000180000000     libmwmathutil:libmwmathutil.dll
 0000:00000000       .debug$S                   0000000180000000     sf_runtime:sf_runtime.dll
 0000:00000000       .debug$S                   0000000180000000     libut:libut.dll
 0000:00000000       .debug$S                   0000000180000000     libut:libut.dll
 0000:00000000       .debug$S                   0000000180000000     sf_runtime:sf_runtime.dll
 0000:00000000       .debug$S                   0000000180000000     libmex:libmex.dll
 0000:00000000       .debug$S                   0000000180000000     libmex:libmex.dll
 0000:00000000       .debug$S                   0000000180000000     libmex:libmex.dll
 0000:00000000       .debug$S                   0000000180000000     libmex:libmex.dll
 0000:00000000       .debug$S                   0000000180000000     libmex:libmex.dll
 0000:00000000       .debug$S                   0000000180000000     libmex:libmex.dll
 0000:00000000       .debug$S                   0000000180000000     libmex:libmex.dll
 0000:00000000       .debug$S                   0000000180000000     sf_runtime:sf_runtime.dll
 0000:00000000       .debug$S                   0000000180000000     libmx:libmx.dll
 0000:00000000       .debug$S                   0000000180000000     libmx:libmx.dll
 0000:00000000       .debug$S                   0000000180000000     libmx:libmx.dll
 0000:00000000       .debug$S                   0000000180000000     libmx:libmx.dll
 0000:00000000       .debug$S                   0000000180000000     libmx:libmx.dll
 0000:00000000       .debug$S                   0000000180000000     libmx:libmx.dll
 0000:00000000       .debug$S                   0000000180000000     libmx:libmx.dll
 0000:00000000       .debug$S                   0000000180000000     libmx:libmx.dll
 0000:00000000       .debug$S                   0000000180000000     libmx:libmx.dll
 0000:00000000       .debug$S                   0000000180000000     libmx:libmx.dll
 0000:00000000       .debug$S                   0000000180000000     sf_runtime:sf_runtime.dll
 0000:00000000       .debug$S                   0000000180000000     sf_runtime:sf_runtime.dll
 0000:00000000       .debug$S                   0000000180000000     sf_runtime:sf_runtime.dll
 0000:00000000       .debug$S                   0000000180000000     sf_runtime:sf_runtime.dll
 0000:00000000       .debug$S                   0000000180000000     sf_runtime:sf_runtime.dll
 0000:00000000       .debug$S                   0000000180000000     sf_runtime:sf_runtime.dll
 0000:00000000       .debug$S                   0000000180000000     sf_runtime:sf_runtime.dll
 0000:00000000       .debug$S                   0000000180000000     sf_runtime:sf_runtime.dll
 0000:00000000       .debug$S                   0000000180000000     sf_runtime:sf_runtime.dll
 0000:00000000       .debug$S                   0000000180000000     sf_runtime:sf_runtime.dll
 0000:00000000       .debug$S                   0000000180000000     sf_runtime:sf_runtime.dll
 0000:00000000       .debug$S                   0000000180000000     sf_runtime:sf_runtime.dll
 0000:00000000       .debug$S                   0000000180000000     sf_runtime:sf_runtime.dll
 0000:00000000       .debug$S                   0000000180000000     sf_runtime:sf_runtime.dll
 0000:00000000       .debug$S                   0000000180000000     sf_runtime:sf_runtime.dll
 0000:00000000       .debug$S                   0000000180000000     sf_runtime:sf_runtime.dll
 0000:00000000       .debug$S                   0000000180000000     sf_runtime:sf_runtime.dll
 0000:00000000       .debug$S                   0000000180000000     sf_runtime:sf_runtime.dll
 0000:00000000       .debug$S                   0000000180000000     sf_runtime:sf_runtime.dll
 0000:00000000       .debug$S                   0000000180000000     sf_runtime:sf_runtime.dll
 0000:00000000       .debug$S                   0000000180000000     sf_runtime:sf_runtime.dll
 0000:00000000       .debug$S                   0000000180000000     sf_runtime:sf_runtime.dll
 0000:00000000       .debug$S                   0000000180000000     sf_runtime:sf_runtime.dll
 0000:00000000       .debug$S                   0000000180000000     sf_runtime:sf_runtime.dll
 0000:00000000       .debug$S                   0000000180000000     sf_runtime:sf_runtime.dll
 0000:00000000       .debug$S                   0000000180000000     sf_runtime:sf_runtime.dll
 0000:00000000       .debug$S                   0000000180000000     sf_runtime:sf_runtime.dll
 0000:00000000       .debug$S                   0000000180000000     sf_runtime:sf_runtime.dll
 0000:00000000       .debug$S                   0000000180000000     sf_runtime:sf_runtime.dll
 0000:00000000       .debug$S                   0000000180000000     libmx:libmx.dll
 0000:00000000       .debug$S                   0000000180000000     libmx:libmx.dll
 0000:00000000       .debug$S                   0000000180000000     libmx:libmx.dll
 0000:00000000       .debug$S                   0000000180000000     libmx:libmx.dll
 0000:00000000       .debug$S                   0000000180000000     libmx:libmx.dll
 0000:00000000       .debug$S                   0000000180000000     libmx:libmx.dll
 0000:00000000       .debug$S                   0000000180000000     libmx:libmx.dll
 0000:00000000       .debug$S                   0000000180000000     libmx:libmx.dll
 0000:00000000       .debug$S                   0000000180000000     libmx:libmx.dll
 0001:000010b0       initialize_c2_wheel1       00000001800020b0 f   c2_wheel1.obj
 0001:00001100       initialize_params_c2_wheel1 0000000180002100 f   c2_wheel1.obj
 0001:00001110       enable_c2_wheel1           0000000180002110 f   c2_wheel1.obj
 0001:00001140       disable_c2_wheel1          0000000180002140 f   c2_wheel1.obj
 0001:00001170       c2_update_debugger_state_c2_wheel1 0000000180002170 f   c2_wheel1.obj
 0001:00001180       get_sim_state_c2_wheel1    0000000180002180 f   c2_wheel1.obj
 0001:000014a0       set_sim_state_c2_wheel1    00000001800024a0 f   c2_wheel1.obj
 0001:00001630       finalize_c2_wheel1         0000000180002630 f   c2_wheel1.obj
 0001:00001640       sf_gateway_c2_wheel1       0000000180002640 f   c2_wheel1.obj
 0001:00001a30       c2_chartstep_c2_wheel1     0000000180002a30 f   c2_wheel1.obj
 0001:00003570       initSimStructsc2_wheel1    0000000180004570 f   c2_wheel1.obj
 0001:00003580       init_script_number_translation 0000000180004580 f   c2_wheel1.obj
 0001:000035a0       c2_sf_marshallOut          00000001800045a0 f   c2_wheel1.obj
 0001:00003650       c2_emlrt_marshallIn        0000000180004650 f   c2_wheel1.obj
 0001:000036c0       c2_b_emlrt_marshallIn      00000001800046c0 f   c2_wheel1.obj
 0001:00003750       c2_sf_marshallIn           0000000180004750 f   c2_wheel1.obj
 0001:000037f0       c2_b_sf_marshallOut        00000001800047f0 f   c2_wheel1.obj
 0001:00003910       c2_c_sf_marshallOut        0000000180004910 f   c2_wheel1.obj
 0001:00003af0       c2_d_sf_marshallOut        0000000180004af0 f   c2_wheel1.obj
 0001:00003d20       c2_c_emlrt_marshallIn      0000000180004d20 f   c2_wheel1.obj
 0001:00003f00       c2_b_sf_marshallIn         0000000180004f00 f   c2_wheel1.obj
 0001:00004060       c2_e_sf_marshallOut        0000000180005060 f   c2_wheel1.obj
 0001:000042b0       c2_d_emlrt_marshallIn      00000001800052b0 f   c2_wheel1.obj
 0001:000044c0       c2_c_sf_marshallIn         00000001800054c0 f   c2_wheel1.obj
 0001:00004640       c2_f_sf_marshallOut        0000000180005640 f   c2_wheel1.obj
 0001:00004790       c2_e_emlrt_marshallIn      0000000180005790 f   c2_wheel1.obj
 0001:00004890       c2_d_sf_marshallIn         0000000180005890 f   c2_wheel1.obj
 0001:00004990       c2_g_sf_marshallOut        0000000180005990 f   c2_wheel1.obj
 0001:00004af0       c2_f_emlrt_marshallIn      0000000180005af0 f   c2_wheel1.obj
 0001:00004c30       c2_e_sf_marshallIn         0000000180005c30 f   c2_wheel1.obj
 0001:00004d30       c2_info_helper             0000000180005d30 f   c2_wheel1.obj
 0001:000087a0       c2_emlrt_marshallOut       00000001800097a0 f   c2_wheel1.obj
 0001:00008830       c2_b_emlrt_marshallOut     0000000180009830 f   c2_wheel1.obj
 0001:000088a0       c2_polyder                 00000001800098a0 f   c2_wheel1.obj
 0001:00008f70       c2_isfinite                0000000180009f70 f   c2_wheel1.obj
 0001:00009040       c2_polyval                 000000018000a040 f   c2_wheel1.obj
 0001:00009280       c2_trim_leading_zeros      000000018000a280 f   c2_wheel1.obj
 0001:00009950       c2_h_emlrt_marshallIn      000000018000a950 f   c2_wheel1.obj
 0001:000099b0       c2_i_emlrt_marshallIn      000000018000a9b0 f   c2_wheel1.obj
 0001:00009a40       init_dsm_address_info      000000018000aa40 f   c2_wheel1.obj
 0001:0000a410       sf_get_sim_state_info_c2_wheel1 000000018000b410 f   c2_wheel1.obj
 0001:0000a4e0       chart_debug_initialization 000000018000b4e0 f   c2_wheel1.obj
 0001:0000b280       sf_get_instance_specialization 000000018000c280 f   c2_wheel1.obj
 0001:0000b290       sf_opaque_initialize_c2_wheel1 000000018000c290 f   c2_wheel1.obj
 0001:0000b2d0       sf_opaque_enable_c2_wheel1 000000018000c2d0 f   c2_wheel1.obj
 0001:0000b2f0       sf_opaque_disable_c2_wheel1 000000018000c2f0 f   c2_wheel1.obj
 0001:0000b310       sf_opaque_gateway_c2_wheel1 000000018000c310 f   c2_wheel1.obj
 0001:0000b5f0       sf_opaque_get_sim_state_c2_wheel1 000000018000c5f0 f   c2_wheel1.obj
 0001:0000b610       sf_opaque_set_sim_state_c2_wheel1 000000018000c610 f   c2_wheel1.obj
 0001:0000b640       sf_opaque_terminate_c2_wheel1 000000018000c640 f   c2_wheel1.obj
 0001:0000b6e0       sf_opaque_init_subchart_simstructs 000000018000c6e0 f   c2_wheel1.obj
 0001:0000b700       mdlProcessParameters_c2_wheel1 000000018000c700 f   c2_wheel1.obj
 0001:0000b7e0       mdlSetWorkWidths_c2_wheel1 000000018000c7e0 f   c2_wheel1.obj
 0001:0000bd60       mdlRTW_c2_wheel1           000000018000cd60 f   c2_wheel1.obj
 0001:0000bda0       mdlStart_c2_wheel1         000000018000cda0 f   c2_wheel1.obj
 0001:0000d0b4       $LN107                     000000018000e0b4     wheel1_sfun_registry.obj
 0001:0000e3e4       $LN17                      000000018000f3e4     wheel1_sfun_registry.obj
 0001:0000e96c       $LN26                      000000018000f96c     wheel1_sfun_registry.obj
 0001:0000f054       $LN23                      0000000180010054     wheel1_sfun_registry.obj
 0001:0000f630       $LN26                      0000000180010630     wheel1_sfun_registry.obj
 0001:00010f60       sf_debug_api_wrapper       0000000180011f60 f   wheel1_sfun_registry.obj
 0001:00010fb0       ProcessMexSfunctionCmdLineCall 0000000180011fb0 f   wheel1_sfun_registry.obj
 0001:00011270       getChartInfoFromSimStruct  0000000180012270 f   wheel1_sfun_registry.obj
 0001:00011330       mdlSetWorkWidths           0000000180012330 f   wheel1_sfun_registry.obj
 0001:00011360       mdlProcessParameters       0000000180012360 f   wheel1_sfun_registry.obj
 0001:00011390       mdl_start_processing       0000000180012390 f   wheel1_sfun_registry.obj
 0001:00011420       mdl_terminate_processing   0000000180012420 f   wheel1_sfun_registry.obj
 0001:000114a0       mdlStart                   00000001800124a0 f   wheel1_sfun_registry.obj
 0001:000114d0       mdlTerminate               00000001800124d0 f   wheel1_sfun_registry.obj
 0001:00011500       mdlInitializeSizes         0000000180012500 f   wheel1_sfun_registry.obj
 0001:00011530       mdlInitializeSampleTimes   0000000180012530 f   wheel1_sfun_registry.obj
 0001:00011560       mdl_outputs_continuous_legacy 0000000180012560 f   wheel1_sfun_registry.obj
 0001:00011660       mdl_outputs_processing     0000000180012660 f   wheel1_sfun_registry.obj
 0001:00011760       mdl_zeroCrossings_processing 0000000180012760 f   wheel1_sfun_registry.obj
 0001:000117a0       mdlZeroCrossings           00000001800127a0 f   wheel1_sfun_registry.obj
 0001:000117d0       mdl_derivatives_processing 00000001800127d0 f   wheel1_sfun_registry.obj
 0001:00011820       mdlDerivatives             0000000180012820 f   wheel1_sfun_registry.obj
 0001:00011850       mdl_initialize_conditions_processing 0000000180012850 f   wheel1_sfun_registry.obj
 0001:000118a0       mdlInitializeConditions    00000001800128a0 f   wheel1_sfun_registry.obj
 0001:000118d0       mdl_ext_mode_exec_processing 00000001800128d0 f   wheel1_sfun_registry.obj
 0001:00011910       mdlExtModeExec             0000000180012910 f   wheel1_sfun_registry.obj
 0001:00011940       mdlRTW                     0000000180012940 f   wheel1_sfun_registry.obj
 0001:00011980       mdl_enable_processing      0000000180012980 f   wheel1_sfun_registry.obj
 0001:000119c0       mdlEnable                  00000001800129c0 f   wheel1_sfun_registry.obj
 0001:000119f0       mdl_disable_processing     00000001800129f0 f   wheel1_sfun_registry.obj
 0001:00011a30       mdlDisable                 0000000180012a30 f   wheel1_sfun_registry.obj
 0001:00011a60       mdlOutputs                 0000000180012a60 f   wheel1_sfun_registry.obj
 0001:00011c30       mdlGetTimeOfNextVarHit     0000000180012c30 f   wheel1_sfun_registry.obj
 0001:00011c80       _RegNumInputPortsCB        0000000180012c80 f   wheel1_sfun_registry.obj
 0001:00011d00       _RegNumOutputPortsCB       0000000180012d00 f   wheel1_sfun_registry.obj
 0001:00011d80       _CreateSimStruct           0000000180012d80 f   wheel1_sfun_registry.obj
 0001:00011f10       _ssFatalError              0000000180012f10 f   wheel1_sfun_registry.obj
 0001:00011fc0       _ProcessMexSfunctionCmdLineCall 0000000180012fc0 f   wheel1_sfun_registry.obj
 0001:00012cc0       $$000000                   0000000180013cc0     MSVCRT:amdsecgs.obj
 0001:00012d1c       pre_c_init                 0000000180013d1c f   MSVCRT:crtdll.obj
 0001:00013014       __DllMainCRTStartup        0000000180014014 f   MSVCRT:crtdll.obj
 0001:00013530       __DllMainCRTStartup$filt$0 0000000180014530 f   MSVCRT:crtdll.obj
 0001:00013555       __DllMainCRTStartup$fin$1  0000000180014555 f   MSVCRT:crtdll.obj
 0001:00013570       _IsNonwritableInCurrentImage$filt$0 0000000180014570 f   MSVCRT:pesect.obj
 0001:00013590       _onexit$fin$0              0000000180014590 f   MSVCRT:atonexit.obj
 0002:00000478       pcinit                     0000000180015478     MSVCRT:crtdll.obj
 0002:00000480       pinit                      0000000180015480     MSVCRT:atonexit.obj
 0002:00000b00       GS_ExceptionPointers       0000000180015b00     MSVCRT:gs_report.obj
 0002:00000bd0       $unwind$load_wheel1_optimization_info 0000000180015bd0     wheel1_sfun.obj
 0002:00000bd8       $unwind$unload_wheel1_optimization_info 0000000180015bd8     wheel1_sfun.obj
 0002:00000be0       $unwind$sf_wheel1_method_dispatcher 0000000180015be0     wheel1_sfun.obj
 0002:00000be8       $unwind$sf_wheel1_process_check_sum_call 0000000180015be8     wheel1_sfun.obj
 0002:00000bf8       $unwind$sf_wheel1_autoinheritance_info 0000000180015bf8     wheel1_sfun.obj
 0002:00000c08       $unwind$sf_wheel1_get_eml_resolved_functions_info 0000000180015c08     wheel1_sfun.obj
 0002:00000c18       $unwind$sf_wheel1_third_party_uses_info 0000000180015c18     wheel1_sfun.obj
 0002:00000c28       $unwind$sf_wheel1_updateBuildInfo_args_info 0000000180015c28     wheel1_sfun.obj
 0002:00000c38       $unwind$wheel1_debug_initialize 0000000180015c38     wheel1_sfun.obj
 0002:00000c40       $unwind$sf_c2_wheel1_get_eml_resolved_functions_info 0000000180015c40     c2_wheel1.obj
 0002:00000c48       $unwind$sf_c2_wheel1_get_check_sum 0000000180015c48     c2_wheel1.obj
 0002:00000c50       $unwind$c2_wheel1_method_dispatcher 0000000180015c50     c2_wheel1.obj
 0002:00000c58       $unwind$initialize_c2_wheel1 0000000180015c58     c2_wheel1.obj
 0002:00000c60       $unwind$enable_c2_wheel1   0000000180015c60     c2_wheel1.obj
 0002:00000c68       $unwind$disable_c2_wheel1  0000000180015c68     c2_wheel1.obj
 0002:00000c70       $unwind$get_sim_state_c2_wheel1 0000000180015c70     c2_wheel1.obj
 0002:00000c78       $unwind$set_sim_state_c2_wheel1 0000000180015c78     c2_wheel1.obj
 0002:00000c80       $unwind$sf_gateway_c2_wheel1 0000000180015c80     c2_wheel1.obj
 0002:00000c88       $unwind$c2_chartstep_c2_wheel1 0000000180015c88     c2_wheel1.obj
 0002:00000c98       $unwind$c2_sf_marshallOut  0000000180015c98     c2_wheel1.obj
 0002:00000ca0       $unwind$c2_emlrt_marshallIn 0000000180015ca0     c2_wheel1.obj
 0002:00000ca8       $unwind$c2_b_emlrt_marshallIn 0000000180015ca8     c2_wheel1.obj
 0002:00000cb0       $unwind$c2_sf_marshallIn   0000000180015cb0     c2_wheel1.obj
 0002:00000cb8       $unwind$c2_b_sf_marshallOut 0000000180015cb8     c2_wheel1.obj
 0002:00000cc0       $unwind$c2_c_sf_marshallOut 0000000180015cc0     c2_wheel1.obj
 0002:00000cd0       $unwind$c2_d_sf_marshallOut 0000000180015cd0     c2_wheel1.obj
 0002:00000cd8       $unwind$c2_c_emlrt_marshallIn 0000000180015cd8     c2_wheel1.obj
 0002:00000ce0       $unwind$c2_b_sf_marshallIn 0000000180015ce0     c2_wheel1.obj
 0002:00000ce8       $unwind$c2_e_sf_marshallOut 0000000180015ce8     c2_wheel1.obj
 0002:00000cf8       $unwind$c2_d_emlrt_marshallIn 0000000180015cf8     c2_wheel1.obj
 0002:00000d08       $unwind$c2_c_sf_marshallIn 0000000180015d08     c2_wheel1.obj
 0002:00000d18       $unwind$c2_f_sf_marshallOut 0000000180015d18     c2_wheel1.obj
 0002:00000d28       $unwind$c2_e_emlrt_marshallIn 0000000180015d28     c2_wheel1.obj
 0002:00000d38       $unwind$c2_d_sf_marshallIn 0000000180015d38     c2_wheel1.obj
 0002:00000d48       $unwind$c2_g_sf_marshallOut 0000000180015d48     c2_wheel1.obj
 0002:00000d50       $unwind$c2_f_emlrt_marshallIn 0000000180015d50     c2_wheel1.obj
 0002:00000d58       $unwind$c2_e_sf_marshallIn 0000000180015d58     c2_wheel1.obj
 0002:00000d60       $unwind$c2_info_helper     0000000180015d60     c2_wheel1.obj
 0002:00000d68       $unwind$c2_emlrt_marshallOut 0000000180015d68     c2_wheel1.obj
 0002:00000d70       $unwind$c2_b_emlrt_marshallOut 0000000180015d70     c2_wheel1.obj
 0002:00000d78       $unwind$c2_polyder         0000000180015d78     c2_wheel1.obj
 0002:00000d88       $unwind$c2_isfinite        0000000180015d88     c2_wheel1.obj
 0002:00000d90       $unwind$c2_polyval         0000000180015d90     c2_wheel1.obj
 0002:00000d98       $unwind$c2_trim_leading_zeros 0000000180015d98     c2_wheel1.obj
 0002:00000da0       $unwind$c2_h_emlrt_marshallIn 0000000180015da0     c2_wheel1.obj
 0002:00000da8       $unwind$c2_i_emlrt_marshallIn 0000000180015da8     c2_wheel1.obj
 0002:00000db0       $unwind$sf_c2_wheel1_get_autoinheritance_info 0000000180015db0     c2_wheel1.obj
 0002:00000db8       $unwind$sf_c2_wheel1_third_party_uses_info 0000000180015db8     c2_wheel1.obj
 0002:00000dc0       $unwind$sf_c2_wheel1_updateBuildInfo_args_info 0000000180015dc0     c2_wheel1.obj
 0002:00000dc8       $unwind$sf_get_sim_state_info_c2_wheel1 0000000180015dc8     c2_wheel1.obj
 0002:00000dd0       $unwind$chart_debug_initialization 0000000180015dd0     c2_wheel1.obj
 0002:00000dd8       $unwind$sf_opaque_initialize_c2_wheel1 0000000180015dd8     c2_wheel1.obj
 0002:00000de0       $unwind$sf_opaque_enable_c2_wheel1 0000000180015de0     c2_wheel1.obj
 0002:00000de8       $unwind$sf_opaque_disable_c2_wheel1 0000000180015de8     c2_wheel1.obj
 0002:00000df0       $unwind$sf_opaque_gateway_c2_wheel1 0000000180015df0     c2_wheel1.obj
 0002:00000df8       $unwind$sf_internal_get_sim_state_c2_wheel1 0000000180015df8     c2_wheel1.obj
 0002:00000e00       $unwind$sf_internal_set_sim_state_c2_wheel1 0000000180015e00     c2_wheel1.obj
 0002:00000e08       $unwind$sf_opaque_get_sim_state_c2_wheel1 0000000180015e08     c2_wheel1.obj
 0002:00000e10       $unwind$sf_opaque_set_sim_state_c2_wheel1 0000000180015e10     c2_wheel1.obj
 0002:00000e18       $unwind$sf_opaque_terminate_c2_wheel1 0000000180015e18     c2_wheel1.obj
 0002:00000e20       $unwind$sf_opaque_init_subchart_simstructs 0000000180015e20     c2_wheel1.obj
 0002:00000e28       $unwind$mdlProcessParameters_c2_wheel1 0000000180015e28     c2_wheel1.obj
 0002:00000e30       $unwind$mdlSetWorkWidths_c2_wheel1 0000000180015e30     c2_wheel1.obj
 0002:00000e38       $unwind$mdlRTW_c2_wheel1   0000000180015e38     c2_wheel1.obj
 0002:00000e40       $unwind$mdlStart_c2_wheel1 0000000180015e40     c2_wheel1.obj
 0002:00000e48       $unwind$mexFunction        0000000180015e48     wheel1_sfun_registry.obj
 0002:00000e50       $unwind$_ssSetInputPortDirectFeedThroughFcn 0000000180015e50     wheel1_sfun_registry.obj
 0002:00000e58       $unwind$_ssGetInputPortSignalPtrsFcn 0000000180015e58     wheel1_sfun_registry.obj
 0002:00000e60       $unwind$_ssGetInputPortSignalFcn 0000000180015e60     wheel1_sfun_registry.obj
 0002:00000e68       $unwind$_ssSetInputPortReusableFcn 0000000180015e68     wheel1_sfun_registry.obj
 0002:00000e78       $unwind$_ssSetOutputPortReusableFcn 0000000180015e78     wheel1_sfun_registry.obj
 0002:00000e88       $unwind$ssGetIsZeroCrossControlDisabled 0000000180015e88     wheel1_sfun_registry.obj
 0002:00000e90       $unwind$ssSetIsInputPortUsedForContZcSignal 0000000180015e90     wheel1_sfun_registry.obj
 0002:00000e98       $unwind$ssSetZcSignalIsZcElementDisc 0000000180015e98     wheel1_sfun_registry.obj
 0002:00000ea8       $unwind$ssSetZcSignalName  0000000180015ea8     wheel1_sfun_registry.obj
 0002:00000eb0       $unwind$ssSetZcSignalWidth 0000000180015eb0     wheel1_sfun_registry.obj
 0002:00000eb8       $unwind$ssSetZcSignalZcEventType 0000000180015eb8     wheel1_sfun_registry.obj
 0002:00000ec0       $unwind$ssSetZcSignalType  0000000180015ec0     wheel1_sfun_registry.obj
 0002:00000ec8       $unwind$ssSetZcSignalZcTol 0000000180015ec8     wheel1_sfun_registry.obj
 0002:00000ed0       $unwind$ssSetZcSignalNeedsEventNotification 0000000180015ed0     wheel1_sfun_registry.obj
 0002:00000ed8       $unwind$ssCreateAndAddZcSignalInfo 0000000180015ed8     wheel1_sfun_registry.obj
 0002:00000ee0       $unwind$ssCloneAndAddZcSignalInfo 0000000180015ee0     wheel1_sfun_registry.obj
 0002:00000ee8       $unwind$ssGetNumZcSignals  0000000180015ee8     wheel1_sfun_registry.obj
 0002:00000ef0       $unwind$ssGetZcSignalVector 0000000180015ef0     wheel1_sfun_registry.obj
 0002:00000ef8       $unwind$ssGetZcSignalName  0000000180015ef8     wheel1_sfun_registry.obj
 0002:00000f00       $unwind$ssGetZcSignalWidth 0000000180015f00     wheel1_sfun_registry.obj
 0002:00000f08       $unwind$ssGetZcSignalZcEventType 0000000180015f08     wheel1_sfun_registry.obj
 0002:00000f10       $unwind$ssGetZcSignalZcEvents 0000000180015f10     wheel1_sfun_registry.obj
 0002:00000f18       $unwind$ssGetZcSignalType  0000000180015f18     wheel1_sfun_registry.obj
 0002:00000f20       $unwind$ssGetZcSignalZcTol 0000000180015f20     wheel1_sfun_registry.obj
 0002:00000f28       $unwind$ssGetZcSignalNeedsEventNotification 0000000180015f28     wheel1_sfun_registry.obj
 0002:00000f30       $unwind$ssGetZcSignalIsZcElementDisc 0000000180015f30     wheel1_sfun_registry.obj
 0002:00000f40       $unwind$ssGetIsInputPortElementContinuous 0000000180015f40     wheel1_sfun_registry.obj
 0002:00000f50       $unwind$ssGetDTypeIdFromMxArray 0000000180015f50     wheel1_sfun_registry.obj
 0002:00000f58       $unwind$ssWriteRTWStr      0000000180015f58     wheel1_sfun_registry.obj
 0002:00000f60       $unwind$ssWriteRTWNameValuePair 0000000180015f60     wheel1_sfun_registry.obj
 0002:00000f68       $unwind$ssWriteRTWParamSettings 0000000180015f68     wheel1_sfun_registry.obj
 0002:00000f70       $unwind$ssWriteRTWParameters 0000000180015f70     wheel1_sfun_registry.obj
 0002:00000f78       $unwind$ssWriteRTWWorkVect 0000000180015f78     wheel1_sfun_registry.obj
 0002:00000f8c       $unwind$ssWriteRTWMxVectParam 0000000180015f8c     wheel1_sfun_registry.obj
 0002:00000f94       $unwind$ssWriteRTWMx2dMatParam 0000000180015f94     wheel1_sfun_registry.obj
 0002:00000f9c       $unwind$_ssSetInputPortMatrixDimensions 0000000180015f9c     wheel1_sfun_registry.obj
 0002:00000fa8       $unwind$_ssSetOutputPortMatrixDimensions 0000000180015fa8     wheel1_sfun_registry.obj
 0002:00000fb4       $unwind$_ssSetInputPortVectorDimension 0000000180015fb4     wheel1_sfun_registry.obj
 0002:00000fc0       $unwind$_ssSetOutputPortVectorDimension 0000000180015fc0     wheel1_sfun_registry.obj
 0002:00000fcc       $unwind$ssIsRunTimeParamTunable 0000000180015fcc     wheel1_sfun_registry.obj
 0002:00000fd4       $unwind$ssGetSFuncBlockHandle 0000000180015fd4     wheel1_sfun_registry.obj
 0002:00000fdc       $unwind$_ssGetCurrentInputPortWidth 0000000180015fdc     wheel1_sfun_registry.obj
 0002:00000fe4       $unwind$_ssGetCurrentOutputPortWidth 0000000180015fe4     wheel1_sfun_registry.obj
 0002:00000fec       $unwind$_ssGetCallSystemNumFcnCallDestinations 0000000180015fec     wheel1_sfun_registry.obj
 0002:00000ff4       $unwind$ssWarning          0000000180015ff4     wheel1_sfun_registry.obj
 0002:00001008       $unwind$_ssGetAbsTol       0000000180016008     wheel1_sfun_registry.obj
 0002:00001010       $unwind$sf_process_check_sum_call 0000000180016010     wheel1_sfun_registry.obj
 0002:00001018       $unwind$sf_process_autoinheritance_call 0000000180016018     wheel1_sfun_registry.obj
 0002:00001028       $unwind$sf_process_get_third_party_uses_info_call 0000000180016028     wheel1_sfun_registry.obj
 0002:00001038       $unwind$sf_process_get_updateBuildInfo_args_info_call 0000000180016038     wheel1_sfun_registry.obj
 0002:00001048       $unwind$sf_process_get_eml_resolved_functions_info_call 0000000180016048     wheel1_sfun_registry.obj
 0002:00001058       $unwind$sf_mex_unlock_call 0000000180016058     wheel1_sfun_registry.obj
 0002:00001068       $unwind$sf_debug_api_wrapper 0000000180016068     wheel1_sfun_registry.obj
 0002:00001070       $unwind$ProcessMexSfunctionCmdLineCall 0000000180016070     wheel1_sfun_registry.obj
 0002:00001078       $unwind$sf_machine_global_initializer_called 0000000180016078     wheel1_sfun_registry.obj
 0002:00001080       $unwind$sf_machine_global_method_dispatcher 0000000180016080     wheel1_sfun_registry.obj
 0002:00001088       $unwind$sf_machine_global_terminator 0000000180016088     wheel1_sfun_registry.obj
 0002:00001090       $unwind$sf_register_machine_exported_symbols 0000000180016090     wheel1_sfun_registry.obj
 0002:00001098       $unwind$sf_machine_global_initializer 0000000180016098     wheel1_sfun_registry.obj
 0002:000010a0       $unwind$getChartInfoFromSimStruct 00000001800160a0     wheel1_sfun_registry.obj
 0002:000010a8       $unwind$mdlGetSimState     00000001800160a8     wheel1_sfun_registry.obj
 0002:000010b0       $unwind$mdlSetSimState     00000001800160b0     wheel1_sfun_registry.obj
 0002:000010b8       $unwind$mdlSetWorkWidths   00000001800160b8     wheel1_sfun_registry.obj
 0002:000010c0       $unwind$mdlProcessParameters 00000001800160c0     wheel1_sfun_registry.obj
 0002:000010c8       $unwind$mdl_start_processing 00000001800160c8     wheel1_sfun_registry.obj
 0002:000010d0       $unwind$mdl_terminate_processing 00000001800160d0     wheel1_sfun_registry.obj
 0002:000010d8       $unwind$mdlStart           00000001800160d8     wheel1_sfun_registry.obj
 0002:000010e0       $unwind$mdlTerminate       00000001800160e0     wheel1_sfun_registry.obj
 0002:000010e8       $unwind$mdlInitializeSizes 00000001800160e8     wheel1_sfun_registry.obj
 0002:000010f0       $unwind$mdlInitializeSampleTimes 00000001800160f0     wheel1_sfun_registry.obj
 0002:000010f8       $unwind$mdl_outputs_continuous_legacy 00000001800160f8     wheel1_sfun_registry.obj
 0002:00001100       $unwind$mdl_outputs_processing 0000000180016100     wheel1_sfun_registry.obj
 0002:00001108       $unwind$mdl_zeroCrossings_processing 0000000180016108     wheel1_sfun_registry.obj
 0002:00001110       $unwind$mdlZeroCrossings   0000000180016110     wheel1_sfun_registry.obj
 0002:00001118       $unwind$mdl_derivatives_processing 0000000180016118     wheel1_sfun_registry.obj
 0002:00001120       $unwind$mdlDerivatives     0000000180016120     wheel1_sfun_registry.obj
 0002:00001128       $unwind$mdl_initialize_conditions_processing 0000000180016128     wheel1_sfun_registry.obj
 0002:00001130       $unwind$mdlInitializeConditions 0000000180016130     wheel1_sfun_registry.obj
 0002:00001138       $unwind$mdl_ext_mode_exec_processing 0000000180016138     wheel1_sfun_registry.obj
 0002:00001140       $unwind$mdlExtModeExec     0000000180016140     wheel1_sfun_registry.obj
 0002:00001148       $unwind$mdlRTW             0000000180016148     wheel1_sfun_registry.obj
 0002:00001150       $unwind$mdl_enable_processing 0000000180016150     wheel1_sfun_registry.obj
 0002:00001158       $unwind$mdlEnable          0000000180016158     wheel1_sfun_registry.obj
 0002:00001160       $unwind$mdl_disable_processing 0000000180016160     wheel1_sfun_registry.obj
 0002:00001168       $unwind$mdlDisable         0000000180016168     wheel1_sfun_registry.obj
[...]
 0003:00003a0c       $SG18503                   000000018001ba0c     c2_wheel1.obj
 0003:00003a0d       $SG18504                   000000018001ba0d     c2_wheel1.obj
 0003:00003a0e       $SG18511                   000000018001ba0e     c2_wheel1.obj
 0003:00003a0f       $SG18550                   000000018001ba0f     c2_wheel1.obj
 0003:00003a10       $SG18562                   000000018001ba10     c2_wheel1.obj
 0003:00003a11       $SG18624                   000000018001ba11     c2_wheel1.obj
 0003:00003a12       $SG18637                   000000018001ba12     c2_wheel1.obj
 0003:00003a13       $SG18641                   000000018001ba13     c2_wheel1.obj
 0003:00003a14       $SG18661                   000000018001ba14     c2_wheel1.obj
 0003:00003a15       $SG18662                   000000018001ba15     c2_wheel1.obj
 0003:00003a16       $SG17830                   000000018001ba16     c2_wheel1.obj
 0003:00003a17       $SG17860                   000000018001ba17     c2_wheel1.obj
 0003:00003a18       $SG17932                   000000018001ba18     c2_wheel1.obj
 0003:00003a19       $SG17980                   000000018001ba19     c2_wheel1.obj
 0003:00003a1a       $SG18046                   000000018001ba1a     c2_wheel1.obj
 0003:00003a1b       $SG18070                   000000018001ba1b     c2_wheel1.obj
 0003:00003a1c       $SG18142                   000000018001ba1c     c2_wheel1.obj
 0003:00003a1d       $SG18196                   000000018001ba1d     c2_wheel1.obj
 0003:00003a1e       $SG17188                   000000018001ba1e     c2_wheel1.obj
 0003:00003a1f       $SG18220                   000000018001ba1f     c2_wheel1.obj
 0003:00003a20       $SG17254                   000000018001ba20     c2_wheel1.obj
 0003:00003a21       $SG17260                   000000018001ba21     c2_wheel1.obj
 0003:00003a22       $SG17269                   000000018001ba22     c2_wheel1.obj
 0003:00003a23       $SG17275                   000000018001ba23     c2_wheel1.obj
 0003:00003a28       _sfTime_                   000000018001ba28     c2_wheel1.obj
 0003:00003a30       sfGlobalMdlStartCallCounts 000000018001ba30     wheel1_sfun_registry.obj
 0003:00003a34       $SG15946                   000000018001ba34     wheel1_sfun_registry.obj
 0003:00003a40       ?errmsg@?N@??ssWriteRTWWorkVect@@9@9 000000018001ba40     wheel1_sfun_registry.obj
 0003:00003b10       GS_ExceptionRecord         000000018001bb10     MSVCRT:gs_report.obj
 0003:00003bb0       GS_ContextRecord           000000018001bbb0     MSVCRT:gs_report.obj
 0003:00004080       DebuggerWasPresent         000000018001c080     MSVCRT:gs_report.obj
 0003:00004084       __proc_attached            000000018001c084     MSVCRT:crtdll.obj
 0004:00000000       $pdata$load_wheel1_optimization_info 000000018001d000     wheel1_sfun.obj
 0004:0000000c       $pdata$unload_wheel1_optimization_info 000000018001d00c     wheel1_sfun.obj
 0004:00000018       $pdata$sf_wheel1_method_dispatcher 000000018001d018     wheel1_sfun.obj
 0004:00000024       $pdata$sf_wheel1_process_check_sum_call 000000018001d024     wheel1_sfun.obj
 0004:00000030       $pdata$sf_wheel1_autoinheritance_info 000000018001d030     wheel1_sfun.obj
 0004:0000003c       $pdata$sf_wheel1_get_eml_resolved_functions_info 000000018001d03c     wheel1_sfun.obj
 0004:00000048       $pdata$sf_wheel1_third_party_uses_info 000000018001d048     wheel1_sfun.obj
 0004:00000054       $pdata$sf_wheel1_updateBuildInfo_args_info 000000018001d054     wheel1_sfun.obj
 0004:00000060       $pdata$wheel1_debug_initialize 000000018001d060     wheel1_sfun.obj
 0004:0000006c       $pdata$sf_c2_wheel1_get_eml_resolved_functions_info 000000018001d06c     c2_wheel1.obj
 0004:00000078       $pdata$sf_c2_wheel1_get_check_sum 000000018001d078     c2_wheel1.obj
 0004:00000084       $pdata$c2_wheel1_method_dispatcher 000000018001d084     c2_wheel1.obj
 0004:00000090       $pdata$initialize_c2_wheel1 000000018001d090     c2_wheel1.obj
 0004:0000009c       $pdata$enable_c2_wheel1    000000018001d09c     c2_wheel1.obj
 0004:000000a8       $pdata$disable_c2_wheel1   000000018001d0a8     c2_wheel1.obj
 0004:000000b4       $pdata$get_sim_state_c2_wheel1 000000018001d0b4     c2_wheel1.obj
 0004:000000c0       $pdata$set_sim_state_c2_wheel1 000000018001d0c0     c2_wheel1.obj
 0004:000000cc       $pdata$sf_gateway_c2_wheel1 000000018001d0cc     c2_wheel1.obj
 0004:000000d8       $pdata$c2_chartstep_c2_wheel1 000000018001d0d8     c2_wheel1.obj
 0004:000000e4       $pdata$c2_sf_marshallOut   000000018001d0e4     c2_wheel1.obj
 0004:000000f0       $pdata$c2_emlrt_marshallIn 000000018001d0f0     c2_wheel1.obj
 0004:000000fc       $pdata$c2_b_emlrt_marshallIn 000000018001d0fc     c2_wheel1.obj
 0004:00000108       $pdata$c2_sf_marshallIn    000000018001d108     c2_wheel1.obj
 0004:00000114       $pdata$c2_b_sf_marshallOut 000000018001d114     c2_wheel1.obj
 0004:00000120       $pdata$c2_c_sf_marshallOut 000000018001d120     c2_wheel1.obj
 0004:0000012c       $pdata$c2_d_sf_marshallOut 000000018001d12c     c2_wheel1.obj
 0004:00000138       $pdata$c2_c_emlrt_marshallIn 000000018001d138     c2_wheel1.obj
 0004:00000144       $pdata$c2_b_sf_marshallIn  000000018001d144     c2_wheel1.obj
 0004:00000150       $pdata$c2_e_sf_marshallOut 000000018001d150     c2_wheel1.obj
 0004:0000015c       $pdata$c2_d_emlrt_marshallIn 000000018001d15c     c2_wheel1.obj
 0004:00000168       $pdata$c2_c_sf_marshallIn  000000018001d168     c2_wheel1.obj
 0004:00000174       $pdata$c2_f_sf_marshallOut 000000018001d174     c2_wheel1.obj
 0004:00000180       $pdata$c2_e_emlrt_marshallIn 000000018001d180     c2_wheel1.obj
 0004:0000018c       $pdata$c2_d_sf_marshallIn  000000018001d18c     c2_wheel1.obj
 0004:00000198       $pdata$c2_g_sf_marshallOut 000000018001d198     c2_wheel1.obj
 0004:000001a4       $pdata$c2_f_emlrt_marshallIn 000000018001d1a4     c2_wheel1.obj
 0004:000001b0       $pdata$c2_e_sf_marshallIn  000000018001d1b0     c2_wheel1.obj
 0004:000001bc       $pdata$c2_info_helper      000000018001d1bc     c2_wheel1.obj
 0004:000001c8       $pdata$c2_emlrt_marshallOut 000000018001d1c8     c2_wheel1.obj
 0004:000001d4       $pdata$c2_b_emlrt_marshallOut 000000018001d1d4     c2_wheel1.obj
 0004:000001e0       $pdata$c2_polyder          000000018001d1e0     c2_wheel1.obj
 0004:000001ec       $pdata$c2_isfinite         000000018001d1ec     c2_wheel1.obj
 0004:000001f8       $pdata$c2_polyval          000000018001d1f8     c2_wheel1.obj
 0004:00000204       $pdata$c2_trim_leading_zeros 000000018001d204     c2_wheel1.obj
 0004:00000210       $pdata$c2_h_emlrt_marshallIn 000000018001d210     c2_wheel1.obj
 0004:0000021c       $pdata$c2_i_emlrt_marshallIn 000000018001d21c     c2_wheel1.obj
 0004:00000228       $pdata$sf_c2_wheel1_get_autoinheritance_info 000000018001d228     c2_wheel1.obj
 0004:00000234       $pdata$sf_c2_wheel1_third_party_uses_info 000000018001d234     c2_wheel1.obj
 0004:00000240       $pdata$sf_c2_wheel1_updateBuildInfo_args_info 000000018001d240     c2_wheel1.obj
 0004:0000024c       $pdata$sf_get_sim_state_info_c2_wheel1 000000018001d24c     c2_wheel1.obj
 0004:00000258       $pdata$chart_debug_initialization 000000018001d258     c2_wheel1.obj
 0004:00000264       $pdata$sf_opaque_initialize_c2_wheel1 000000018001d264     c2_wheel1.obj
 0004:00000270       $pdata$sf_opaque_enable_c2_wheel1 000000018001d270     c2_wheel1.obj
 0004:0000027c       $pdata$sf_opaque_disable_c2_wheel1 000000018001d27c     c2_wheel1.obj
 0004:00000288       $pdata$sf_opaque_gateway_c2_wheel1 000000018001d288     c2_wheel1.obj
 0004:00000294       $pdata$sf_internal_get_sim_state_c2_wheel1 000000018001d294     c2_wheel1.obj
 0004:000002a0       $pdata$sf_internal_set_sim_state_c2_wheel1 000000018001d2a0     c2_wheel1.obj
 0004:000002ac       $pdata$sf_opaque_get_sim_state_c2_wheel1 000000018001d2ac     c2_wheel1.obj
 0004:000002b8       $pdata$sf_opaque_set_sim_state_c2_wheel1 000000018001d2b8     c2_wheel1.obj
 0004:000002c4       $pdata$sf_opaque_terminate_c2_wheel1 000000018001d2c4     c2_wheel1.obj
 0004:000002d0       $pdata$sf_opaque_init_subchart_simstructs 000000018001d2d0     c2_wheel1.obj
 0004:000002dc       $pdata$mdlProcessParameters_c2_wheel1 000000018001d2dc     c2_wheel1.obj
 0004:000002e8       $pdata$mdlSetWorkWidths_c2_wheel1 000000018001d2e8     c2_wheel1.obj
 0004:000002f4       $pdata$mdlRTW_c2_wheel1    000000018001d2f4     c2_wheel1.obj
 0004:00000300       $pdata$mdlStart_c2_wheel1  000000018001d300     c2_wheel1.obj
 0004:0000030c       $pdata$mexFunction         000000018001d30c     wheel1_sfun_registry.obj
 0004:00000318       $pdata$_ssSetInputPortDirectFeedThroughFcn 000000018001d318     wheel1_sfun_registry.obj
 0004:00000324       $pdata$_ssGetInputPortSignalPtrsFcn 000000018001d324     wheel1_sfun_registry.obj
 0004:00000330       $pdata$_ssGetInputPortSignalFcn 000000018001d330     wheel1_sfun_registry.obj
 0004:0000033c       $pdata$_ssSetInputPortReusableFcn 000000018001d33c     wheel1_sfun_registry.obj
 0004:00000348       $pdata$_ssSetOutputPortReusableFcn 000000018001d348     wheel1_sfun_registry.obj
 0004:00000354       $pdata$ssGetIsZeroCrossControlDisabled 000000018001d354     wheel1_sfun_registry.obj
 0004:00000360       $pdata$ssSetIsInputPortUsedForContZcSignal 000000018001d360     wheel1_sfun_registry.obj
 0004:0000036c       $pdata$ssSetZcSignalIsZcElementDisc 000000018001d36c     wheel1_sfun_registry.obj
 0004:00000378       $pdata$ssSetZcSignalName   000000018001d378     wheel1_sfun_registry.obj
 0004:00000384       $pdata$ssSetZcSignalWidth  000000018001d384     wheel1_sfun_registry.obj
 0004:00000390       $pdata$ssSetZcSignalZcEventType 000000018001d390     wheel1_sfun_registry.obj
 0004:0000039c       $pdata$ssSetZcSignalType   000000018001d39c     wheel1_sfun_registry.obj
 0004:000003a8       $pdata$ssSetZcSignalZcTol  000000018001d3a8     wheel1_sfun_registry.obj
 0004:000003b4       $pdata$ssSetZcSignalNeedsEventNotification 000000018001d3b4     wheel1_sfun_registry.obj
 0004:000003c0       $pdata$ssCreateAndAddZcSignalInfo 000000018001d3c0     wheel1_sfun_registry.obj
 0004:000003cc       $pdata$ssCloneAndAddZcSignalInfo 000000018001d3cc     wheel1_sfun_registry.obj
 0004:000003d8       $pdata$ssGetNumZcSignals   000000018001d3d8     wheel1_sfun_registry.obj
 0004:000003e4       $pdata$ssGetZcSignalVector 000000018001d3e4     wheel1_sfun_registry.obj
 0004:000003f0       $pdata$ssGetZcSignalName   000000018001d3f0     wheel1_sfun_registry.obj
 0004:000003fc       $pdata$ssGetZcSignalWidth  000000018001d3fc     wheel1_sfun_registry.obj
 0004:00000408       $pdata$ssGetZcSignalZcEventType 000000018001d408     wheel1_sfun_registry.obj
 0004:00000414       $pdata$ssGetZcSignalZcEvents 000000018001d414     wheel1_sfun_registry.obj
 0004:00000420       $pdata$ssGetZcSignalType   000000018001d420     wheel1_sfun_registry.obj
 0004:0000042c       $pdata$ssGetZcSignalZcTol  000000018001d42c     wheel1_sfun_registry.obj
 0004:00000438       $pdata$ssGetZcSignalNeedsEventNotification 000000018001d438     wheel1_sfun_registry.obj
 0004:00000444       $pdata$ssGetZcSignalIsZcElementDisc 000000018001d444     wheel1_sfun_registry.obj
 0004:00000450       $pdata$ssGetIsInputPortElementContinuous 000000018001d450     wheel1_sfun_registry.obj
 0004:0000045c       $pdata$ssGetDTypeIdFromMxArray 000000018001d45c     wheel1_sfun_registry.obj
 0004:00000468       $pdata$ssWriteRTWStr       000000018001d468     wheel1_sfun_registry.obj
 0004:00000474       $pdata$ssWriteRTWNameValuePair 000000018001d474     wheel1_sfun_registry.obj
 0004:00000480       $pdata$ssWriteRTWParamSettings 000000018001d480     wheel1_sfun_registry.obj
 0004:0000048c       $pdata$ssWriteRTWParameters 000000018001d48c     wheel1_sfun_registry.obj
 0004:00000498       $pdata$ssWriteRTWWorkVect  000000018001d498     wheel1_sfun_registry.obj
 0004:000004a4       $pdata$ssWriteRTWMxVectParam 000000018001d4a4     wheel1_sfun_registry.obj
 0004:000004b0       $pdata$ssWriteRTWMx2dMatParam 000000018001d4b0     wheel1_sfun_registry.obj
 0004:000004bc       $pdata$_ssSetInputPortMatrixDimensions 000000018001d4bc     wheel1_sfun_registry.obj
 0004:000004c8       $pdata$_ssSetOutputPortMatrixDimensions 000000018001d4c8     wheel1_sfun_registry.obj
 0004:000004d4       $pdata$_ssSetInputPortVectorDimension 000000018001d4d4     wheel1_sfun_registry.obj
 0004:000004e0       $pdata$_ssSetOutputPortVectorDimension 000000018001d4e0     wheel1_sfun_registry.obj
 0004:000004ec       $pdata$ssIsRunTimeParamTunable 000000018001d4ec     wheel1_sfun_registry.obj
 0004:000004f8       $pdata$ssGetSFuncBlockHandle 000000018001d4f8     wheel1_sfun_registry.obj
 0004:00000504       $pdata$_ssGetCurrentInputPortWidth 000000018001d504     wheel1_sfun_registry.obj
 0004:00000510       $pdata$_ssGetCurrentOutputPortWidth 000000018001d510     wheel1_sfun_registry.obj
 0004:0000051c       $pdata$_ssGetCallSystemNumFcnCallDestinations 000000018001d51c     wheel1_sfun_registry.obj
 0004:00000528       $pdata$ssWarning           000000018001d528     wheel1_sfun_registry.obj
 0004:00000534       $pdata$_ssGetAbsTol        000000018001d534     wheel1_sfun_registry.obj
 0004:00000540       $pdata$sf_process_check_sum_call 000000018001d540     wheel1_sfun_registry.obj
 0004:0000054c       $pdata$sf_process_autoinheritance_call 000000018001d54c     wheel1_sfun_registry.obj
 0004:00000558       $pdata$sf_process_get_third_party_uses_info_call 000000018001d558     wheel1_sfun_registry.obj
 0004:00000564       $pdata$sf_process_get_updateBuildInfo_args_info_call 000000018001d564     wheel1_sfun_registry.obj
 0004:00000570       $pdata$sf_process_get_eml_resolved_functions_info_call 000000018001d570     wheel1_sfun_registry.obj
 0004:0000057c       $pdata$sf_mex_unlock_call  000000018001d57c     wheel1_sfun_registry.obj
 0004:00000588       $pdata$sf_debug_api_wrapper 000000018001d588     wheel1_sfun_registry.obj
 0004:00000594       $pdata$ProcessMexSfunctionCmdLineCall 000000018001d594     wheel1_sfun_registry.obj
 0004:000005a0       $pdata$sf_machine_global_initializer_called 000000018001d5a0     wheel1_sfun_registry.obj
 0004:000005ac       $pdata$sf_machine_global_method_dispatcher 000000018001d5ac     wheel1_sfun_registry.obj
 0004:000005b8       $pdata$sf_machine_global_terminator 000000018001d5b8     wheel1_sfun_registry.obj
 0004:000005c4       $pdata$sf_register_machine_exported_symbols 000000018001d5c4     wheel1_sfun_registry.obj
 0004:000005d0       $pdata$sf_machine_global_initializer 000000018001d5d0     wheel1_sfun_registry.obj
 0004:000005dc       $pdata$getChartInfoFromSimStruct 000000018001d5dc     wheel1_sfun_registry.obj
 0004:000005e8       $pdata$mdlGetSimState      000000018001d5e8     wheel1_sfun_registry.obj
 0004:000005f4       $pdata$mdlSetSimState      000000018001d5f4     wheel1_sfun_registry.obj
 0004:00000600       $pdata$mdlSetWorkWidths    000000018001d600     wheel1_sfun_registry.obj
 0004:0000060c       $pdata$mdlProcessParameters 000000018001d60c     wheel1_sfun_registry.obj
 0004:00000618       $pdata$mdl_start_processing 000000018001d618     wheel1_sfun_registry.obj
 0004:00000624       $pdata$mdl_terminate_processing 000000018001d624     wheel1_sfun_registry.obj
 0004:00000630       $pdata$mdlStart            000000018001d630     wheel1_sfun_registry.obj
 0004:0000063c       $pdata$mdlTerminate        000000018001d63c     wheel1_sfun_registry.obj
 0004:00000648       $pdata$mdlInitializeSizes  000000018001d648     wheel1_sfun_registry.obj
 0004:00000654       $pdata$mdlInitializeSampleTimes 000000018001d654     wheel1_sfun_registry.obj
 0004:00000660       $pdata$mdl_outputs_continuous_legacy 000000018001d660     wheel1_sfun_registry.obj
 0004:0000066c       $pdata$mdl_outputs_processing 000000018001d66c     wheel1_sfun_registry.obj
 0004:00000678       $pdata$mdl_zeroCrossings_processing 000000018001d678     wheel1_sfun_registry.obj
 0004:00000684       $pdata$mdlZeroCrossings    000000018001d684     wheel1_sfun_registry.obj
 0004:00000690       $pdata$mdl_derivatives_processing 000000018001d690     wheel1_sfun_registry.obj
 0004:0000069c       $pdata$mdlDerivatives      000000018001d69c     wheel1_sfun_registry.obj
 0004:000006a8       $pdata$mdl_initialize_conditions_processing 000000018001d6a8     wheel1_sfun_registry.obj
 0004:000006b4       $pdata$mdlInitializeConditions 000000018001d6b4     wheel1_sfun_registry.obj
 0004:000006c0       $pdata$mdl_ext_mode_exec_processing 000000018001d6c0     wheel1_sfun_registry.obj
 0004:000006cc       $pdata$mdlExtModeExec      000000018001d6cc     wheel1_sfun_registry.obj
 0004:000006d8       $pdata$mdlRTW              000000018001d6d8     wheel1_sfun_registry.obj
 0004:000006e4       $pdata$mdl_enable_processing 000000018001d6e4     wheel1_sfun_registry.obj
 0004:000006f0       $pdata$mdlEnable           000000018001d6f0     wheel1_sfun_registry.obj
 0004:000006fc       $pdata$mdl_disable_processing 000000018001d6fc     wheel1_sfun_registry.obj
 0004:00000708       $pdata$mdlDisable          000000018001d708     wheel1_sfun_registry.obj
 0004:00000714       $pdata$mdlOutputs          000000018001d714     wheel1_sfun_registry.obj
 0004:00000720       $pdata$ProcessMexSfunctionEveryCall 000000018001d720     wheel1_sfun_registry.obj
 0004:0000072c       $pdata$_RegNumInputPortsCB 000000018001d72c     wheel1_sfun_registry.obj
 0004:00000738       $pdata$_RegNumOutputPortsCB 000000018001d738     wheel1_sfun_registry.obj
 0004:00000744       $pdata$_CreateSimStruct    000000018001d744     wheel1_sfun_registry.obj
 0004:00000750       $pdata$_ssFatalError       000000018001d750     wheel1_sfun_registry.obj
 0004:0000075c       $pdata$_ProcessMexSfunctionCmdLineCall 000000018001d75c     wheel1_sfun_registry.obj
 0004:00000768       $pdata$__raise_securityfailure 000000018001d768     MSVCRT:gs_report.obj
 0004:00000774       $pdata$__report_gsfailure  000000018001d774     MSVCRT:gs_report.obj
 0004:00000780       $pdata$__report_rangecheckfailure 000000018001d780     MSVCRT:gs_report.obj
 0004:0000078c       $pdata$__report_securityfailure 000000018001d78c     MSVCRT:gs_report.obj
 0004:00000798       $pdata$__report_securityfailureEx 000000018001d798     MSVCRT:gs_report.obj
 0004:000007a4       $pdata$__GSHandlerCheck    000000018001d7a4     MSVCRT:gshandler.obj
 0004:000007b0       $pdata$__GSHandlerCheckCommon 000000018001d7b0     MSVCRT:gshandler.obj
 0004:000007c8       $pdata$pre_c_init          000000018001d7c8     MSVCRT:crtdll.obj
 0004:000007d4       $pdata$_CRT_INIT           000000018001d7d4     MSVCRT:crtdll.obj
 0004:000007e0       $pdata$_DllMainCRTStartup  000000018001d7e0     MSVCRT:crtdll.obj
 0004:000007ec       $pdata$__DllMainCRTStartup 000000018001d7ec     MSVCRT:crtdll.obj
 0004:000007f8       $pdata$_IsNonwritableInCurrentImage 000000018001d7f8     MSVCRT:pesect.obj
 0004:00000804       $pdata$__atonexitinit      000000018001d804     MSVCRT:atonexit.obj
 0004:00000810       $pdata$_onexit             000000018001d810     MSVCRT:atonexit.obj
 0004:0000081c       $pdata$atexit              000000018001d81c     MSVCRT:atonexit.obj
 0004:00000828       $pdata$__security_init_cookie 000000018001d828     MSVCRT:gs_support.obj
 0004:00000834       $pdata$DllMain             000000018001d834     MSVCRT:dllmain.obj
 0004:00000840       $pdata$_RTC_Initialize     000000018001d840     MSVCRT:initsect.obj
 0004:0000084c       $pdata$_RTC_Terminate      000000018001d84c     MSVCRT:initsect.obj
 0004:00000858       $pdata$__DllMainCRTStartup$filt$0 000000018001d858     MSVCRT:crtdll.obj
 0004:00000864       $pdata$__DllMainCRTStartup$fin$1 000000018001d864     MSVCRT:crtdll.obj
 0004:00000870       $pdata$_IsNonwritableInCurrentImage$filt$0 000000018001d870     MSVCRT:pesect.obj
 0004:0000087c       $pdata$_onexit$fin$0       000000018001d87c     MSVCRT:atonexit.obj
