 wheel1_sfun

 Timestamp is 555bd761 (Tue May 19 19:37:53 2015)

 Preferred load address is 0000000180000000

 Start         Length     Name                   Class
 0001:00000000 00012e2eH .text                   CODE
 0001:00012e30 0000007bH .text$x                 CODE
 0002:00000000 00000458H .idata$5                DATA
 0002:00000458 00000008H .CRT$XCA                DATA
 0002:00000460 00000008H .CRT$XCZ                DATA
 0002:00000468 00000008H .CRT$XIA                DATA
 0002:00000470 00000008H .CRT$XIAA               DATA
 0002:00000478 00000008H .CRT$XIC                DATA
 0002:00000480 00000008H .CRT$XIZ                DATA
 0002:00000490 00000720H .rdata                  DATA
 0002:00000bb0 00000008H .rtc$IAA                DATA
 0002:00000bb8 00000008H .rtc$IZZ                DATA
 0002:00000bc0 00000008H .rtc$TAA                DATA
 0002:00000bc8 00000008H .rtc$TZZ                DATA
 0002:00000bd0 0000071cH .xdata                  DATA
 0002:000012ec 0000008cH .idata$2                DATA
 0002:00001378 00000014H .idata$3                DATA
 0002:00001390 00000458H .idata$4                DATA
 0002:000017e8 00000c38H .idata$6                DATA
 0002:00002420 00000051H .edata                  DATA
 0003:00000000 00003528H .data                   DATA
 0003:00003530 000006c8H .bss                    DATA
 0004:00000000 0000087cH .pdata                  DATA

  Address         Publics by Value              Rva+Base               Lib:Object

 0000:00000000       ___safe_se_handler_count   0000000000000000     <absolute>
 0000:00000000       ___safe_se_handler_table   0000000000000000     <absolute>
 0000:00000000       __ImageBase                0000000180000000     <linker-defined>
 0001:00000000       wheel1_initializer         0000000180001000 f   wheel1_sfun.obj
 0001:00000010       wheel1_terminator          0000000180001010 f   wheel1_sfun.obj
 0001:00000020       load_wheel1_optimization_info 0000000180001020 f   wheel1_sfun.obj
 0001:00000070       unload_wheel1_optimization_info 0000000180001070 f   wheel1_sfun.obj
 0001:000000a0       sf_wheel1_method_dispatcher 00000001800010a0 f   wheel1_sfun.obj
 0001:000000f0       sf_wheel1_process_check_sum_call 00000001800010f0 f   wheel1_sfun.obj
 0001:00000770       sf_wheel1_autoinheritance_info 0000000180001770 f   wheel1_sfun.obj
 0001:00000950       sf_wheel1_get_eml_resolved_functions_info 0000000180001950 f   wheel1_sfun.obj
 0001:00000ad0       sf_wheel1_third_party_uses_info 0000000180001ad0 f   wheel1_sfun.obj
 0001:00000ca0       sf_wheel1_updateBuildInfo_args_info 0000000180001ca0 f   wheel1_sfun.obj
 0001:00000e70       wheel1_debug_initialize    0000000180001e70 f   wheel1_sfun.obj
 0001:00000ef0       wheel1_register_exported_symbols 0000000180001ef0 f   wheel1_sfun.obj
 0001:00000f00       sf_c2_wheel1_get_eml_resolved_functions_info 0000000180001f00 f   c2_wheel1.obj
 0001:00000f70       sf_c2_wheel1_get_check_sum 0000000180001f70 f   c2_wheel1.obj
 0001:00001040       c2_wheel1_method_dispatcher 0000000180002040 f   c2_wheel1.obj
 0001:00009320       sf_c2_wheel1_get_autoinheritance_info 000000018000a320 f   c2_wheel1.obj
 0001:00009c80       sf_c2_wheel1_third_party_uses_info 000000018000ac80 f   c2_wheel1.obj
 0001:00009cb0       sf_c2_wheel1_updateBuildInfo_args_info 000000018000acb0 f   c2_wheel1.obj
 0001:0000ac30       sf_internal_get_sim_state_c2_wheel1 000000018000bc30 f   c2_wheel1.obj
 0001:0000ad90       sf_internal_set_sim_state_c2_wheel1 000000018000bd90 f   c2_wheel1.obj
 0001:0000b8d0       mexFunction                000000018000c8d0 f   wheel1_sfun_registry.obj
 0001:0000ca70       _ssSetInputPortDirectFeedThroughFcn 000000018000da70 f   wheel1_sfun_registry.obj
 0001:0000cbd0       _ssGetInputPortSignalPtrsFcn 000000018000dbd0 f   wheel1_sfun_registry.obj
 0001:0000cdf0       _ssGetInputPortSignalFcn   000000018000ddf0 f   wheel1_sfun_registry.obj
 0001:0000d010       _ssSetInputPortReusableFcn 000000018000e010 f   wheel1_sfun_registry.obj
 0001:0000d0f0       _ssSetOutputPortReusableFcn 000000018000e0f0 f   wheel1_sfun_registry.obj
 0001:0000d1d0       ssGetIsZeroCrossControlDisabled 000000018000e1d0 f   wheel1_sfun_registry.obj
 0001:0000d240       ssSetIsInputPortUsedForContZcSignal 000000018000e240 f   wheel1_sfun_registry.obj
 0001:0000d2b0       ssSetZcSignalIsZcElementDisc 000000018000e2b0 f   wheel1_sfun_registry.obj
 0001:0000d360       ssSetZcSignalName          000000018000e360 f   wheel1_sfun_registry.obj
 0001:0000d3d0       ssSetZcSignalWidth         000000018000e3d0 f   wheel1_sfun_registry.obj
 0001:0000d440       ssSetZcSignalZcEventType   000000018000e440 f   wheel1_sfun_registry.obj
 0001:0000d4b0       ssSetZcSignalType          000000018000e4b0 f   wheel1_sfun_registry.obj
 0001:0000d520       ssSetZcSignalZcTol         000000018000e520 f   wheel1_sfun_registry.obj
 0001:0000d590       ssSetZcSignalNeedsEventNotification 000000018000e590 f   wheel1_sfun_registry.obj
 0001:0000d600       ssCreateAndAddZcSignalInfo 000000018000e600 f   wheel1_sfun_registry.obj
 0001:0000d670       ssCloneAndAddZcSignalInfo  000000018000e670 f   wheel1_sfun_registry.obj
 0001:0000d6e0       ssGetNumZcSignals          000000018000e6e0 f   wheel1_sfun_registry.obj
 0001:0000d750       ssGetZcSignalVector        000000018000e750 f   wheel1_sfun_registry.obj
 0001:0000d7c0       ssGetZcSignalName          000000018000e7c0 f   wheel1_sfun_registry.obj
 0001:0000d830       ssGetZcSignalWidth         000000018000e830 f   wheel1_sfun_registry.obj
 0001:0000d8a0       ssGetZcSignalZcEventType   000000018000e8a0 f   wheel1_sfun_registry.obj
 0001:0000d910       ssGetZcSignalZcEvents      000000018000e910 f   wheel1_sfun_registry.obj
 0001:0000d980       ssGetZcSignalType          000000018000e980 f   wheel1_sfun_registry.obj
 0001:0000d9f0       ssGetZcSignalZcTol         000000018000e9f0 f   wheel1_sfun_registry.obj
 0001:0000da70       ssGetZcSignalNeedsEventNotification 000000018000ea70 f   wheel1_sfun_registry.obj
 0001:0000dae0       ssGetZcSignalIsZcElementDisc 000000018000eae0 f   wheel1_sfun_registry.obj
 0001:0000db80       ssGetIsInputPortElementContinuous 000000018000eb80 f   wheel1_sfun_registry.obj
 0001:0000dc20       ssGetDTypeIdFromMxArray    000000018000ec20 f   wheel1_sfun_registry.obj
 0001:0000dd40       ssWriteRTWStr              000000018000ed40 f   wheel1_sfun_registry.obj
 0001:0000dda0       ssWriteRTWNameValuePair    000000018000eda0 f   wheel1_sfun_registry.obj
 0001:0000e2a0       ssWriteRTWParamSettings    000000018000f2a0 f   wheel1_sfun_registry.obj
 0001:0000e990       ssWriteRTWParameters       000000018000f990 f   wheel1_sfun_registry.obj
 0001:0000ef60       ssWriteRTWWorkVect         000000018000ff60 f   wheel1_sfun_registry.obj
 0001:0000f450       ssWriteRTWMxVectParam      0000000180010450 f   wheel1_sfun_registry.obj
 0001:0000f4d0       ssWriteRTWMx2dMatParam     00000001800104d0 f   wheel1_sfun_registry.obj
 0001:0000f560       _ssSetInputPortMatrixDimensions 0000000180010560 f   wheel1_sfun_registry.obj
 0001:0000f660       _ssSetOutputPortMatrixDimensions 0000000180010660 f   wheel1_sfun_registry.obj
 0001:0000f760       _ssSetInputPortVectorDimension 0000000180010760 f   wheel1_sfun_registry.obj
 0001:0000f810       _ssSetOutputPortVectorDimension 0000000180010810 f   wheel1_sfun_registry.obj
 0001:0000f8c0       ssIsRunTimeParamTunable    00000001800108c0 f   wheel1_sfun_registry.obj
 0001:0000f930       ssGetSFuncBlockHandle      0000000180010930 f   wheel1_sfun_registry.obj
 0001:0000f9a0       _ssGetCurrentInputPortWidth 00000001800109a0 f   wheel1_sfun_registry.obj
 0001:0000fac0       _ssGetCurrentOutputPortWidth 0000000180010ac0 f   wheel1_sfun_registry.obj
 0001:0000fbe0       _ssGetCallSystemNumFcnCallDestinations 0000000180010be0 f   wheel1_sfun_registry.obj
 0001:0000fc50       ssWarning                  0000000180010c50 f   wheel1_sfun_registry.obj
 0001:0000fd40       _ssGetAbsTol               0000000180010d40 f   wheel1_sfun_registry.obj
 0001:0000fdb0       _ssSetStateAbsTol          0000000180010db0 f   wheel1_sfun_registry.obj
 0001:0000fe90       sf_process_check_sum_call  0000000180010e90 f   wheel1_sfun_registry.obj
 0001:0000fee0       sf_process_autoinheritance_call 0000000180010ee0 f   wheel1_sfun_registry.obj
 0001:00010110       sf_process_get_third_party_uses_info_call 0000000180011110 f   wheel1_sfun_registry.obj
 0001:00010340       sf_process_get_updateBuildInfo_args_info_call 0000000180011340 f   wheel1_sfun_registry.obj
 0001:00010570       sf_process_get_eml_resolved_functions_info_call 0000000180011570 f   wheel1_sfun_registry.obj
 0001:00010770       sf_mex_unlock_call         0000000180011770 f   wheel1_sfun_registry.obj
 0001:000109e0       sf_machine_global_initializer_called 00000001800119e0 f   wheel1_sfun_registry.obj
 0001:00010a10       sf_machine_global_method_dispatcher 0000000180011a10 f   wheel1_sfun_registry.obj
 0001:00010a70       sf_machine_global_terminator 0000000180011a70 f   wheel1_sfun_registry.obj
 0001:00010ac0       sf_register_machine_exported_symbols 0000000180011ac0 f   wheel1_sfun_registry.obj
 0001:00010ae0       callCustomFcn              0000000180011ae0 f   wheel1_sfun_registry.obj
 0001:00010af0       sf_machine_global_initializer 0000000180011af0 f   wheel1_sfun_registry.obj
 0001:00010bb0       mdlGetSimState             0000000180011bb0 f   wheel1_sfun_registry.obj
 0001:00010bf0       mdlSetSimState             0000000180011bf0 f   wheel1_sfun_registry.obj
 0001:00011390       ProcessMexSfunctionEveryCall 0000000180012390 f   wheel1_sfun_registry.obj
 0001:00012004       sf_load_rtw_optimization_info 0000000180013004 f   sf_runtime:sf_runtime.dll
 0001:0001200a       sf_debug_initialize_machine 000000018001300a f   sf_runtime:sf_runtime.dll
 0001:00012010       sf_debug_set_machine_event_thresholds 0000000180013010 f   sf_runtime:sf_runtime.dll
 0001:00012016       sf_debug_set_machine_data_thresholds 0000000180013016 f   sf_runtime:sf_runtime.dll
 0001:0001201c       sf_rtw_info_uint_prop      000000018001301c f   sf_runtime:sf_runtime.dll
 0001:00012022       sf_update_buildInfo        0000000180013022 f   sf_runtime:sf_runtime.dll
 0001:00012028       sf_is_chart_inlinable      0000000180013028 f   sf_runtime:sf_runtime.dll
 0001:0001202e       sf_mark_chart_reusable_outputs 000000018001302e f   sf_runtime:sf_runtime.dll
 0001:00012034       sf_mark_chart_expressionable_inputs 0000000180013034 f   sf_runtime:sf_runtime.dll
 0001:0001203a       sim_mode_is_rtw_gen        000000018001303a f   sf_runtime:sf_runtime.dll
 0001:00012040       sim_mode_is_external       0000000180013040 f   sf_runtime:sf_runtime.dll
 0001:00012046       sf_clear_rtw_identifier    0000000180013046 f   sf_runtime:sf_runtime.dll
 0001:0001204c       sf_set_rtw_dwork_info      000000018001304c f   sf_runtime:sf_runtime.dll
 0001:00012052       sf_get_time                0000000180013052 f   sf_runtime:sf_runtime.dll
 0001:00012058       sf_mex_call_matlab         0000000180013058 f   sf_runtime:sf_runtime.dll
 0001:0001205e       sf_mex_call_debug          000000018001305e f   sf_runtime:sf_runtime.dll
 0001:00012064       sf_mex_error_message       0000000180013064 f   sf_runtime:sf_runtime.dll
 0001:0001206a       sf_mex_addfield            000000018001306a f   sf_runtime:sf_runtime.dll
 0001:00012070       sf_mex_createstruct        0000000180013070 f   sf_runtime:sf_runtime.dll
 0001:00012076       sf_mex_create              0000000180013076 f   sf_runtime:sf_runtime.dll
 0001:0001207c       sf_mex_createcellmatrix    000000018001307c f   sf_runtime:sf_runtime.dll
 0001:00012082       sf_mex_setcell             0000000180013082 f   sf_runtime:sf_runtime.dll
 0001:00012088       sf_mex_getcell             0000000180013088 f   sf_runtime:sf_runtime.dll
 0001:0001208e       sf_mex_assign              000000018001308e f   sf_runtime:sf_runtime.dll
 0001:00012094       sf_mex_dup                 0000000180013094 f   sf_runtime:sf_runtime.dll
 0001:0001209a       sf_mex_destroy             000000018001309a f   sf_runtime:sf_runtime.dll
 0001:000120a0       sf_mex_import              00000001800130a0 f   sf_runtime:sf_runtime.dll
 0001:000120a6       sf_mex_import_vs           00000001800130a6 f   sf_runtime:sf_runtime.dll
 0001:000120ac       sf_mex_decode_encoded_mx_struct_array 00000001800130ac f   sf_runtime:sf_runtime.dll
 0001:000120b2       sf_mex_duplicatearraysafe  00000001800130b2 f   sf_runtime:sf_runtime.dll
 0001:000120b8       sf_mex_emlrtNameCapturePostProcessR2012a 00000001800130b8 f   sf_runtime:sf_runtime.dll
 0001:000120be       sf_debug_initialize_chart  00000001800130be f   sf_runtime:sf_runtime.dll
 0001:000120c4       sf_debug_call              00000001800130c4 f   sf_runtime:sf_runtime.dll
 0001:000120ca       eml_debug_line_call        00000001800130ca f   sf_runtime:sf_runtime.dll
 0001:000120d0       cv_eml_eval                00000001800130d0 f   sf_runtime:sf_runtime.dll
 0001:000120d6       cv_eml_init_script         00000001800130d6 f   sf_runtime:sf_runtime.dll
 0001:000120dc       cv_eml_init_fcn            00000001800130dc f   sf_runtime:sf_runtime.dll
 0001:000120e2       cv_eml_init_if             00000001800130e2 f   sf_runtime:sf_runtime.dll
 0001:000120e8       sf_debug_reset_current_state_configuration 00000001800130e8 f   sf_runtime:sf_runtime.dll
 0001:000120ee       sf_debug_check_for_state_inconsistency 00000001800130ee f   sf_runtime:sf_runtime.dll
 0001:000120f4       sf_debug_set_chart_data_props 00000001800130f4 f   sf_runtime:sf_runtime.dll
 0001:000120fa       sf_debug_set_chart_data_compiled_props 00000001800130fa f   sf_runtime:sf_runtime.dll
 0001:00012100       sf_debug_symbol_scope_push 0000000180013100 f   sf_runtime:sf_runtime.dll
 0001:00012106       sf_debug_symbol_scope_push_eml 0000000180013106 f   sf_runtime:sf_runtime.dll
 0001:0001210c       sf_debug_symbol_scope_pop  000000018001310c f   sf_runtime:sf_runtime.dll
 0001:00012112       sf_debug_symbol_scope_add_eml 0000000180013112 f   sf_runtime:sf_runtime.dll
 0001:00012118       sf_debug_symbol_scope_add_eml_importable 0000000180013118 f   sf_runtime:sf_runtime.dll
 0001:0001211e       sf_debug_symbol_scope_add_eml_dyn_importable 000000018001311e f   sf_runtime:sf_runtime.dll
 0001:00012124       sf_debug_symbol_switch     0000000180013124 f   sf_runtime:sf_runtime.dll
 0001:0001212a       sf_debug_set_instance_data_value_ptr 000000018001312a f   sf_runtime:sf_runtime.dll
 0001:00012130       sf_debug_set_chart_disable_implicit_casting 0000000180013130 f   sf_runtime:sf_runtime.dll
 0001:00012136       sf_debug_set_chart_event_thresholds 0000000180013136 f   sf_runtime:sf_runtime.dll
 0001:0001213c       sf_debug_set_chart_state_info 000000018001313c f   sf_runtime:sf_runtime.dll
 0001:00012142       sf_debug_set_chart_decomposition 0000000180013142 f   sf_runtime:sf_runtime.dll
 0001:00012148       sf_debug_set_chart_substate_count 0000000180013148 f   sf_runtime:sf_runtime.dll
 0001:0001214e       sf_debug_eml_data_array_bounds_error_check 000000018001314e f   sf_runtime:sf_runtime.dll
 0001:00012154       sf_debug_non_negative_check 0000000180013154 f   sf_runtime:sf_runtime.dll
 0001:0001215a       sf_debug_data_range_wrapper 000000018001315a f   sf_runtime:sf_runtime.dll
 0001:00012160       sf_debug_cv_init_trans     0000000180013160 f   sf_runtime:sf_runtime.dll
 0001:00012166       sf_debug_cv_init_chart     0000000180013166 f   sf_runtime:sf_runtime.dll
 0001:0001216c       sf_debug_cv_init_state     000000018001316c f   sf_runtime:sf_runtime.dll
 0001:00012172       callMdlMethodAndReportError 0000000180013172 f   sf_runtime:sf_runtime.dll
 0001:00012178       call_sf_machine_global_method_dispatcher 0000000180013178 f   sf_runtime:sf_runtime.dll
 0001:0001217e       sf_mex_error_direct_call   000000018001317e f   sf_runtime:sf_runtime.dll
 0001:00012184       sf_clear_error_manager_info 0000000180013184 f   sf_runtime:sf_runtime.dll
 0001:0001218a       sf_debug_create_debug_instance_struct 000000018001318a f   sf_runtime:sf_runtime.dll
 0001:00012190       sf_debug_terminate         0000000180013190 f   sf_runtime:sf_runtime.dll
 0001:00012196       sf_debug_api               0000000180013196 f   sf_runtime:sf_runtime.dll
 0001:0001219c       mxIsChar                   000000018001319c f   libmx:libmx.dll
 0001:000121a2       mxGetPr                    00000001800131a2 f   libmx:libmx.dll
 0001:000121a8       mxGetScalar                00000001800131a8 f   libmx:libmx.dll
 0001:000121ae       mxDestroyArray             00000001800131ae f   libmx:libmx.dll
 0001:000121b4       mxCreateDoubleMatrix_730   00000001800131b4 f   libmx:libmx.dll
 0001:000121ba       mxGetString_730            00000001800131ba f   libmx:libmx.dll
 0001:000121c0       mxDuplicateArray           00000001800131c0 f   libmx:libmx.dll
 0001:000121c6       mxSetField_730             00000001800131c6 f   libmx:libmx.dll
 0001:000121cc       mxCreateDoubleScalar       00000001800131cc f   libmx:libmx.dll
 0001:000121d2       mxCreateString             00000001800131d2 f   libmx:libmx.dll
 0001:000121d8       mxCreateCellMatrix_730     00000001800131d8 f   libmx:libmx.dll
 0001:000121de       mxCreateStructMatrix_730   00000001800131de f   libmx:libmx.dll
 0001:000121e4       mxGetNaN                   00000001800131e4 f   libmx:libmx.dll
 0001:000121ea       mxCalloc                   00000001800131ea f   libmx:libmx.dll
 0001:000121f0       mxGetM                     00000001800131f0 f   libmx:libmx.dll
 0001:000121f6       mxGetClassID               00000001800131f6 f   libmx:libmx.dll
 0001:000121fc       mxIsNumeric                00000001800131fc f   libmx:libmx.dll
 0001:00012202       mxIsComplex                0000000180013202 f   libmx:libmx.dll
 0001:00012208       mxGetN                     0000000180013208 f   libmx:libmx.dll
 0001:0001220e       mexMakeArrayPersistent     000000018001320e f   libmex:libmex.dll
 0001:00012214       mexErrMsgTxt               0000000180013214 f   libmex:libmex.dll
 0001:0001221a       mexWarnMsgTxt              000000018001321a f   libmex:libmex.dll
 0001:00012220       mexCallMATLAB              0000000180013220 f   libmex:libmex.dll
 0001:00012226       mexLock                    0000000180013226 f   libmex:libmex.dll
 0001:0001222c       mexUnlock                  000000018001322c f   libmex:libmex.dll
 0001:00012232       mexIsLocked                0000000180013232 f   libmex:libmex.dll
 0001:00012238       utMalloc                   0000000180013238 f   libut:libut.dll
 0001:0001223e       utFree                     000000018001323e f   libut:libut.dll
 0001:00012244       muDoubleScalarIsNaN        0000000180013244 f   libmwmathutil:libmwmathutil.dll
 0001:0001224a       muDoubleScalarIsInf        000000018001324a f   libmwmathutil:libmwmathutil.dll
 0001:00012250       __raise_securityfailure    0000000180013250 f   MSVCRT:gs_report.obj
 0001:0001229c       __report_gsfailure         000000018001329c f   MSVCRT:gs_report.obj
 0001:00012370       __report_rangecheckfailure 0000000180013370 f   MSVCRT:gs_report.obj
 0001:00012384       __report_securityfailure   0000000180013384 f   MSVCRT:gs_report.obj
 0001:00012420       __report_securityfailureEx 0000000180013420 f   MSVCRT:gs_report.obj
 0001:0001252e       strcmp                     000000018001352e f   MSVCRT:MSVCR110.dll
 0001:00012534       __GSHandlerCheck           0000000180013534 f   MSVCRT:gshandler.obj
 0001:00012554       __GSHandlerCheckCommon     0000000180013554 f   MSVCRT:gshandler.obj
 0001:000125d0       __security_check_cookie    00000001800135d0 f   MSVCRT:amdsecgs.obj
 0001:000125f0       memset                     00000001800135f0 f   MSVCRT:MSVCR110.dll
 0001:000125f6       strlen                     00000001800135f6 f   MSVCRT:MSVCR110.dll
 0001:000125fc       memcpy                     00000001800135fc f   MSVCRT:MSVCR110.dll
 0001:00012602       strcat                     0000000180013602 f   MSVCRT:MSVCR110.dll
 0001:00012608       sprintf                    0000000180013608 f   MSVCRT:MSVCR110.dll
 0001:0001260e       free                       000000018001360e f   MSVCRT:MSVCR110.dll
 0001:00012614       malloc                     0000000180013614 f   MSVCRT:MSVCR110.dll
 0001:0001267c       NtCurrentTeb               000000018001367c f i MSVCRT:crtdll.obj
 0001:00012688       _CRT_INIT                  0000000180013688 f   MSVCRT:crtdll.obj
 0001:000128d4       _DllMainCRTStartup         00000001800138d4 f   MSVCRT:crtdll.obj
 0001:00012a4a       __crt_debugger_hook        0000000180013a4a f   MSVCRT:MSVCR110.dll
 0001:00012a50       __crtUnhandledException    0000000180013a50 f   MSVCRT:MSVCR110.dll
 0001:00012a56       __crtTerminateProcess      0000000180013a56 f   MSVCRT:MSVCR110.dll
 0001:00012a5c       __crtCaptureCurrentContext 0000000180013a5c f   MSVCRT:MSVCR110.dll
 0001:00012a62       __crtCapturePreviousContext 0000000180013a62 f   MSVCRT:MSVCR110.dll
 0001:00012a68       __CppXcptFilter            0000000180013a68 f   MSVCRT:MSVCR110.dll
 0001:00012a6e       _amsg_exit                 0000000180013a6e f   MSVCRT:MSVCR110.dll
 0001:00012a80       _FindPESection             0000000180013a80 f   MSVCRT:pesect.obj
 0001:00012ad0       _IsNonwritableInCurrentImage 0000000180013ad0 f   MSVCRT:pesect.obj
 0001:00012b20       _ValidateImageBase         0000000180013b20 f   MSVCRT:pesect.obj
 0001:00012b50       __atonexitinit             0000000180013b50 f   MSVCRT:atonexit.obj
 0001:00012ba0       _onexit                    0000000180013ba0 f   MSVCRT:atonexit.obj
 0001:00012c50       atexit                     0000000180013c50 f   MSVCRT:atonexit.obj
 0001:00012c68       __security_init_cookie     0000000180013c68 f   MSVCRT:gs_support.obj
 0001:00012d20       DllMain                    0000000180013d20 f   MSVCRT:dllmain.obj
 0001:00012d44       _malloc_crt                0000000180013d44 f   MSVCRT:MSVCR110.dll
 0001:00012d4c       _RTC_Initialize            0000000180013d4c f   MSVCRT:initsect.obj
 0001:00012d84       _RTC_Terminate             0000000180013d84 f   MSVCRT:initsect.obj
 0001:00012dbc       _initterm                  0000000180013dbc f   MSVCRT:MSVCR110.dll
 0001:00012dc2       _initterm_e                0000000180013dc2 f   MSVCRT:MSVCR110.dll
 0001:00012dc8       __clean_type_info_names    0000000180013dc8 f   MSVCRT:tncleanup.obj
 0001:00012dd4       __C_specific_handler       0000000180013dd4 f   MSVCRT:MSVCR110.dll
 0001:00012dda       _lock                      0000000180013dda f   MSVCRT:MSVCR110.dll
 0001:00012de0       _unlock                    0000000180013de0 f   MSVCRT:MSVCR110.dll
 0001:00012de6       _calloc_crt                0000000180013de6 f   MSVCRT:MSVCR110.dll
 0001:00012dec       __dllonexit                0000000180013dec f   MSVCRT:MSVCR110.dll
 0001:00012df2       __clean_type_info_names_internal 0000000180013df2 f   MSVCRT:MSVCR110.dll
 0001:00012df8       IsDebuggerPresent          0000000180013df8 f   kernel32:KERNEL32.dll
 0001:00012dfe       IsProcessorFeaturePresent  0000000180013dfe f   kernel32:KERNEL32.dll
 0001:00012e04       EncodePointer              0000000180013e04 f   kernel32:KERNEL32.dll
 0001:00012e0a       DecodePointer              0000000180013e0a f   kernel32:KERNEL32.dll
 0001:00012e10       QueryPerformanceCounter    0000000180013e10 f   kernel32:KERNEL32.dll
 0001:00012e16       GetCurrentThreadId         0000000180013e16 f   kernel32:KERNEL32.dll
 0001:00012e1c       GetSystemTimeAsFileTime    0000000180013e1c f   kernel32:KERNEL32.dll
 0001:00012e22       GetTickCount64             0000000180013e22 f   kernel32:KERNEL32.dll
 0001:00012e28       DisableThreadLibraryCalls  0000000180013e28 f   kernel32:KERNEL32.dll
 0002:00000000       __imp_DisableThreadLibraryCalls 0000000180014000     kernel32:KERNEL32.dll
 0002:00000008       __imp_GetTickCount64       0000000180014008     kernel32:KERNEL32.dll
 0002:00000010       __imp_GetSystemTimeAsFileTime 0000000180014010     kernel32:KERNEL32.dll
 0002:00000018       __imp_GetCurrentThreadId   0000000180014018     kernel32:KERNEL32.dll
 0002:00000020       __imp_QueryPerformanceCounter 0000000180014020     kernel32:KERNEL32.dll
 0002:00000028       __imp_DecodePointer        0000000180014028     kernel32:KERNEL32.dll
 0002:00000030       __imp_EncodePointer        0000000180014030     kernel32:KERNEL32.dll
 0002:00000038       __imp_IsProcessorFeaturePresent 0000000180014038     kernel32:KERNEL32.dll
 0002:00000040       __imp_IsDebuggerPresent    0000000180014040     kernel32:KERNEL32.dll
 0002:00000048       \177KERNEL32_NULL_THUNK_DATA 0000000180014048     kernel32:KERNEL32.dll
 0002:00000050       __imp___clean_type_info_names_internal 0000000180014050     MSVCRT:MSVCR110.dll
 0002:00000058       __imp__onexit              0000000180014058     MSVCRT:MSVCR110.dll
 0002:00000060       __imp___dllonexit          0000000180014060     MSVCRT:MSVCR110.dll
 0002:00000068       __imp__calloc_crt          0000000180014068     MSVCRT:MSVCR110.dll
 0002:00000070       __imp__unlock              0000000180014070     MSVCRT:MSVCR110.dll
 0002:00000078       __imp__lock                0000000180014078     MSVCRT:MSVCR110.dll
 0002:00000080       __imp___C_specific_handler 0000000180014080     MSVCRT:MSVCR110.dll
 0002:00000088       __imp__initterm_e          0000000180014088     MSVCRT:MSVCR110.dll
 0002:00000090       __imp__initterm            0000000180014090     MSVCRT:MSVCR110.dll
 0002:00000098       __imp__malloc_crt          0000000180014098     MSVCRT:MSVCR110.dll
 0002:000000a0       __imp__amsg_exit           00000001800140a0     MSVCRT:MSVCR110.dll
 0002:000000a8       __imp___CppXcptFilter      00000001800140a8     MSVCRT:MSVCR110.dll
 0002:000000b0       __imp___crtCapturePreviousContext 00000001800140b0     MSVCRT:MSVCR110.dll
 0002:000000b8       __imp___crtCaptureCurrentContext 00000001800140b8     MSVCRT:MSVCR110.dll
 0002:000000c0       __imp___crtTerminateProcess 00000001800140c0     MSVCRT:MSVCR110.dll
 0002:000000c8       __imp___crtUnhandledException 00000001800140c8     MSVCRT:MSVCR110.dll
 0002:000000d0       __imp___crt_debugger_hook  00000001800140d0     MSVCRT:MSVCR110.dll
 0002:000000d8       __imp_malloc               00000001800140d8     MSVCRT:MSVCR110.dll
 0002:000000e0       __imp_free                 00000001800140e0     MSVCRT:MSVCR110.dll
 0002:000000e8       __imp_sprintf              00000001800140e8     MSVCRT:MSVCR110.dll
 0002:000000f0       __imp_strcat               00000001800140f0     MSVCRT:MSVCR110.dll
 0002:000000f8       __imp_memcpy               00000001800140f8     MSVCRT:MSVCR110.dll
 0002:00000100       __imp_strlen               0000000180014100     MSVCRT:MSVCR110.dll
 0002:00000108       __imp_memset               0000000180014108     MSVCRT:MSVCR110.dll
 0002:00000110       __imp_strcmp               0000000180014110     MSVCRT:MSVCR110.dll
 0002:00000118       \177MSVCR110_NULL_THUNK_DATA 0000000180014118     MSVCRT:MSVCR110.dll
 0002:00000120       __imp_mexUnlock            0000000180014120     libmex:libmex.dll
 0002:00000128       __imp_mexErrMsgTxt         0000000180014128     libmex:libmex.dll
 0002:00000130       __imp_mexWarnMsgTxt        0000000180014130     libmex:libmex.dll
 0002:00000138       __imp_mexIsLocked          0000000180014138     libmex:libmex.dll
 0002:00000140       __imp_mexMakeArrayPersistent 0000000180014140     libmex:libmex.dll
 0002:00000148       __imp_mexLock              0000000180014148     libmex:libmex.dll
 0002:00000150       __imp_mexCallMATLAB        0000000180014150     libmex:libmex.dll
 0002:00000158       \177libmex_NULL_THUNK_DATA 0000000180014158     libmex:libmex.dll
 0002:00000160       __imp_muDoubleScalarIsInf  0000000180014160     libmwmathutil:libmwmathutil.dll
 0002:00000168       __imp_muDoubleScalarIsNaN  0000000180014168     libmwmathutil:libmwmathutil.dll
 0002:00000170       \177libmwmathutil_NULL_THUNK_DATA 0000000180014170     libmwmathutil:libmwmathutil.dll
 0002:00000178       __imp_mxGetN               0000000180014178     libmx:libmx.dll
 0002:00000180       __imp_mxIsComplex          0000000180014180     libmx:libmx.dll
 0002:00000188       __imp_mxIsNumeric          0000000180014188     libmx:libmx.dll
 0002:00000190       __imp_mxGetClassID         0000000180014190     libmx:libmx.dll
 0002:00000198       __imp_mxGetM               0000000180014198     libmx:libmx.dll
 0002:000001a0       __imp_mxCalloc             00000001800141a0     libmx:libmx.dll
 0002:000001a8       __imp_mxGetNaN             00000001800141a8     libmx:libmx.dll
 0002:000001b0       __imp_mxCreateStructMatrix_730 00000001800141b0     libmx:libmx.dll
 0002:000001b8       __imp_mxCreateCellMatrix_730 00000001800141b8     libmx:libmx.dll
 0002:000001c0       __imp_mxCreateString       00000001800141c0     libmx:libmx.dll
 0002:000001c8       __imp_mxCreateDoubleScalar 00000001800141c8     libmx:libmx.dll
 0002:000001d0       __imp_mxSetField_730       00000001800141d0     libmx:libmx.dll
 0002:000001d8       __imp_mxDuplicateArray     00000001800141d8     libmx:libmx.dll
 0002:000001e0       __imp_mxGetString_730      00000001800141e0     libmx:libmx.dll
 0002:000001e8       __imp_mxCreateDoubleMatrix_730 00000001800141e8     libmx:libmx.dll
 0002:000001f0       __imp_mxDestroyArray       00000001800141f0     libmx:libmx.dll
 0002:000001f8       __imp_mxGetScalar          00000001800141f8     libmx:libmx.dll
 0002:00000200       __imp_mxGetPr              0000000180014200     libmx:libmx.dll
 0002:00000208       __imp_mxIsChar             0000000180014208     libmx:libmx.dll
 0002:00000210       \177libmx_NULL_THUNK_DATA  0000000180014210     libmx:libmx.dll
 0002:00000218       __imp_utMalloc             0000000180014218     libut:libut.dll
 0002:00000220       __imp_utFree               0000000180014220     libut:libut.dll
 0002:00000228       \177libut_NULL_THUNK_DATA  0000000180014228     libut:libut.dll
 0002:00000230       __imp_sf_debug_create_debug_instance_struct 0000000180014230     sf_runtime:sf_runtime.dll
 0002:00000238       __imp_sf_clear_error_manager_info 0000000180014238     sf_runtime:sf_runtime.dll
 0002:00000240       __imp_sf_mex_error_direct_call 0000000180014240     sf_runtime:sf_runtime.dll
 0002:00000248       __imp_call_sf_machine_global_method_dispatcher 0000000180014248     sf_runtime:sf_runtime.dll
 0002:00000250       __imp_callMdlMethodAndReportError 0000000180014250     sf_runtime:sf_runtime.dll
 0002:00000258       __imp_sf_debug_cv_init_state 0000000180014258     sf_runtime:sf_runtime.dll
 0002:00000260       __imp_sf_debug_cv_init_chart 0000000180014260     sf_runtime:sf_runtime.dll
 0002:00000268       __imp_sf_debug_cv_init_trans 0000000180014268     sf_runtime:sf_runtime.dll
 0002:00000270       __imp_sf_debug_data_range_wrapper 0000000180014270     sf_runtime:sf_runtime.dll
 0002:00000278       __imp_sf_debug_non_negative_check 0000000180014278     sf_runtime:sf_runtime.dll
 0002:00000280       __imp_sf_debug_eml_data_array_bounds_error_check 0000000180014280     sf_runtime:sf_runtime.dll
 0002:00000288       __imp_sf_debug_set_chart_substate_count 0000000180014288     sf_runtime:sf_runtime.dll
 0002:00000290       __imp_sf_debug_set_chart_decomposition 0000000180014290     sf_runtime:sf_runtime.dll
 0002:00000298       __imp_sf_debug_terminate   0000000180014298     sf_runtime:sf_runtime.dll
 0002:000002a0       __imp_sf_debug_set_chart_event_thresholds 00000001800142a0     sf_runtime:sf_runtime.dll
 0002:000002a8       __imp_sf_debug_set_chart_disable_implicit_casting 00000001800142a8     sf_runtime:sf_runtime.dll
 0002:000002b0       __imp_sf_debug_set_instance_data_value_ptr 00000001800142b0     sf_runtime:sf_runtime.dll
 0002:000002b8       __imp_sf_debug_symbol_switch 00000001800142b8     sf_runtime:sf_runtime.dll
 0002:000002c0       __imp_sf_debug_symbol_scope_add_eml_dyn_importable 00000001800142c0     sf_runtime:sf_runtime.dll
 0002:000002c8       __imp_sf_debug_symbol_scope_add_eml_importable 00000001800142c8     sf_runtime:sf_runtime.dll
 0002:000002d0       __imp_sf_debug_symbol_scope_add_eml 00000001800142d0     sf_runtime:sf_runtime.dll
 0002:000002d8       __imp_sf_debug_symbol_scope_pop 00000001800142d8     sf_runtime:sf_runtime.dll
 0002:000002e0       __imp_sf_debug_symbol_scope_push_eml 00000001800142e0     sf_runtime:sf_runtime.dll
 0002:000002e8       __imp_sf_debug_symbol_scope_push 00000001800142e8     sf_runtime:sf_runtime.dll
 0002:000002f0       __imp_sf_debug_set_chart_data_compiled_props 00000001800142f0     sf_runtime:sf_runtime.dll
 0002:000002f8       __imp_sf_debug_set_chart_data_props 00000001800142f8     sf_runtime:sf_runtime.dll
 0002:00000300       __imp_sf_debug_check_for_state_inconsistency 0000000180014300     sf_runtime:sf_runtime.dll
 0002:00000308       __imp_sf_debug_set_chart_state_info 0000000180014308     sf_runtime:sf_runtime.dll
 0002:00000310       __imp_sf_debug_api         0000000180014310     sf_runtime:sf_runtime.dll
 0002:00000318       __imp_sf_debug_reset_current_state_configuration 0000000180014318     sf_runtime:sf_runtime.dll
 0002:00000320       __imp_cv_eml_init_if       0000000180014320     sf_runtime:sf_runtime.dll
 0002:00000328       __imp_cv_eml_init_fcn      0000000180014328     sf_runtime:sf_runtime.dll
 0002:00000330       __imp_cv_eml_init_script   0000000180014330     sf_runtime:sf_runtime.dll
 0002:00000338       __imp_cv_eml_eval          0000000180014338     sf_runtime:sf_runtime.dll
 0002:00000340       __imp_eml_debug_line_call  0000000180014340     sf_runtime:sf_runtime.dll
 0002:00000348       __imp_sf_debug_call        0000000180014348     sf_runtime:sf_runtime.dll
 0002:00000350       __imp_sf_debug_initialize_chart 0000000180014350     sf_runtime:sf_runtime.dll
 0002:00000358       __imp_sf_mex_emlrtNameCapturePostProcessR2012a 0000000180014358     sf_runtime:sf_runtime.dll
 0002:00000360       __imp_sf_mex_duplicatearraysafe 0000000180014360     sf_runtime:sf_runtime.dll
 0002:00000368       __imp_sf_mex_decode_encoded_mx_struct_array 0000000180014368     sf_runtime:sf_runtime.dll
 0002:00000370       __imp_sf_mex_import_vs     0000000180014370     sf_runtime:sf_runtime.dll
 0002:00000378       __imp_sf_mex_import        0000000180014378     sf_runtime:sf_runtime.dll
 0002:00000380       __imp_sf_mex_destroy       0000000180014380     sf_runtime:sf_runtime.dll
 0002:00000388       __imp_sf_mex_dup           0000000180014388     sf_runtime:sf_runtime.dll
 0002:00000390       __imp_sf_mex_assign        0000000180014390     sf_runtime:sf_runtime.dll
 0002:00000398       __imp_sf_mex_getcell       0000000180014398     sf_runtime:sf_runtime.dll
 0002:000003a0       __imp_sf_mex_setcell       00000001800143a0     sf_runtime:sf_runtime.dll
 0002:000003a8       __imp_sf_mex_createcellmatrix 00000001800143a8     sf_runtime:sf_runtime.dll
 0002:000003b0       __imp_sf_mex_create        00000001800143b0     sf_runtime:sf_runtime.dll
 0002:000003b8       __imp_sf_mex_createstruct  00000001800143b8     sf_runtime:sf_runtime.dll
 0002:000003c0       __imp_sf_mex_addfield      00000001800143c0     sf_runtime:sf_runtime.dll
 0002:000003c8       __imp_sf_mex_error_message 00000001800143c8     sf_runtime:sf_runtime.dll
 0002:000003d0       __imp_sf_mex_call_debug    00000001800143d0     sf_runtime:sf_runtime.dll
 0002:000003d8       __imp_sf_mex_call_matlab   00000001800143d8     sf_runtime:sf_runtime.dll
 0002:000003e0       __imp_sf_get_time          00000001800143e0     sf_runtime:sf_runtime.dll
 0002:000003e8       __imp_sf_set_rtw_dwork_info 00000001800143e8     sf_runtime:sf_runtime.dll
 0002:000003f0       __imp_sf_clear_rtw_identifier 00000001800143f0     sf_runtime:sf_runtime.dll
 0002:000003f8       __imp_sim_mode_is_external 00000001800143f8     sf_runtime:sf_runtime.dll
 0002:00000400       __imp_sim_mode_is_rtw_gen  0000000180014400     sf_runtime:sf_runtime.dll
 0002:00000408       __imp_sf_mark_chart_expressionable_inputs 0000000180014408     sf_runtime:sf_runtime.dll
 0002:00000410       __imp_sf_mark_chart_reusable_outputs 0000000180014410     sf_runtime:sf_runtime.dll
 0002:00000418       __imp_sf_is_chart_inlinable 0000000180014418     sf_runtime:sf_runtime.dll
 0002:00000420       __imp_sf_update_buildInfo  0000000180014420     sf_runtime:sf_runtime.dll
 0002:00000428       __imp_sf_rtw_info_uint_prop 0000000180014428     sf_runtime:sf_runtime.dll
 0002:00000430       __imp_sf_debug_set_machine_data_thresholds 0000000180014430     sf_runtime:sf_runtime.dll
 0002:00000438       __imp_sf_debug_set_machine_event_thresholds 0000000180014438     sf_runtime:sf_runtime.dll
 0002:00000440       __imp_sf_debug_initialize_machine 0000000180014440     sf_runtime:sf_runtime.dll
 0002:00000448       __imp_sf_load_rtw_optimization_info 0000000180014448     sf_runtime:sf_runtime.dll
 0002:00000450       \177sf_runtime_NULL_THUNK_DATA 0000000180014450     sf_runtime:sf_runtime.dll
 0002:00000458       __xc_a                     0000000180014458     MSVCRT:cinitexe.obj
 0002:00000460       __xc_z                     0000000180014460     MSVCRT:cinitexe.obj
 0002:00000468       __xi_a                     0000000180014468     MSVCRT:cinitexe.obj
 0002:00000480       __xi_z                     0000000180014480     MSVCRT:cinitexe.obj
 0002:00000490       __real@41b292c095000000    0000000180014490     wheel1_sfun.obj
 0002:00000498       __real@41b3ad2327000000    0000000180014498     wheel1_sfun.obj
 0002:000004a0       __real@41b79fc820000000    00000001800144a0     wheel1_sfun.obj
 0002:000004a8       __real@41c900e78a000000    00000001800144a8     wheel1_sfun.obj
 0002:000004b0       __real@41d15fd456800000    00000001800144b0     wheel1_sfun.obj
 0002:000004b8       __real@41d2837e31c00000    00000001800144b8     wheel1_sfun.obj
 0002:000004c0       __real@41d39b7579c00000    00000001800144c0     wheel1_sfun.obj
 0002:000004c8       __real@41dae8177cc00000    00000001800144c8     wheel1_sfun.obj
 0002:000004d0       __real@41daff5b66400000    00000001800144d0     wheel1_sfun.obj
 0002:000004d8       __real@41dc74e34cc00000    00000001800144d8     wheel1_sfun.obj
 0002:000004e0       __real@41df4fdc4a400000    00000001800144e0     wheel1_sfun.obj
 0002:000004e8       __real@41e695dff8600000    00000001800144e8     wheel1_sfun.obj
 0002:000004f0       __real@41eda5398c800000    00000001800144f0     wheel1_sfun.obj
 0002:000004f8       __real@41edcf5b43c00000    00000001800144f8     wheel1_sfun.obj
 0002:00000500       __real@41ee4ae9ae000000    0000000180014500     wheel1_sfun.obj
 0002:00000508       __real@41eeae0d11800000    0000000180014508     wheel1_sfun.obj
 0002:00000510       __real@0000000000000000    0000000180014510     c2_wheel1.obj
 0002:00000518       __real@3ff0000000000000    0000000180014518     c2_wheel1.obj
 0002:00000520       __real@4000000000000000    0000000180014520     c2_wheel1.obj
 0002:00000528       __real@4008000000000000    0000000180014528     c2_wheel1.obj
 0002:00000530       __real@4010000000000000    0000000180014530     c2_wheel1.obj
 0002:00000538       __real@4024000000000000    0000000180014538     c2_wheel1.obj
 0002:00000540       __real@41dbe5ac7bc00000    0000000180014540     c2_wheel1.obj
 0002:00000548       __real@41e3bcc9f8000000    0000000180014548     c2_wheel1.obj
 0002:00000550       __real@41e541f16ce00000    0000000180014550     c2_wheel1.obj
 0002:00000558       __real@41e6810018e00000    0000000180014558     c2_wheel1.obj
 0002:00000560       __real@bff0000000000000    0000000180014560     c2_wheel1.obj
 0002:00000568       __real@c008000000000000    0000000180014568     c2_wheel1.obj
 0002:00000570       DYNAMIC_DIMENSION_DEF      0000000180014570     wheel1_sfun_registry.obj
 0002:00000590       _ssBadLevel2InputAccessMsg 0000000180014590     wheel1_sfun_registry.obj
 0002:00000720       _ssBadLevel2DirectFeedMsg  0000000180014720     wheel1_sfun_registry.obj
 0002:00000860       _ssBadLevel2DirectFeedSolutionMsg 0000000180014860     wheel1_sfun_registry.obj
 0002:000008d0       _ssBadLevel2ZeroDirectFeedMsg 00000001800148d0     wheel1_sfun_registry.obj
 0002:00000a10       _ssBadLevel2ZeroDirectFeedMsg2 0000000180014a10     wheel1_sfun_registry.obj
 0002:00000af8       __real@41602cbca0000000    0000000180014af8     wheel1_sfun_registry.obj
 0002:00000b10       _pRawDllMain               0000000180014b10     MSVCRT:crtdll.obj
 0002:00000b10       _pDefaultRawDllMain        0000000180014b10     MSVCRT:crtdll.obj
 0002:00000b18       ?ProcessDetach@NativeDll@<CrtImplementationDetails>@@0IB 0000000180014b18     MSVCRT:initsect.obj
 0002:00000b1c       ?ProcessAttach@NativeDll@<CrtImplementationDetails>@@0IB 0000000180014b1c     MSVCRT:initsect.obj
 0002:00000b20       ?ThreadAttach@NativeDll@<CrtImplementationDetails>@@0IB 0000000180014b20     MSVCRT:initsect.obj
 0002:00000b24       ?ThreadDetach@NativeDll@<CrtImplementationDetails>@@0IB 0000000180014b24     MSVCRT:initsect.obj
 0002:00000b28       ?ProcessVerifier@NativeDll@<CrtImplementationDetails>@@0IB 0000000180014b28     MSVCRT:initsect.obj
 0002:00000b2c       ?value@?$integral_constant@_N$0A@@std@@2_NB 0000000180014b2c     MSVCRT:tncleanup.obj
 0002:00000b2d       ?value@?$integral_constant@_N$00@std@@2_NB 0000000180014b2d     MSVCRT:tncleanup.obj
 0002:00000b30       ?value@?$_Sizeof@U_Nil@std@@U12@U12@U12@U12@U12@U12@U12@@std@@2_KB 0000000180014b30     MSVCRT:tncleanup.obj
 0002:00000b40       _load_config_used          0000000180014b40     MSVCRT:loadcfg.obj
 0002:00000bb0       __rtc_iaa                  0000000180014bb0     MSVCRT:initsect.obj
 0002:00000bb8       __rtc_izz                  0000000180014bb8     MSVCRT:initsect.obj
 0002:00000bc0       __rtc_taa                  0000000180014bc0     MSVCRT:initsect.obj
 0002:00000bc8       __rtc_tzz                  0000000180014bc8     MSVCRT:initsect.obj
 0002:000012ec       __IMPORT_DESCRIPTOR_sf_runtime 00000001800152ec     sf_runtime:sf_runtime.dll
 0002:00001300       __IMPORT_DESCRIPTOR_libmx  0000000180015300     libmx:libmx.dll
 0002:00001314       __IMPORT_DESCRIPTOR_libmex 0000000180015314     libmex:libmex.dll
 0002:00001328       __IMPORT_DESCRIPTOR_libut  0000000180015328     libut:libut.dll
 0002:0000133c       __IMPORT_DESCRIPTOR_libmwmathutil 000000018001533c     libmwmathutil:libmwmathutil.dll
 0002:00001350       __IMPORT_DESCRIPTOR_MSVCR110 0000000180015350     MSVCRT:MSVCR110.dll
 0002:00001364       __IMPORT_DESCRIPTOR_KERNEL32 0000000180015364     kernel32:KERNEL32.dll
 0002:00001378       __NULL_IMPORT_DESCRIPTOR   0000000180015378     sf_runtime:sf_runtime.dll
 0003:000028d0       DYNAMIC_DIMENSION          00000001800198d0     wheel1_sfun_registry.obj
 0003:00003510       __security_cookie          000000018001a510     MSVCRT:gs_cookie.obj
 0003:00003518       __security_cookie_complement 000000018001a518     MSVCRT:gs_cookie.obj
 0003:00003520       _fltused                   000000018001a520     MSVCRT:dllsupp.obj
 0003:00003524       __native_dllmain_reason    000000018001a524     MSVCRT:natstart.obj
 0003:00003568       sfGlobalDebugInstanceStruct 000000018001a568     wheel1_sfun_registry.obj
 0003:00003bb8       ?__type_info_root_node@@3U__type_info_node@@A 000000018001abb8     MSVCRT:tncleanup.obj
 0003:00003bc8       _wheel1MachineNumber_      000000018001abc8     <common>
 0003:00003bd0       __native_startup_lock      000000018001abd0     <common>
 0003:00003bd8       __native_startup_state     000000018001abd8     <common>
 0003:00003be0       __onexitend                000000018001abe0     <common>
 0003:00003be8       __onexitbegin              000000018001abe8     <common>
 0003:00003bf0       __dyn_tls_init_callback    000000018001abf0     <common>

 entry point at        0001:000128d4

 Static symbols

 0000:00000000       .debug$S                   0000000180000000     kernel32:KERNEL32.dll
 0000:00000000       .debug$S                   0000000180000000     kernel32:KERNEL32.dll
 0000:00000000       .debug$S                   0000000180000000     kernel32:KERNEL32.dll
 0000:00000000       .debug$S                   0000000180000000     kernel32:KERNEL32.dll
 0000:00000000       .debug$S                   0000000180000000     kernel32:KERNEL32.dll
 0000:00000000       .debug$S                   0000000180000000     kernel32:KERNEL32.dll
 0000:00000000       .debug$S                   0000000180000000     kernel32:KERNEL32.dll
 0000:00000000       .debug$S                   0000000180000000     kernel32:KERNEL32.dll
 0000:00000000       .debug$S                   0000000180000000     kernel32:KERNEL32.dll
 0000:00000000       .debug$S                   0000000180000000     sf_runtime:sf_runtime.dll
 0000:00000000       .debug$S                   0000000180000000     MSVCRT:MSVCR110.dll
 0000:00000000       .debug$S                   0000000180000000     MSVCRT:MSVCR110.dll
 0000:00000000       .debug$S                   0000000180000000     MSVCRT:MSVCR110.dll
 0000:00000000       .debug$S                   0000000180000000     MSVCRT:MSVCR110.dll
 0000:00000000       .debug$S                   0000000180000000     MSVCRT:MSVCR110.dll
 0000:00000000       .debug$S                   0000000180000000     MSVCRT:MSVCR110.dll
 0000:00000000       .debug$S                   0000000180000000     MSVCRT:MSVCR110.dll
 0000:00000000       .debug$S                   0000000180000000     MSVCRT:MSVCR110.dll
 0000:00000000       .debug$S                   0000000180000000     MSVCRT:MSVCR110.dll
 0000:00000000       .debug$S                   0000000180000000     MSVCRT:MSVCR110.dll
 0000:00000000       .debug$S                   0000000180000000     MSVCRT:MSVCR110.dll
 0000:00000000       .debug$S                   0000000180000000     MSVCRT:MSVCR110.dll
 0000:00000000       .debug$S                   0000000180000000     MSVCRT:MSVCR110.dll
 0000:00000000       .debug$S                   0000000180000000     MSVCRT:MSVCR110.dll
 0000:00000000       .debug$S                   0000000180000000     MSVCRT:MSVCR110.dll
 0000:00000000       .debug$S                   0000000180000000     MSVCRT:MSVCR110.dll
 0000:00000000       .debug$S                   0000000180000000     MSVCRT:MSVCR110.dll
 0000:00000000       .debug$S                   0000000180000000     MSVCRT:MSVCR110.dll
 0000:00000000       .debug$S                   0000000180000000     MSVCRT:MSVCR110.dll
 0000:00000000       .debug$S                   0000000180000000     MSVCRT:MSVCR110.dll
 0000:00000000       .debug$S                   0000000180000000     MSVCRT:MSVCR110.dll
 0000:00000000       .debug$S                   0000000180000000     MSVCRT:MSVCR110.dll
 0000:00000000       .debug$S                   0000000180000000     MSVCRT:MSVCR110.dll
 0000:00000000       .debug$S                   0000000180000000     MSVCRT:MSVCR110.dll
 0000:00000000       .debug$S                   0000000180000000     MSVCRT:MSVCR110.dll
 0000:00000000       .debug$S                   0000000180000000     sf_runtime:sf_runtime.dll
 0000:00000000       .debug$S                   0000000180000000     sf_runtime:sf_runtime.dll
 0000:00000000       .debug$S                   0000000180000000     sf_runtime:sf_runtime.dll
 0000:00000000       .debug$S                   0000000180000000     sf_runtime:sf_runtime.dll
 0000:00000000       .debug$S                   0000000180000000     sf_runtime:sf_runtime.dll
 0000:00000000       .debug$S                   0000000180000000     sf_runtime:sf_runtime.dll
 0000:00000000       .debug$S                   0000000180000000     sf_runtime:sf_runtime.dll
 0000:00000000       .debug$S                   0000000180000000     sf_runtime:sf_runtime.dll
 0000:00000000       .debug$S                   0000000180000000     sf_runtime:sf_runtime.dll
 0000:00000000       .debug$S                   0000000180000000     sf_runtime:sf_runtime.dll
 0000:00000000       .debug$S                   0000000180000000     sf_runtime:sf_runtime.dll
 0000:00000000       .debug$S                   0000000180000000     sf_runtime:sf_runtime.dll
 0000:00000000       .debug$S                   0000000180000000     sf_runtime:sf_runtime.dll
 0000:00000000       .debug$S                   0000000180000000     sf_runtime:sf_runtime.dll
 0000:00000000       .debug$S                   0000000180000000     sf_runtime:sf_runtime.dll
 0000:00000000       .debug$S                   0000000180000000     sf_runtime:sf_runtime.dll
 0000:00000000       .debug$S                   0000000180000000     sf_runtime:sf_runtime.dll
 0000:00000000       .debug$S                   0000000180000000     sf_runtime:sf_runtime.dll
 0000:00000000       .debug$S                   0000000180000000     sf_runtime:sf_runtime.dll
 0000:00000000       .debug$S                   0000000180000000     sf_runtime:sf_runtime.dll
 0000:00000000       .debug$S                   0000000180000000     sf_runtime:sf_runtime.dll
 0000:00000000       .debug$S                   0000000180000000     sf_runtime:sf_runtime.dll
 0000:00000000       .debug$S                   0000000180000000     sf_runtime:sf_runtime.dll
 0000:00000000       .debug$S                   0000000180000000     sf_runtime:sf_runtime.dll
 0000:00000000       .debug$S                   0000000180000000     sf_runtime:sf_runtime.dll
 0000:00000000       .debug$S                   0000000180000000     sf_runtime:sf_runtime.dll
 0000:00000000       .debug$S                   0000000180000000     sf_runtime:sf_runtime.dll
 0000:00000000       .debug$S                   0000000180000000     sf_runtime:sf_runtime.dll
 0000:00000000       .debug$S                   0000000180000000     sf_runtime:sf_runtime.dll
 0000:00000000       .debug$S                   0000000180000000     sf_runtime:sf_runtime.dll
 0000:00000000       .debug$S                   0000000180000000     sf_runtime:sf_runtime.dll
 0000:00000000       .debug$S                   0000000180000000     sf_runtime:sf_runtime.dll
 0000:00000000       .debug$S                   0000000180000000     sf_runtime:sf_runtime.dll
 0000:00000000       .debug$S                   0000000180000000     sf_runtime:sf_runtime.dll
 0000:00000000       .debug$S                   0000000180000000     sf_runtime:sf_runtime.dll
 0000:00000000       .debug$S                   0000000180000000     sf_runtime:sf_runtime.dll
 0000:00000000       .debug$S                   0000000180000000     libmwmathutil:libmwmathutil.dll
 0000:00000000       .debug$S                   0000000180000000     libmwmathutil:libmwmathutil.dll
 0000:00000000       .debug$S                   0000000180000000     sf_runtime:sf_runtime.dll
 0000:00000000       .debug$S                   0000000180000000     libut:libut.dll
 0000:00000000       .debug$S                   0000000180000000     libut:libut.dll
 0000:00000000       .debug$S                   0000000180000000     sf_runtime:sf_runtime.dll
 0000:00000000       .debug$S                   0000000180000000     libmex:libmex.dll
 0000:00000000       .debug$S                   0000000180000000     libmex:libmex.dll
 0000:00000000       .debug$S                   0000000180000000     libmex:libmex.dll
 0000:00000000       .debug$S                   0000000180000000     libmex:libmex.dll
 0000:00000000       .debug$S                   0000000180000000     libmex:libmex.dll
 0000:00000000       .debug$S                   0000000180000000     libmex:libmex.dll
 0000:00000000       .debug$S                   0000000180000000     libmex:libmex.dll
 0000:00000000       .debug$S                   0000000180000000     libmx:libmx.dll
 0000:00000000       .debug$S                   0000000180000000     libmx:libmx.dll
 0000:00000000       .debug$S                   0000000180000000     libmx:libmx.dll
 0000:00000000       .debug$S                   0000000180000000     libmx:libmx.dll
 0000:00000000       .debug$S                   0000000180000000     libmx:libmx.dll
 0000:00000000       .debug$S                   0000000180000000     libmx:libmx.dll
 0000:00000000       .debug$S                   0000000180000000     libmx:libmx.dll
 0000:00000000       .debug$S                   0000000180000000     libmx:libmx.dll
 0000:00000000       .debug$S                   0000000180000000     libmx:libmx.dll
 0000:00000000       .debug$S                   0000000180000000     libmx:libmx.dll
 0000:00000000       .debug$S                   0000000180000000     libmx:libmx.dll
 0000:00000000       .debug$S                   0000000180000000     sf_runtime:sf_runtime.dll
 0000:00000000       .debug$S                   0000000180000000     sf_runtime:sf_runtime.dll
 0000:00000000       .debug$S                   0000000180000000     sf_runtime:sf_runtime.dll
 0000:00000000       .debug$S                   0000000180000000     sf_runtime:sf_runtime.dll
 0000:00000000       .debug$S                   0000000180000000     sf_runtime:sf_runtime.dll
 0000:00000000       .debug$S                   0000000180000000     sf_runtime:sf_runtime.dll
 0000:00000000       .debug$S                   0000000180000000     sf_runtime:sf_runtime.dll
 0000:00000000       .debug$S                   0000000180000000     sf_runtime:sf_runtime.dll
 0000:00000000       .debug$S                   0000000180000000     sf_runtime:sf_runtime.dll
 0000:00000000       .debug$S                   0000000180000000     sf_runtime:sf_runtime.dll
 0000:00000000       .debug$S                   0000000180000000     sf_runtime:sf_runtime.dll
 0000:00000000       .debug$S                   0000000180000000     sf_runtime:sf_runtime.dll
 0000:00000000       .debug$S                   0000000180000000     sf_runtime:sf_runtime.dll
 0000:00000000       .debug$S                   0000000180000000     sf_runtime:sf_runtime.dll
 0000:00000000       .debug$S                   0000000180000000     sf_runtime:sf_runtime.dll
 0000:00000000       .debug$S                   0000000180000000     sf_runtime:sf_runtime.dll
 0000:00000000       .debug$S                   0000000180000000     sf_runtime:sf_runtime.dll
 0000:00000000       .debug$S                   0000000180000000     sf_runtime:sf_runtime.dll
 0000:00000000       .debug$S                   0000000180000000     sf_runtime:sf_runtime.dll
 0000:00000000       .debug$S                   0000000180000000     sf_runtime:sf_runtime.dll
 0000:00000000       .debug$S                   0000000180000000     sf_runtime:sf_runtime.dll
 0000:00000000       .debug$S                   0000000180000000     sf_runtime:sf_runtime.dll
 0000:00000000       .debug$S                   0000000180000000     sf_runtime:sf_runtime.dll
 0000:00000000       .debug$S                   0000000180000000     sf_runtime:sf_runtime.dll
 0000:00000000       .debug$S                   0000000180000000     sf_runtime:sf_runtime.dll
 0000:00000000       .debug$S                   0000000180000000     sf_runtime:sf_runtime.dll
 0000:00000000       .debug$S                   0000000180000000     sf_runtime:sf_runtime.dll
 0000:00000000       .debug$S                   0000000180000000     sf_runtime:sf_runtime.dll
 0000:00000000       .debug$S                   0000000180000000     sf_runtime:sf_runtime.dll
 0000:00000000       .debug$S                   0000000180000000     libmx:libmx.dll
 0000:00000000       .debug$S                   0000000180000000     libmx:libmx.dll
 0000:00000000       .debug$S                   0000000180000000     libmx:libmx.dll
 0000:00000000       .debug$S                   0000000180000000     libmx:libmx.dll
 0000:00000000       .debug$S                   0000000180000000     libmx:libmx.dll
 0000:00000000       .debug$S                   0000000180000000     libmx:libmx.dll
 0000:00000000       .debug$S                   0000000180000000     libmx:libmx.dll
 0000:00000000       .debug$S                   0000000180000000     libmx:libmx.dll
 0001:000010b0       initialize_c2_wheel1       00000001800020b0 f   c2_wheel1.obj
 0001:00001100       initialize_params_c2_wheel1 0000000180002100 f   c2_wheel1.obj
 0001:00001110       enable_c2_wheel1           0000000180002110 f   c2_wheel1.obj
 0001:00001140       disable_c2_wheel1          0000000180002140 f   c2_wheel1.obj
 0001:00001170       c2_update_debugger_state_c2_wheel1 0000000180002170 f   c2_wheel1.obj
 0001:00001180       get_sim_state_c2_wheel1    0000000180002180 f   c2_wheel1.obj
 0001:000014a0       set_sim_state_c2_wheel1    00000001800024a0 f   c2_wheel1.obj
 0001:00001630       finalize_c2_wheel1         0000000180002630 f   c2_wheel1.obj
 0001:00001640       sf_gateway_c2_wheel1       0000000180002640 f   c2_wheel1.obj
 0001:00001a10       c2_chartstep_c2_wheel1     0000000180002a10 f   c2_wheel1.obj
 0001:00003480       initSimStructsc2_wheel1    0000000180004480 f   c2_wheel1.obj
 0001:00003490       init_script_number_translation 0000000180004490 f   c2_wheel1.obj
 0001:000034b0       c2_sf_marshallOut          00000001800044b0 f   c2_wheel1.obj
 0001:00003560       c2_emlrt_marshallIn        0000000180004560 f   c2_wheel1.obj
 0001:000035d0       c2_b_emlrt_marshallIn      00000001800045d0 f   c2_wheel1.obj
 0001:00003660       c2_sf_marshallIn           0000000180004660 f   c2_wheel1.obj
 0001:00003700       c2_b_sf_marshallOut        0000000180004700 f   c2_wheel1.obj
 0001:00003850       c2_c_sf_marshallOut        0000000180004850 f   c2_wheel1.obj
 0001:00003a80       c2_c_emlrt_marshallIn      0000000180004a80 f   c2_wheel1.obj
 0001:00003c60       c2_b_sf_marshallIn         0000000180004c60 f   c2_wheel1.obj
 0001:00003dc0       c2_d_sf_marshallOut        0000000180004dc0 f   c2_wheel1.obj
 0001:00004010       c2_d_emlrt_marshallIn      0000000180005010 f   c2_wheel1.obj
 0001:00004220       c2_c_sf_marshallIn         0000000180005220 f   c2_wheel1.obj
 0001:000043a0       c2_e_emlrt_marshallIn      00000001800053a0 f   c2_wheel1.obj
 0001:00004490       c2_d_sf_marshallIn         0000000180005490 f   c2_wheel1.obj
 0001:00004590       c2_e_sf_marshallOut        0000000180005590 f   c2_wheel1.obj
 0001:000046c0       c2_f_sf_marshallOut        00000001800056c0 f   c2_wheel1.obj
 0001:000049c0       c2_f_emlrt_marshallIn      00000001800059c0 f   c2_wheel1.obj
 0001:00004ba0       c2_e_sf_marshallIn         0000000180005ba0 f   c2_wheel1.obj
 0001:00004d50       c2_info_helper             0000000180005d50 f   c2_wheel1.obj
 0001:00008070       c2_emlrt_marshallOut       0000000180009070 f   c2_wheel1.obj
 0001:00008100       c2_b_emlrt_marshallOut     0000000180009100 f   c2_wheel1.obj
 0001:00008170       c2_polyder                 0000000180009170 f   c2_wheel1.obj
 0001:00008840       c2_isfinite                0000000180009840 f   c2_wheel1.obj
 0001:00008910       c2_polyval                 0000000180009910 f   c2_wheel1.obj
 0001:00008b50       c2_trim_leading_zeros      0000000180009b50 f   c2_wheel1.obj
 0001:00009220       c2_h_emlrt_marshallIn      000000018000a220 f   c2_wheel1.obj
 0001:00009280       c2_i_emlrt_marshallIn      000000018000a280 f   c2_wheel1.obj
 0001:00009310       init_dsm_address_info      000000018000a310 f   c2_wheel1.obj
 0001:00009ce0       sf_get_sim_state_info_c2_wheel1 000000018000ace0 f   c2_wheel1.obj
 0001:00009db0       chart_debug_initialization 000000018000adb0 f   c2_wheel1.obj
 0001:0000ab80       sf_get_instance_specialization 000000018000bb80 f   c2_wheel1.obj
 0001:0000ab90       sf_opaque_initialize_c2_wheel1 000000018000bb90 f   c2_wheel1.obj
 0001:0000abd0       sf_opaque_enable_c2_wheel1 000000018000bbd0 f   c2_wheel1.obj
 0001:0000abf0       sf_opaque_disable_c2_wheel1 000000018000bbf0 f   c2_wheel1.obj
 0001:0000ac10       sf_opaque_gateway_c2_wheel1 000000018000bc10 f   c2_wheel1.obj
 0001:0000aef0       sf_opaque_get_sim_state_c2_wheel1 000000018000bef0 f   c2_wheel1.obj
 0001:0000af10       sf_opaque_set_sim_state_c2_wheel1 000000018000bf10 f   c2_wheel1.obj
 0001:0000af40       sf_opaque_terminate_c2_wheel1 000000018000bf40 f   c2_wheel1.obj
 0001:0000afe0       sf_opaque_init_subchart_simstructs 000000018000bfe0 f   c2_wheel1.obj
 0001:0000b000       mdlProcessParameters_c2_wheel1 000000018000c000 f   c2_wheel1.obj
 0001:0000b0e0       mdlSetWorkWidths_c2_wheel1 000000018000c0e0 f   c2_wheel1.obj
 0001:0000b660       mdlRTW_c2_wheel1           000000018000c660 f   c2_wheel1.obj
 0001:0000b6a0       mdlStart_c2_wheel1         000000018000c6a0 f   c2_wheel1.obj
 0001:0000c9b4       $LN107                     000000018000d9b4     wheel1_sfun_registry.obj
 0001:0000dce4       $LN17                      000000018000ece4     wheel1_sfun_registry.obj
 0001:0000e26c       $LN26                      000000018000f26c     wheel1_sfun_registry.obj
 0001:0000e954       $LN23                      000000018000f954     wheel1_sfun_registry.obj
 0001:0000ef30       $LN26                      000000018000ff30     wheel1_sfun_registry.obj
 0001:00010860       sf_debug_api_wrapper       0000000180011860 f   wheel1_sfun_registry.obj
 0001:000108b0       ProcessMexSfunctionCmdLineCall 00000001800118b0 f   wheel1_sfun_registry.obj
 0001:00010b70       getChartInfoFromSimStruct  0000000180011b70 f   wheel1_sfun_registry.obj
 0001:00010c30       mdlSetWorkWidths           0000000180011c30 f   wheel1_sfun_registry.obj
 0001:00010c60       mdlProcessParameters       0000000180011c60 f   wheel1_sfun_registry.obj
 0001:00010c90       mdl_start_processing       0000000180011c90 f   wheel1_sfun_registry.obj
 0001:00010d20       mdl_terminate_processing   0000000180011d20 f   wheel1_sfun_registry.obj
 0001:00010da0       mdlStart                   0000000180011da0 f   wheel1_sfun_registry.obj
 0001:00010dd0       mdlTerminate               0000000180011dd0 f   wheel1_sfun_registry.obj
 0001:00010e00       mdlInitializeSizes         0000000180011e00 f   wheel1_sfun_registry.obj
 0001:00010e30       mdlInitializeSampleTimes   0000000180011e30 f   wheel1_sfun_registry.obj
 0001:00010e60       mdl_outputs_continuous_legacy 0000000180011e60 f   wheel1_sfun_registry.obj
 0001:00010f60       mdl_outputs_processing     0000000180011f60 f   wheel1_sfun_registry.obj
 0001:00011060       mdl_zeroCrossings_processing 0000000180012060 f   wheel1_sfun_registry.obj
 0001:000110a0       mdlZeroCrossings           00000001800120a0 f   wheel1_sfun_registry.obj
 0001:000110d0       mdl_derivatives_processing 00000001800120d0 f   wheel1_sfun_registry.obj
 0001:00011120       mdlDerivatives             0000000180012120 f   wheel1_sfun_registry.obj
 0001:00011150       mdl_initialize_conditions_processing 0000000180012150 f   wheel1_sfun_registry.obj
 0001:000111a0       mdlInitializeConditions    00000001800121a0 f   wheel1_sfun_registry.obj
 0001:000111d0       mdl_ext_mode_exec_processing 00000001800121d0 f   wheel1_sfun_registry.obj
 0001:00011210       mdlExtModeExec             0000000180012210 f   wheel1_sfun_registry.obj
 0001:00011240       mdlRTW                     0000000180012240 f   wheel1_sfun_registry.obj
 0001:00011280       mdl_enable_processing      0000000180012280 f   wheel1_sfun_registry.obj
 0001:000112c0       mdlEnable                  00000001800122c0 f   wheel1_sfun_registry.obj
 0001:000112f0       mdl_disable_processing     00000001800122f0 f   wheel1_sfun_registry.obj
 0001:00011330       mdlDisable                 0000000180012330 f   wheel1_sfun_registry.obj
 0001:00011360       mdlOutputs                 0000000180012360 f   wheel1_sfun_registry.obj
 0001:00011530       mdlGetTimeOfNextVarHit     0000000180012530 f   wheel1_sfun_registry.obj
 0001:00011580       _RegNumInputPortsCB        0000000180012580 f   wheel1_sfun_registry.obj
 0001:00011600       _RegNumOutputPortsCB       0000000180012600 f   wheel1_sfun_registry.obj
 0001:00011680       _CreateSimStruct           0000000180012680 f   wheel1_sfun_registry.obj
 0001:00011810       _ssFatalError              0000000180012810 f   wheel1_sfun_registry.obj
 0001:000118c0       _ProcessMexSfunctionCmdLineCall 00000001800128c0 f   wheel1_sfun_registry.obj
 0001:000125c0       $$000000                   00000001800135c0     MSVCRT:amdsecgs.obj
 0001:0001261c       pre_c_init                 000000018001361c f   MSVCRT:crtdll.obj
 0001:00012914       __DllMainCRTStartup        0000000180013914 f   MSVCRT:crtdll.obj
 0001:00012e30       __DllMainCRTStartup$filt$0 0000000180013e30 f   MSVCRT:crtdll.obj
 0001:00012e55       __DllMainCRTStartup$fin$1  0000000180013e55 f   MSVCRT:crtdll.obj
 0001:00012e70       _IsNonwritableInCurrentImage$filt$0 0000000180013e70 f   MSVCRT:pesect.obj
 0001:00012e90       _onexit$fin$0              0000000180013e90 f   MSVCRT:atonexit.obj
 0002:00000470       pcinit                     0000000180014470     MSVCRT:crtdll.obj
 0002:00000478       pinit                      0000000180014478     MSVCRT:atonexit.obj
 0002:00000b00       GS_ExceptionPointers       0000000180014b00     MSVCRT:gs_report.obj
 0002:00000bd0       $unwind$load_wheel1_optimization_info 0000000180014bd0     wheel1_sfun.obj
 0002:00000bd8       $unwind$unload_wheel1_optimization_info 0000000180014bd8     wheel1_sfun.obj
 0002:00000be0       $unwind$sf_wheel1_method_dispatcher 0000000180014be0     wheel1_sfun.obj
 0002:00000be8       $unwind$sf_wheel1_process_check_sum_call 0000000180014be8     wheel1_sfun.obj
 0002:00000bf8       $unwind$sf_wheel1_autoinheritance_info 0000000180014bf8     wheel1_sfun.obj
 0002:00000c08       $unwind$sf_wheel1_get_eml_resolved_functions_info 0000000180014c08     wheel1_sfun.obj
 0002:00000c18       $unwind$sf_wheel1_third_party_uses_info 0000000180014c18     wheel1_sfun.obj
 0002:00000c28       $unwind$sf_wheel1_updateBuildInfo_args_info 0000000180014c28     wheel1_sfun.obj
 0002:00000c38       $unwind$wheel1_debug_initialize 0000000180014c38     wheel1_sfun.obj
 0002:00000c40       $unwind$sf_c2_wheel1_get_eml_resolved_functions_info 0000000180014c40     c2_wheel1.obj
 0002:00000c48       $unwind$sf_c2_wheel1_get_check_sum 0000000180014c48     c2_wheel1.obj
 0002:00000c50       $unwind$c2_wheel1_method_dispatcher 0000000180014c50     c2_wheel1.obj
 0002:00000c58       $unwind$initialize_c2_wheel1 0000000180014c58     c2_wheel1.obj
 0002:00000c60       $unwind$enable_c2_wheel1   0000000180014c60     c2_wheel1.obj
 0002:00000c68       $unwind$disable_c2_wheel1  0000000180014c68     c2_wheel1.obj
 0002:00000c70       $unwind$get_sim_state_c2_wheel1 0000000180014c70     c2_wheel1.obj
 0002:00000c78       $unwind$set_sim_state_c2_wheel1 0000000180014c78     c2_wheel1.obj
 0002:00000c80       $unwind$sf_gateway_c2_wheel1 0000000180014c80     c2_wheel1.obj
 0002:00000c88       $unwind$c2_chartstep_c2_wheel1 0000000180014c88     c2_wheel1.obj
 0002:00000c98       $unwind$c2_sf_marshallOut  0000000180014c98     c2_wheel1.obj
 0002:00000ca0       $unwind$c2_emlrt_marshallIn 0000000180014ca0     c2_wheel1.obj
 0002:00000ca8       $unwind$c2_b_emlrt_marshallIn 0000000180014ca8     c2_wheel1.obj
 0002:00000cb0       $unwind$c2_sf_marshallIn   0000000180014cb0     c2_wheel1.obj
 0002:00000cb8       $unwind$c2_b_sf_marshallOut 0000000180014cb8     c2_wheel1.obj
 0002:00000cc8       $unwind$c2_c_sf_marshallOut 0000000180014cc8     c2_wheel1.obj
 0002:00000cd0       $unwind$c2_c_emlrt_marshallIn 0000000180014cd0     c2_wheel1.obj
 0002:00000cd8       $unwind$c2_b_sf_marshallIn 0000000180014cd8     c2_wheel1.obj
 0002:00000ce0       $unwind$c2_d_sf_marshallOut 0000000180014ce0     c2_wheel1.obj
 0002:00000cf0       $unwind$c2_d_emlrt_marshallIn 0000000180014cf0     c2_wheel1.obj
 0002:00000d00       $unwind$c2_c_sf_marshallIn 0000000180014d00     c2_wheel1.obj
 0002:00000d10       $unwind$c2_e_emlrt_marshallIn 0000000180014d10     c2_wheel1.obj
 0002:00000d20       $unwind$c2_d_sf_marshallIn 0000000180014d20     c2_wheel1.obj
 0002:00000d30       $unwind$c2_e_sf_marshallOut 0000000180014d30     c2_wheel1.obj
 0002:00000d38       $unwind$c2_f_sf_marshallOut 0000000180014d38     c2_wheel1.obj
 0002:00000d40       $unwind$c2_f_emlrt_marshallIn 0000000180014d40     c2_wheel1.obj
 0002:00000d48       $unwind$c2_e_sf_marshallIn 0000000180014d48     c2_wheel1.obj
 0002:00000d50       $unwind$c2_info_helper     0000000180014d50     c2_wheel1.obj
 0002:00000d58       $unwind$c2_emlrt_marshallOut 0000000180014d58     c2_wheel1.obj
 0002:00000d60       $unwind$c2_b_emlrt_marshallOut 0000000180014d60     c2_wheel1.obj
 0002:00000d68       $unwind$c2_polyder         0000000180014d68     c2_wheel1.obj
 0002:00000d78       $unwind$c2_isfinite        0000000180014d78     c2_wheel1.obj
 0002:00000d80       $unwind$c2_polyval         0000000180014d80     c2_wheel1.obj
 0002:00000d88       $unwind$c2_trim_leading_zeros 0000000180014d88     c2_wheel1.obj
 0002:00000d90       $unwind$c2_h_emlrt_marshallIn 0000000180014d90     c2_wheel1.obj
 0002:00000d98       $unwind$c2_i_emlrt_marshallIn 0000000180014d98     c2_wheel1.obj
 0002:00000da0       $unwind$sf_c2_wheel1_get_autoinheritance_info 0000000180014da0     c2_wheel1.obj
 0002:00000da8       $unwind$sf_c2_wheel1_third_party_uses_info 0000000180014da8     c2_wheel1.obj
 0002:00000db0       $unwind$sf_c2_wheel1_updateBuildInfo_args_info 0000000180014db0     c2_wheel1.obj
 0002:00000db8       $unwind$sf_get_sim_state_info_c2_wheel1 0000000180014db8     c2_wheel1.obj
 0002:00000dc0       $unwind$chart_debug_initialization 0000000180014dc0     c2_wheel1.obj
 0002:00000dc8       $unwind$sf_opaque_initialize_c2_wheel1 0000000180014dc8     c2_wheel1.obj
 0002:00000dd0       $unwind$sf_opaque_enable_c2_wheel1 0000000180014dd0     c2_wheel1.obj
 0002:00000dd8       $unwind$sf_opaque_disable_c2_wheel1 0000000180014dd8     c2_wheel1.obj
 0002:00000de0       $unwind$sf_opaque_gateway_c2_wheel1 0000000180014de0     c2_wheel1.obj
 0002:00000de8       $unwind$sf_internal_get_sim_state_c2_wheel1 0000000180014de8     c2_wheel1.obj
 0002:00000df0       $unwind$sf_internal_set_sim_state_c2_wheel1 0000000180014df0     c2_wheel1.obj
 0002:00000df8       $unwind$sf_opaque_get_sim_state_c2_wheel1 0000000180014df8     c2_wheel1.obj
 0002:00000e00       $unwind$sf_opaque_set_sim_state_c2_wheel1 0000000180014e00     c2_wheel1.obj
 0002:00000e08       $unwind$sf_opaque_terminate_c2_wheel1 0000000180014e08     c2_wheel1.obj
 0002:00000e10       $unwind$sf_opaque_init_subchart_simstructs 0000000180014e10     c2_wheel1.obj
 0002:00000e18       $unwind$mdlProcessParameters_c2_wheel1 0000000180014e18     c2_wheel1.obj
 0002:00000e20       $unwind$mdlSetWorkWidths_c2_wheel1 0000000180014e20     c2_wheel1.obj
 0002:00000e28       $unwind$mdlRTW_c2_wheel1   0000000180014e28     c2_wheel1.obj
 0002:00000e30       $unwind$mdlStart_c2_wheel1 0000000180014e30     c2_wheel1.obj
 0002:00000e38       $unwind$mexFunction        0000000180014e38     wheel1_sfun_registry.obj
 0002:00000e40       $unwind$_ssSetInputPortDirectFeedThroughFcn 0000000180014e40     wheel1_sfun_registry.obj
 0002:00000e48       $unwind$_ssGetInputPortSignalPtrsFcn 0000000180014e48     wheel1_sfun_registry.obj
 0002:00000e50       $unwind$_ssGetInputPortSignalFcn 0000000180014e50     wheel1_sfun_registry.obj
 0002:00000e58       $unwind$_ssSetInputPortReusableFcn 0000000180014e58     wheel1_sfun_registry.obj
 0002:00000e68       $unwind$_ssSetOutputPortReusableFcn 0000000180014e68     wheel1_sfun_registry.obj
 0002:00000e78       $unwind$ssGetIsZeroCrossControlDisabled 0000000180014e78     wheel1_sfun_registry.obj
 0002:00000e80       $unwind$ssSetIsInputPortUsedForContZcSignal 0000000180014e80     wheel1_sfun_registry.obj
 0002:00000e88       $unwind$ssSetZcSignalIsZcElementDisc 0000000180014e88     wheel1_sfun_registry.obj
 0002:00000e98       $unwind$ssSetZcSignalName  0000000180014e98     wheel1_sfun_registry.obj
 0002:00000ea0       $unwind$ssSetZcSignalWidth 0000000180014ea0     wheel1_sfun_registry.obj
 0002:00000ea8       $unwind$ssSetZcSignalZcEventType 0000000180014ea8     wheel1_sfun_registry.obj
 0002:00000eb0       $unwind$ssSetZcSignalType  0000000180014eb0     wheel1_sfun_registry.obj
 0002:00000eb8       $unwind$ssSetZcSignalZcTol 0000000180014eb8     wheel1_sfun_registry.obj
 0002:00000ec0       $unwind$ssSetZcSignalNeedsEventNotification 0000000180014ec0     wheel1_sfun_registry.obj
 0002:00000ec8       $unwind$ssCreateAndAddZcSignalInfo 0000000180014ec8     wheel1_sfun_registry.obj
 0002:00000ed0       $unwind$ssCloneAndAddZcSignalInfo 0000000180014ed0     wheel1_sfun_registry.obj
 0002:00000ed8       $unwind$ssGetNumZcSignals  0000000180014ed8     wheel1_sfun_registry.obj
 0002:00000ee0       $unwind$ssGetZcSignalVector 0000000180014ee0     wheel1_sfun_registry.obj
 0002:00000ee8       $unwind$ssGetZcSignalName  0000000180014ee8     wheel1_sfun_registry.obj
 0002:00000ef0       $unwind$ssGetZcSignalWidth 0000000180014ef0     wheel1_sfun_registry.obj
 0002:00000ef8       $unwind$ssGetZcSignalZcEventType 0000000180014ef8     wheel1_sfun_registry.obj
 0002:00000f00       $unwind$ssGetZcSignalZcEvents 0000000180014f00     wheel1_sfun_registry.obj
 0002:00000f08       $unwind$ssGetZcSignalType  0000000180014f08     wheel1_sfun_registry.obj
 0002:00000f10       $unwind$ssGetZcSignalZcTol 0000000180014f10     wheel1_sfun_registry.obj
 0002:00000f18       $unwind$ssGetZcSignalNeedsEventNotification 0000000180014f18     wheel1_sfun_registry.obj
 0002:00000f20       $unwind$ssGetZcSignalIsZcElementDisc 0000000180014f20     wheel1_sfun_registry.obj
 0002:00000f30       $unwind$ssGetIsInputPortElementContinuous 0000000180014f30     wheel1_sfun_registry.obj
 0002:00000f40       $unwind$ssGetDTypeIdFromMxArray 0000000180014f40     wheel1_sfun_registry.obj
 0002:00000f48       $unwind$ssWriteRTWStr      0000000180014f48     wheel1_sfun_registry.obj
 0002:00000f50       $unwind$ssWriteRTWNameValuePair 0000000180014f50     wheel1_sfun_registry.obj
 0002:00000f58       $unwind$ssWriteRTWParamSettings 0000000180014f58     wheel1_sfun_registry.obj
 0002:00000f60       $unwind$ssWriteRTWParameters 0000000180014f60     wheel1_sfun_registry.obj
 0002:00000f68       $unwind$ssWriteRTWWorkVect 0000000180014f68     wheel1_sfun_registry.obj
 0002:00000f7c       $unwind$ssWriteRTWMxVectParam 0000000180014f7c     wheel1_sfun_registry.obj
 0002:00000f84       $unwind$ssWriteRTWMx2dMatParam 0000000180014f84     wheel1_sfun_registry.obj
 0002:00000f8c       $unwind$_ssSetInputPortMatrixDimensions 0000000180014f8c     wheel1_sfun_registry.obj
 0002:00000f98       $unwind$_ssSetOutputPortMatrixDimensions 0000000180014f98     wheel1_sfun_registry.obj
 0002:00000fa4       $unwind$_ssSetInputPortVectorDimension 0000000180014fa4     wheel1_sfun_registry.obj
 0002:00000fb0       $unwind$_ssSetOutputPortVectorDimension 0000000180014fb0     wheel1_sfun_registry.obj
 0002:00000fbc       $unwind$ssIsRunTimeParamTunable 0000000180014fbc     wheel1_sfun_registry.obj
 0002:00000fc4       $unwind$ssGetSFuncBlockHandle 0000000180014fc4     wheel1_sfun_registry.obj
 0002:00000fcc       $unwind$_ssGetCurrentInputPortWidth 0000000180014fcc     wheel1_sfun_registry.obj
 0002:00000fd4       $unwind$_ssGetCurrentOutputPortWidth 0000000180014fd4     wheel1_sfun_registry.obj
 0002:00000fdc       $unwind$_ssGetCallSystemNumFcnCallDestinations 0000000180014fdc     wheel1_sfun_registry.obj
 0002:00000fe4       $unwind$ssWarning          0000000180014fe4     wheel1_sfun_registry.obj
 0002:00000ff8       $unwind$_ssGetAbsTol       0000000180014ff8     wheel1_sfun_registry.obj
 0002:00001000       $unwind$sf_process_check_sum_call 0000000180015000     wheel1_sfun_registry.obj
 0002:00001008       $unwind$sf_process_autoinheritance_call 0000000180015008     wheel1_sfun_registry.obj
 0002:00001018       $unwind$sf_process_get_third_party_uses_info_call 0000000180015018     wheel1_sfun_registry.obj
 0002:00001028       $unwind$sf_process_get_updateBuildInfo_args_info_call 0000000180015028     wheel1_sfun_registry.obj
 0002:00001038       $unwind$sf_process_get_eml_resolved_functions_info_call 0000000180015038     wheel1_sfun_registry.obj
 0002:00001048       $unwind$sf_mex_unlock_call 0000000180015048     wheel1_sfun_registry.obj
 0002:00001058       $unwind$sf_debug_api_wrapper 0000000180015058     wheel1_sfun_registry.obj
 0002:00001060       $unwind$ProcessMexSfunctionCmdLineCall 0000000180015060     wheel1_sfun_registry.obj
 0002:00001068       $unwind$sf_machine_global_initializer_called 0000000180015068     wheel1_sfun_registry.obj
 0002:00001070       $unwind$sf_machine_global_method_dispatcher 0000000180015070     wheel1_sfun_registry.obj
 0002:00001078       $unwind$sf_machine_global_terminator 0000000180015078     wheel1_sfun_registry.obj
 0002:00001080       $unwind$sf_register_machine_exported_symbols 0000000180015080     wheel1_sfun_registry.obj
 0002:00001088       $unwind$sf_machine_global_initializer 0000000180015088     wheel1_sfun_registry.obj
 0002:00001090       $unwind$getChartInfoFromSimStruct 0000000180015090     wheel1_sfun_registry.obj
 0002:00001098       $unwind$mdlGetSimState     0000000180015098     wheel1_sfun_registry.obj
 0002:000010a0       $unwind$mdlSetSimState     00000001800150a0     wheel1_sfun_registry.obj
 0002:000010a8       $unwind$mdlSetWorkWidths   00000001800150a8     wheel1_sfun_registry.obj
 0002:000010b0       $unwind$mdlProcessParameters 00000001800150b0     wheel1_sfun_registry.obj
 0002:000010b8       $unwind$mdl_start_processing 00000001800150b8     wheel1_sfun_registry.obj
 0002:000010c0       $unwind$mdl_terminate_processing 00000001800150c0     wheel1_sfun_registry.obj
 0002:000010c8       $unwind$mdlStart           00000001800150c8     wheel1_sfun_registry.obj
 0002:000010d0       $unwind$mdlTerminate       00000001800150d0     wheel1_sfun_registry.obj
 0002:000010d8       $unwind$mdlInitializeSizes 00000001800150d8     wheel1_sfun_registry.obj
 0002:000010e0       $unwind$mdlInitializeSampleTimes 00000001800150e0     wheel1_sfun_registry.obj
 0002:000010e8       $unwind$mdl_outputs_continuous_legacy 00000001800150e8     wheel1_sfun_registry.obj
 0002:000010f0       $unwind$mdl_outputs_processing 00000001800150f0     wheel1_sfun_registry.obj
 0002:000010f8       $unwind$mdl_zeroCrossings_processing 00000001800150f8     wheel1_sfun_registry.obj
 0002:00001100       $unwind$mdlZeroCrossings   0000000180015100     wheel1_sfun_registry.obj
 0002:00001108       $unwind$mdl_derivatives_processing 0000000180015108     wheel1_sfun_registry.obj
 0002:00001110       $unwind$mdlDerivatives     0000000180015110     wheel1_sfun_registry.obj
 0002:00001118       $unwind$mdl_initialize_conditions_processing 0000000180015118     wheel1_sfun_registry.obj
 0002:00001120       $unwind$mdlInitializeConditions 0000000180015120     wheel1_sfun_registry.obj
 0002:00001128       $unwind$mdl_ext_mode_exec_processing 0000000180015128     wheel1_sfun_registry.obj
 0002:00001130       $unwind$mdlExtModeExec     0000000180015130     wheel1_sfun_registry.obj
 0002:00001138       $unwind$mdlRTW             0000000180015138     wheel1_sfun_registry.obj
 0002:00001140       $unwind$mdl_enable_processing 0000000180015140     wheel1_sfun_registry.obj
 0002:00001148       $unwind$mdlEnable          0000000180015148     wheel1_sfun_registry.obj
 0002:00001150       $unwind$mdl_disable_processing 0000000180015150     wheel1_sfun_registry.obj
 0002:00001158       $unwind$mdlDisable         0000000180015158     wheel1_sfun_registry.obj
 0002:00001160       $unwind$mdlOutputs         0000000180015160     wheel1_sfun_registry.obj
 0002:00001168       $unwind$ProcessMexSfunctionEveryCall 0000000180015168     wheel1_sfun_registry.obj
 0002:00001170       $unwind$_RegNumInputPortsCB 0000000180015170     wheel1_sfun_registry.obj
 0002:00001178       $unwind$_RegNumOutputPortsCB 0000000180015178     wheel1_sfun_registry.obj
[...]
 0003:00003539       $SG18483                   000000018001a539     c2_wheel1.obj
 0003:0000353a       $SG18487                   000000018001a53a     c2_wheel1.obj
 0003:0000353b       $SG18507                   000000018001a53b     c2_wheel1.obj
 0003:0000353c       $SG18508                   000000018001a53c     c2_wheel1.obj
 0003:0000353d       $SG17748                   000000018001a53d     c2_wheel1.obj
 0003:0000353e       $SG17778                   000000018001a53e     c2_wheel1.obj
 0003:0000353f       $SG17844                   000000018001a53f     c2_wheel1.obj
 0003:00003540       $SG17868                   000000018001a540     c2_wheel1.obj
 0003:00003541       $SG17940                   000000018001a541     c2_wheel1.obj
 0003:00003542       $SG17994                   000000018001a542     c2_wheel1.obj
 0003:00003543       $SG18042                   000000018001a543     c2_wheel1.obj
 0003:00003544       $SG18066                   000000018001a544     c2_wheel1.obj
 0003:00003545       $SG17198                   000000018001a545     c2_wheel1.obj
 0003:00003546       $SG17204                   000000018001a546     c2_wheel1.obj
 0003:00003547       $SG17213                   000000018001a547     c2_wheel1.obj
 0003:00003548       $SG17219                   000000018001a548     c2_wheel1.obj
 0003:00003549       $SG18309                   000000018001a549     c2_wheel1.obj
 0003:0000354a       $SG18313                   000000018001a54a     c2_wheel1.obj
 0003:0000354b       $SG18333                   000000018001a54b     c2_wheel1.obj
 0003:0000354c       $SG18334                   000000018001a54c     c2_wheel1.obj
 0003:0000354d       $SG18349                   000000018001a54d     c2_wheel1.obj
 0003:0000354e       $SG18350                   000000018001a54e     c2_wheel1.obj
 0003:0000354f       $SG18357                   000000018001a54f     c2_wheel1.obj
 0003:00003550       $SG18396                   000000018001a550     c2_wheel1.obj
 0003:00003551       $SG18408                   000000018001a551     c2_wheel1.obj
 0003:00003558       _sfTime_                   000000018001a558     c2_wheel1.obj
 0003:00003560       sfGlobalMdlStartCallCounts 000000018001a560     wheel1_sfun_registry.obj
 0003:00003564       $SG15946                   000000018001a564     wheel1_sfun_registry.obj
 0003:00003570       ?errmsg@?N@??ssWriteRTWWorkVect@@9@9 000000018001a570     wheel1_sfun_registry.obj
 0003:00003640       GS_ExceptionRecord         000000018001a640     MSVCRT:gs_report.obj
 0003:000036e0       GS_ContextRecord           000000018001a6e0     MSVCRT:gs_report.obj
 0003:00003bb0       DebuggerWasPresent         000000018001abb0     MSVCRT:gs_report.obj
 0003:00003bb4       __proc_attached            000000018001abb4     MSVCRT:crtdll.obj
 0004:00000000       $pdata$load_wheel1_optimization_info 000000018001b000     wheel1_sfun.obj
 0004:0000000c       $pdata$unload_wheel1_optimization_info 000000018001b00c     wheel1_sfun.obj
 0004:00000018       $pdata$sf_wheel1_method_dispatcher 000000018001b018     wheel1_sfun.obj
 0004:00000024       $pdata$sf_wheel1_process_check_sum_call 000000018001b024     wheel1_sfun.obj
 0004:00000030       $pdata$sf_wheel1_autoinheritance_info 000000018001b030     wheel1_sfun.obj
 0004:0000003c       $pdata$sf_wheel1_get_eml_resolved_functions_info 000000018001b03c     wheel1_sfun.obj
 0004:00000048       $pdata$sf_wheel1_third_party_uses_info 000000018001b048     wheel1_sfun.obj
 0004:00000054       $pdata$sf_wheel1_updateBuildInfo_args_info 000000018001b054     wheel1_sfun.obj
 0004:00000060       $pdata$wheel1_debug_initialize 000000018001b060     wheel1_sfun.obj
 0004:0000006c       $pdata$sf_c2_wheel1_get_eml_resolved_functions_info 000000018001b06c     c2_wheel1.obj
 0004:00000078       $pdata$sf_c2_wheel1_get_check_sum 000000018001b078     c2_wheel1.obj
 0004:00000084       $pdata$c2_wheel1_method_dispatcher 000000018001b084     c2_wheel1.obj
 0004:00000090       $pdata$initialize_c2_wheel1 000000018001b090     c2_wheel1.obj
 0004:0000009c       $pdata$enable_c2_wheel1    000000018001b09c     c2_wheel1.obj
 0004:000000a8       $pdata$disable_c2_wheel1   000000018001b0a8     c2_wheel1.obj
 0004:000000b4       $pdata$get_sim_state_c2_wheel1 000000018001b0b4     c2_wheel1.obj
 0004:000000c0       $pdata$set_sim_state_c2_wheel1 000000018001b0c0     c2_wheel1.obj
 0004:000000cc       $pdata$sf_gateway_c2_wheel1 000000018001b0cc     c2_wheel1.obj
 0004:000000d8       $pdata$c2_chartstep_c2_wheel1 000000018001b0d8     c2_wheel1.obj
 0004:000000e4       $pdata$c2_sf_marshallOut   000000018001b0e4     c2_wheel1.obj
 0004:000000f0       $pdata$c2_emlrt_marshallIn 000000018001b0f0     c2_wheel1.obj
 0004:000000fc       $pdata$c2_b_emlrt_marshallIn 000000018001b0fc     c2_wheel1.obj
 0004:00000108       $pdata$c2_sf_marshallIn    000000018001b108     c2_wheel1.obj
 0004:00000114       $pdata$c2_b_sf_marshallOut 000000018001b114     c2_wheel1.obj
 0004:00000120       $pdata$c2_c_sf_marshallOut 000000018001b120     c2_wheel1.obj
 0004:0000012c       $pdata$c2_c_emlrt_marshallIn 000000018001b12c     c2_wheel1.obj
 0004:00000138       $pdata$c2_b_sf_marshallIn  000000018001b138     c2_wheel1.obj
 0004:00000144       $pdata$c2_d_sf_marshallOut 000000018001b144     c2_wheel1.obj
 0004:00000150       $pdata$c2_d_emlrt_marshallIn 000000018001b150     c2_wheel1.obj
 0004:0000015c       $pdata$c2_c_sf_marshallIn  000000018001b15c     c2_wheel1.obj
 0004:00000168       $pdata$c2_e_emlrt_marshallIn 000000018001b168     c2_wheel1.obj
 0004:00000174       $pdata$c2_d_sf_marshallIn  000000018001b174     c2_wheel1.obj
 0004:00000180       $pdata$c2_e_sf_marshallOut 000000018001b180     c2_wheel1.obj
 0004:0000018c       $pdata$c2_f_sf_marshallOut 000000018001b18c     c2_wheel1.obj
 0004:00000198       $pdata$c2_f_emlrt_marshallIn 000000018001b198     c2_wheel1.obj
 0004:000001a4       $pdata$c2_e_sf_marshallIn  000000018001b1a4     c2_wheel1.obj
 0004:000001b0       $pdata$c2_info_helper      000000018001b1b0     c2_wheel1.obj
 0004:000001bc       $pdata$c2_emlrt_marshallOut 000000018001b1bc     c2_wheel1.obj
 0004:000001c8       $pdata$c2_b_emlrt_marshallOut 000000018001b1c8     c2_wheel1.obj
 0004:000001d4       $pdata$c2_polyder          000000018001b1d4     c2_wheel1.obj
 0004:000001e0       $pdata$c2_isfinite         000000018001b1e0     c2_wheel1.obj
 0004:000001ec       $pdata$c2_polyval          000000018001b1ec     c2_wheel1.obj
 0004:000001f8       $pdata$c2_trim_leading_zeros 000000018001b1f8     c2_wheel1.obj
 0004:00000204       $pdata$c2_h_emlrt_marshallIn 000000018001b204     c2_wheel1.obj
 0004:00000210       $pdata$c2_i_emlrt_marshallIn 000000018001b210     c2_wheel1.obj
 0004:0000021c       $pdata$sf_c2_wheel1_get_autoinheritance_info 000000018001b21c     c2_wheel1.obj
 0004:00000228       $pdata$sf_c2_wheel1_third_party_uses_info 000000018001b228     c2_wheel1.obj
 0004:00000234       $pdata$sf_c2_wheel1_updateBuildInfo_args_info 000000018001b234     c2_wheel1.obj
 0004:00000240       $pdata$sf_get_sim_state_info_c2_wheel1 000000018001b240     c2_wheel1.obj
 0004:0000024c       $pdata$chart_debug_initialization 000000018001b24c     c2_wheel1.obj
 0004:00000258       $pdata$sf_opaque_initialize_c2_wheel1 000000018001b258     c2_wheel1.obj
 0004:00000264       $pdata$sf_opaque_enable_c2_wheel1 000000018001b264     c2_wheel1.obj
 0004:00000270       $pdata$sf_opaque_disable_c2_wheel1 000000018001b270     c2_wheel1.obj
 0004:0000027c       $pdata$sf_opaque_gateway_c2_wheel1 000000018001b27c     c2_wheel1.obj
 0004:00000288       $pdata$sf_internal_get_sim_state_c2_wheel1 000000018001b288     c2_wheel1.obj
 0004:00000294       $pdata$sf_internal_set_sim_state_c2_wheel1 000000018001b294     c2_wheel1.obj
 0004:000002a0       $pdata$sf_opaque_get_sim_state_c2_wheel1 000000018001b2a0     c2_wheel1.obj
 0004:000002ac       $pdata$sf_opaque_set_sim_state_c2_wheel1 000000018001b2ac     c2_wheel1.obj
 0004:000002b8       $pdata$sf_opaque_terminate_c2_wheel1 000000018001b2b8     c2_wheel1.obj
 0004:000002c4       $pdata$sf_opaque_init_subchart_simstructs 000000018001b2c4     c2_wheel1.obj
 0004:000002d0       $pdata$mdlProcessParameters_c2_wheel1 000000018001b2d0     c2_wheel1.obj
 0004:000002dc       $pdata$mdlSetWorkWidths_c2_wheel1 000000018001b2dc     c2_wheel1.obj
 0004:000002e8       $pdata$mdlRTW_c2_wheel1    000000018001b2e8     c2_wheel1.obj
 0004:000002f4       $pdata$mdlStart_c2_wheel1  000000018001b2f4     c2_wheel1.obj
 0004:00000300       $pdata$mexFunction         000000018001b300     wheel1_sfun_registry.obj
 0004:0000030c       $pdata$_ssSetInputPortDirectFeedThroughFcn 000000018001b30c     wheel1_sfun_registry.obj
 0004:00000318       $pdata$_ssGetInputPortSignalPtrsFcn 000000018001b318     wheel1_sfun_registry.obj
 0004:00000324       $pdata$_ssGetInputPortSignalFcn 000000018001b324     wheel1_sfun_registry.obj
 0004:00000330       $pdata$_ssSetInputPortReusableFcn 000000018001b330     wheel1_sfun_registry.obj
 0004:0000033c       $pdata$_ssSetOutputPortReusableFcn 000000018001b33c     wheel1_sfun_registry.obj
 0004:00000348       $pdata$ssGetIsZeroCrossControlDisabled 000000018001b348     wheel1_sfun_registry.obj
 0004:00000354       $pdata$ssSetIsInputPortUsedForContZcSignal 000000018001b354     wheel1_sfun_registry.obj
 0004:00000360       $pdata$ssSetZcSignalIsZcElementDisc 000000018001b360     wheel1_sfun_registry.obj
 0004:0000036c       $pdata$ssSetZcSignalName   000000018001b36c     wheel1_sfun_registry.obj
 0004:00000378       $pdata$ssSetZcSignalWidth  000000018001b378     wheel1_sfun_registry.obj
 0004:00000384       $pdata$ssSetZcSignalZcEventType 000000018001b384     wheel1_sfun_registry.obj
 0004:00000390       $pdata$ssSetZcSignalType   000000018001b390     wheel1_sfun_registry.obj
 0004:0000039c       $pdata$ssSetZcSignalZcTol  000000018001b39c     wheel1_sfun_registry.obj
 0004:000003a8       $pdata$ssSetZcSignalNeedsEventNotification 000000018001b3a8     wheel1_sfun_registry.obj
 0004:000003b4       $pdata$ssCreateAndAddZcSignalInfo 000000018001b3b4     wheel1_sfun_registry.obj
 0004:000003c0       $pdata$ssCloneAndAddZcSignalInfo 000000018001b3c0     wheel1_sfun_registry.obj
 0004:000003cc       $pdata$ssGetNumZcSignals   000000018001b3cc     wheel1_sfun_registry.obj
 0004:000003d8       $pdata$ssGetZcSignalVector 000000018001b3d8     wheel1_sfun_registry.obj
 0004:000003e4       $pdata$ssGetZcSignalName   000000018001b3e4     wheel1_sfun_registry.obj
 0004:000003f0       $pdata$ssGetZcSignalWidth  000000018001b3f0     wheel1_sfun_registry.obj
 0004:000003fc       $pdata$ssGetZcSignalZcEventType 000000018001b3fc     wheel1_sfun_registry.obj
 0004:00000408       $pdata$ssGetZcSignalZcEvents 000000018001b408     wheel1_sfun_registry.obj
 0004:00000414       $pdata$ssGetZcSignalType   000000018001b414     wheel1_sfun_registry.obj
 0004:00000420       $pdata$ssGetZcSignalZcTol  000000018001b420     wheel1_sfun_registry.obj
 0004:0000042c       $pdata$ssGetZcSignalNeedsEventNotification 000000018001b42c     wheel1_sfun_registry.obj
 0004:00000438       $pdata$ssGetZcSignalIsZcElementDisc 000000018001b438     wheel1_sfun_registry.obj
 0004:00000444       $pdata$ssGetIsInputPortElementContinuous 000000018001b444     wheel1_sfun_registry.obj
 0004:00000450       $pdata$ssGetDTypeIdFromMxArray 000000018001b450     wheel1_sfun_registry.obj
 0004:0000045c       $pdata$ssWriteRTWStr       000000018001b45c     wheel1_sfun_registry.obj
 0004:00000468       $pdata$ssWriteRTWNameValuePair 000000018001b468     wheel1_sfun_registry.obj
 0004:00000474       $pdata$ssWriteRTWParamSettings 000000018001b474     wheel1_sfun_registry.obj
 0004:00000480       $pdata$ssWriteRTWParameters 000000018001b480     wheel1_sfun_registry.obj
 0004:0000048c       $pdata$ssWriteRTWWorkVect  000000018001b48c     wheel1_sfun_registry.obj
 0004:00000498       $pdata$ssWriteRTWMxVectParam 000000018001b498     wheel1_sfun_registry.obj
 0004:000004a4       $pdata$ssWriteRTWMx2dMatParam 000000018001b4a4     wheel1_sfun_registry.obj
 0004:000004b0       $pdata$_ssSetInputPortMatrixDimensions 000000018001b4b0     wheel1_sfun_registry.obj
 0004:000004bc       $pdata$_ssSetOutputPortMatrixDimensions 000000018001b4bc     wheel1_sfun_registry.obj
 0004:000004c8       $pdata$_ssSetInputPortVectorDimension 000000018001b4c8     wheel1_sfun_registry.obj
 0004:000004d4       $pdata$_ssSetOutputPortVectorDimension 000000018001b4d4     wheel1_sfun_registry.obj
 0004:000004e0       $pdata$ssIsRunTimeParamTunable 000000018001b4e0     wheel1_sfun_registry.obj
 0004:000004ec       $pdata$ssGetSFuncBlockHandle 000000018001b4ec     wheel1_sfun_registry.obj
 0004:000004f8       $pdata$_ssGetCurrentInputPortWidth 000000018001b4f8     wheel1_sfun_registry.obj
 0004:00000504       $pdata$_ssGetCurrentOutputPortWidth 000000018001b504     wheel1_sfun_registry.obj
 0004:00000510       $pdata$_ssGetCallSystemNumFcnCallDestinations 000000018001b510     wheel1_sfun_registry.obj
 0004:0000051c       $pdata$ssWarning           000000018001b51c     wheel1_sfun_registry.obj
 0004:00000528       $pdata$_ssGetAbsTol        000000018001b528     wheel1_sfun_registry.obj
 0004:00000534       $pdata$sf_process_check_sum_call 000000018001b534     wheel1_sfun_registry.obj
 0004:00000540       $pdata$sf_process_autoinheritance_call 000000018001b540     wheel1_sfun_registry.obj
 0004:0000054c       $pdata$sf_process_get_third_party_uses_info_call 000000018001b54c     wheel1_sfun_registry.obj
 0004:00000558       $pdata$sf_process_get_updateBuildInfo_args_info_call 000000018001b558     wheel1_sfun_registry.obj
 0004:00000564       $pdata$sf_process_get_eml_resolved_functions_info_call 000000018001b564     wheel1_sfun_registry.obj
 0004:00000570       $pdata$sf_mex_unlock_call  000000018001b570     wheel1_sfun_registry.obj
 0004:0000057c       $pdata$sf_debug_api_wrapper 000000018001b57c     wheel1_sfun_registry.obj
 0004:00000588       $pdata$ProcessMexSfunctionCmdLineCall 000000018001b588     wheel1_sfun_registry.obj
 0004:00000594       $pdata$sf_machine_global_initializer_called 000000018001b594     wheel1_sfun_registry.obj
 0004:000005a0       $pdata$sf_machine_global_method_dispatcher 000000018001b5a0     wheel1_sfun_registry.obj
 0004:000005ac       $pdata$sf_machine_global_terminator 000000018001b5ac     wheel1_sfun_registry.obj
 0004:000005b8       $pdata$sf_register_machine_exported_symbols 000000018001b5b8     wheel1_sfun_registry.obj
 0004:000005c4       $pdata$sf_machine_global_initializer 000000018001b5c4     wheel1_sfun_registry.obj
 0004:000005d0       $pdata$getChartInfoFromSimStruct 000000018001b5d0     wheel1_sfun_registry.obj
 0004:000005dc       $pdata$mdlGetSimState      000000018001b5dc     wheel1_sfun_registry.obj
 0004:000005e8       $pdata$mdlSetSimState      000000018001b5e8     wheel1_sfun_registry.obj
 0004:000005f4       $pdata$mdlSetWorkWidths    000000018001b5f4     wheel1_sfun_registry.obj
 0004:00000600       $pdata$mdlProcessParameters 000000018001b600     wheel1_sfun_registry.obj
 0004:0000060c       $pdata$mdl_start_processing 000000018001b60c     wheel1_sfun_registry.obj
 0004:00000618       $pdata$mdl_terminate_processing 000000018001b618     wheel1_sfun_registry.obj
 0004:00000624       $pdata$mdlStart            000000018001b624     wheel1_sfun_registry.obj
 0004:00000630       $pdata$mdlTerminate        000000018001b630     wheel1_sfun_registry.obj
 0004:0000063c       $pdata$mdlInitializeSizes  000000018001b63c     wheel1_sfun_registry.obj
 0004:00000648       $pdata$mdlInitializeSampleTimes 000000018001b648     wheel1_sfun_registry.obj
 0004:00000654       $pdata$mdl_outputs_continuous_legacy 000000018001b654     wheel1_sfun_registry.obj
 0004:00000660       $pdata$mdl_outputs_processing 000000018001b660     wheel1_sfun_registry.obj
 0004:0000066c       $pdata$mdl_zeroCrossings_processing 000000018001b66c     wheel1_sfun_registry.obj
 0004:00000678       $pdata$mdlZeroCrossings    000000018001b678     wheel1_sfun_registry.obj
 0004:00000684       $pdata$mdl_derivatives_processing 000000018001b684     wheel1_sfun_registry.obj
 0004:00000690       $pdata$mdlDerivatives      000000018001b690     wheel1_sfun_registry.obj
 0004:0000069c       $pdata$mdl_initialize_conditions_processing 000000018001b69c     wheel1_sfun_registry.obj
 0004:000006a8       $pdata$mdlInitializeConditions 000000018001b6a8     wheel1_sfun_registry.obj
 0004:000006b4       $pdata$mdl_ext_mode_exec_processing 000000018001b6b4     wheel1_sfun_registry.obj
 0004:000006c0       $pdata$mdlExtModeExec      000000018001b6c0     wheel1_sfun_registry.obj
 0004:000006cc       $pdata$mdlRTW              000000018001b6cc     wheel1_sfun_registry.obj
 0004:000006d8       $pdata$mdl_enable_processing 000000018001b6d8     wheel1_sfun_registry.obj
 0004:000006e4       $pdata$mdlEnable           000000018001b6e4     wheel1_sfun_registry.obj
 0004:000006f0       $pdata$mdl_disable_processing 000000018001b6f0     wheel1_sfun_registry.obj
 0004:000006fc       $pdata$mdlDisable          000000018001b6fc     wheel1_sfun_registry.obj
 0004:00000708       $pdata$mdlOutputs          000000018001b708     wheel1_sfun_registry.obj
 0004:00000714       $pdata$ProcessMexSfunctionEveryCall 000000018001b714     wheel1_sfun_registry.obj
 0004:00000720       $pdata$_RegNumInputPortsCB 000000018001b720     wheel1_sfun_registry.obj
 0004:0000072c       $pdata$_RegNumOutputPortsCB 000000018001b72c     wheel1_sfun_registry.obj
 0004:00000738       $pdata$_CreateSimStruct    000000018001b738     wheel1_sfun_registry.obj
 0004:00000744       $pdata$_ssFatalError       000000018001b744     wheel1_sfun_registry.obj
 0004:00000750       $pdata$_ProcessMexSfunctionCmdLineCall 000000018001b750     wheel1_sfun_registry.obj
 0004:0000075c       $pdata$__raise_securityfailure 000000018001b75c     MSVCRT:gs_report.obj
 0004:00000768       $pdata$__report_gsfailure  000000018001b768     MSVCRT:gs_report.obj
 0004:00000774       $pdata$__report_rangecheckfailure 000000018001b774     MSVCRT:gs_report.obj
 0004:00000780       $pdata$__report_securityfailure 000000018001b780     MSVCRT:gs_report.obj
 0004:0000078c       $pdata$__report_securityfailureEx 000000018001b78c     MSVCRT:gs_report.obj
 0004:00000798       $pdata$__GSHandlerCheck    000000018001b798     MSVCRT:gshandler.obj
 0004:000007a4       $pdata$__GSHandlerCheckCommon 000000018001b7a4     MSVCRT:gshandler.obj
 0004:000007bc       $pdata$pre_c_init          000000018001b7bc     MSVCRT:crtdll.obj
 0004:000007c8       $pdata$_CRT_INIT           000000018001b7c8     MSVCRT:crtdll.obj
 0004:000007d4       $pdata$_DllMainCRTStartup  000000018001b7d4     MSVCRT:crtdll.obj
 0004:000007e0       $pdata$__DllMainCRTStartup 000000018001b7e0     MSVCRT:crtdll.obj
 0004:000007ec       $pdata$_IsNonwritableInCurrentImage 000000018001b7ec     MSVCRT:pesect.obj
 0004:000007f8       $pdata$__atonexitinit      000000018001b7f8     MSVCRT:atonexit.obj
 0004:00000804       $pdata$_onexit             000000018001b804     MSVCRT:atonexit.obj
 0004:00000810       $pdata$atexit              000000018001b810     MSVCRT:atonexit.obj
 0004:0000081c       $pdata$__security_init_cookie 000000018001b81c     MSVCRT:gs_support.obj
 0004:00000828       $pdata$DllMain             000000018001b828     MSVCRT:dllmain.obj
 0004:00000834       $pdata$_RTC_Initialize     000000018001b834     MSVCRT:initsect.obj
 0004:00000840       $pdata$_RTC_Terminate      000000018001b840     MSVCRT:initsect.obj
 0004:0000084c       $pdata$__DllMainCRTStartup$filt$0 000000018001b84c     MSVCRT:crtdll.obj
 0004:00000858       $pdata$__DllMainCRTStartup$fin$1 000000018001b858     MSVCRT:crtdll.obj
 0004:00000864       $pdata$_IsNonwritableInCurrentImage$filt$0 000000018001b864     MSVCRT:pesect.obj
 0004:00000870       $pdata$_onexit$fin$0       000000018001b870     MSVCRT:atonexit.obj
