 wheel2_sfun

 Timestamp is 555a99e3 (Mon May 18 21:03:15 2015)

 Preferred load address is 0000000180000000

 Start         Length     Name                   Class
 0001:00000000 0000f05eH .text                   CODE
 0001:0000f060 0000007bH .text$x                 CODE
 0002:00000000 00000448H .idata$5                DATA
 0002:00000448 00000008H .CRT$XCA                DATA
 0002:00000450 00000008H .CRT$XCZ                DATA
 0002:00000458 00000008H .CRT$XIA                DATA
 0002:00000460 00000008H .CRT$XIAA               DATA
 0002:00000468 00000008H .CRT$XIC                DATA
 0002:00000470 00000008H .CRT$XIZ                DATA
 0002:00000480 00000720H .rdata                  DATA
 0002:00000ba0 00000008H .rtc$IAA                DATA
 0002:00000ba8 00000008H .rtc$IZZ                DATA
 0002:00000bb0 00000008H .rtc$TAA                DATA
 0002:00000bb8 00000008H .rtc$TZZ                DATA
 0002:00000bc0 0000067cH .xdata                  DATA
 0002:0000123c 0000008cH .idata$2                DATA
 0002:000012c8 00000014H .idata$3                DATA
 0002:000012e0 00000448H .idata$4                DATA
 0002:00001728 00000bf8H .idata$6                DATA
 0002:00002320 00000051H .edata                  DATA
 0003:00000000 00002e58H .data                   DATA
 0003:00002e60 000006b8H .bss                    DATA
 0004:00000000 000007c8H .pdata                  DATA

  Address         Publics by Value              Rva+Base               Lib:Object

 0000:00000000       ___safe_se_handler_table   0000000000000000     <absolute>
 0000:00000000       ___safe_se_handler_count   0000000000000000     <absolute>
 0000:00000000       __ImageBase                0000000180000000     <linker-defined>
 0001:00000000       wheel2_initializer         0000000180001000 f   wheel2_sfun.obj
 0001:00000010       wheel2_terminator          0000000180001010 f   wheel2_sfun.obj
 0001:00000020       load_wheel2_optimization_info 0000000180001020 f   wheel2_sfun.obj
 0001:00000070       unload_wheel2_optimization_info 0000000180001070 f   wheel2_sfun.obj
 0001:000000a0       sf_wheel2_method_dispatcher 00000001800010a0 f   wheel2_sfun.obj
 0001:000000f0       sf_wheel2_process_check_sum_call 00000001800010f0 f   wheel2_sfun.obj
 0001:00000770       sf_wheel2_autoinheritance_info 0000000180001770 f   wheel2_sfun.obj
 0001:00000950       sf_wheel2_get_eml_resolved_functions_info 0000000180001950 f   wheel2_sfun.obj
 0001:00000ad0       sf_wheel2_third_party_uses_info 0000000180001ad0 f   wheel2_sfun.obj
 0001:00000ca0       sf_wheel2_updateBuildInfo_args_info 0000000180001ca0 f   wheel2_sfun.obj
 0001:00000e70       wheel2_debug_initialize    0000000180001e70 f   wheel2_sfun.obj
 0001:00000ef0       wheel2_register_exported_symbols 0000000180001ef0 f   wheel2_sfun.obj
 0001:00000f00       sf_c2_wheel2_get_eml_resolved_functions_info 0000000180001f00 f   c2_wheel2.obj
 0001:00000f70       sf_c2_wheel2_get_check_sum 0000000180001f70 f   c2_wheel2.obj
 0001:00001040       c2_wheel2_method_dispatcher 0000000180002040 f   c2_wheel2.obj
 0001:00005840       sf_c2_wheel2_get_autoinheritance_info 0000000180006840 f   c2_wheel2.obj
 0001:00006050       sf_c2_wheel2_third_party_uses_info 0000000180007050 f   c2_wheel2.obj
 0001:00006080       sf_c2_wheel2_updateBuildInfo_args_info 0000000180007080 f   c2_wheel2.obj
 0001:00006ea0       sf_internal_get_sim_state_c2_wheel2 0000000180007ea0 f   c2_wheel2.obj
 0001:00007000       sf_internal_set_sim_state_c2_wheel2 0000000180008000 f   c2_wheel2.obj
 0001:00007b10       mexFunction                0000000180008b10 f   wheel2_sfun_registry.obj
 0001:00008cb0       _ssSetInputPortDirectFeedThroughFcn 0000000180009cb0 f   wheel2_sfun_registry.obj
 0001:00008e10       _ssGetInputPortSignalPtrsFcn 0000000180009e10 f   wheel2_sfun_registry.obj
 0001:00009030       _ssGetInputPortSignalFcn   000000018000a030 f   wheel2_sfun_registry.obj
 0001:00009250       _ssSetInputPortReusableFcn 000000018000a250 f   wheel2_sfun_registry.obj
 0001:00009330       _ssSetOutputPortReusableFcn 000000018000a330 f   wheel2_sfun_registry.obj
 0001:00009410       ssGetIsZeroCrossControlDisabled 000000018000a410 f   wheel2_sfun_registry.obj
 0001:00009480       ssSetIsInputPortUsedForContZcSignal 000000018000a480 f   wheel2_sfun_registry.obj
 0001:000094f0       ssSetZcSignalIsZcElementDisc 000000018000a4f0 f   wheel2_sfun_registry.obj
 0001:000095a0       ssSetZcSignalName          000000018000a5a0 f   wheel2_sfun_registry.obj
 0001:00009610       ssSetZcSignalWidth         000000018000a610 f   wheel2_sfun_registry.obj
 0001:00009680       ssSetZcSignalZcEventType   000000018000a680 f   wheel2_sfun_registry.obj
 0001:000096f0       ssSetZcSignalType          000000018000a6f0 f   wheel2_sfun_registry.obj
 0001:00009760       ssSetZcSignalZcTol         000000018000a760 f   wheel2_sfun_registry.obj
 0001:000097d0       ssSetZcSignalNeedsEventNotification 000000018000a7d0 f   wheel2_sfun_registry.obj
 0001:00009840       ssCreateAndAddZcSignalInfo 000000018000a840 f   wheel2_sfun_registry.obj
 0001:000098b0       ssCloneAndAddZcSignalInfo  000000018000a8b0 f   wheel2_sfun_registry.obj
 0001:00009920       ssGetNumZcSignals          000000018000a920 f   wheel2_sfun_registry.obj
 0001:00009990       ssGetZcSignalVector        000000018000a990 f   wheel2_sfun_registry.obj
 0001:00009a00       ssGetZcSignalName          000000018000aa00 f   wheel2_sfun_registry.obj
 0001:00009a70       ssGetZcSignalWidth         000000018000aa70 f   wheel2_sfun_registry.obj
 0001:00009ae0       ssGetZcSignalZcEventType   000000018000aae0 f   wheel2_sfun_registry.obj
 0001:00009b50       ssGetZcSignalZcEvents      000000018000ab50 f   wheel2_sfun_registry.obj
 0001:00009bc0       ssGetZcSignalType          000000018000abc0 f   wheel2_sfun_registry.obj
 0001:00009c30       ssGetZcSignalZcTol         000000018000ac30 f   wheel2_sfun_registry.obj
 0001:00009cb0       ssGetZcSignalNeedsEventNotification 000000018000acb0 f   wheel2_sfun_registry.obj
 0001:00009d20       ssGetZcSignalIsZcElementDisc 000000018000ad20 f   wheel2_sfun_registry.obj
 0001:00009dc0       ssGetIsInputPortElementContinuous 000000018000adc0 f   wheel2_sfun_registry.obj
 0001:00009e60       ssGetDTypeIdFromMxArray    000000018000ae60 f   wheel2_sfun_registry.obj
 0001:00009f80       ssWriteRTWStr              000000018000af80 f   wheel2_sfun_registry.obj
 0001:00009fe0       ssWriteRTWNameValuePair    000000018000afe0 f   wheel2_sfun_registry.obj
 0001:0000a4e0       ssWriteRTWParamSettings    000000018000b4e0 f   wheel2_sfun_registry.obj
 0001:0000abd0       ssWriteRTWParameters       000000018000bbd0 f   wheel2_sfun_registry.obj
 0001:0000b1a0       ssWriteRTWWorkVect         000000018000c1a0 f   wheel2_sfun_registry.obj
 0001:0000b690       ssWriteRTWMxVectParam      000000018000c690 f   wheel2_sfun_registry.obj
 0001:0000b710       ssWriteRTWMx2dMatParam     000000018000c710 f   wheel2_sfun_registry.obj
 0001:0000b7a0       _ssSetInputPortMatrixDimensions 000000018000c7a0 f   wheel2_sfun_registry.obj
 0001:0000b8a0       _ssSetOutputPortMatrixDimensions 000000018000c8a0 f   wheel2_sfun_registry.obj
 0001:0000b9a0       _ssSetInputPortVectorDimension 000000018000c9a0 f   wheel2_sfun_registry.obj
 0001:0000ba50       _ssSetOutputPortVectorDimension 000000018000ca50 f   wheel2_sfun_registry.obj
 0001:0000bb00       ssIsRunTimeParamTunable    000000018000cb00 f   wheel2_sfun_registry.obj
 0001:0000bb70       ssGetSFuncBlockHandle      000000018000cb70 f   wheel2_sfun_registry.obj
 0001:0000bbe0       _ssGetCurrentInputPortWidth 000000018000cbe0 f   wheel2_sfun_registry.obj
 0001:0000bd00       _ssGetCurrentOutputPortWidth 000000018000cd00 f   wheel2_sfun_registry.obj
 0001:0000be20       _ssGetCallSystemNumFcnCallDestinations 000000018000ce20 f   wheel2_sfun_registry.obj
 0001:0000be90       ssWarning                  000000018000ce90 f   wheel2_sfun_registry.obj
 0001:0000bf80       _ssGetAbsTol               000000018000cf80 f   wheel2_sfun_registry.obj
 0001:0000bff0       _ssSetStateAbsTol          000000018000cff0 f   wheel2_sfun_registry.obj
 0001:0000c0d0       sf_process_check_sum_call  000000018000d0d0 f   wheel2_sfun_registry.obj
 0001:0000c120       sf_process_autoinheritance_call 000000018000d120 f   wheel2_sfun_registry.obj
 0001:0000c350       sf_process_get_third_party_uses_info_call 000000018000d350 f   wheel2_sfun_registry.obj
 0001:0000c580       sf_process_get_updateBuildInfo_args_info_call 000000018000d580 f   wheel2_sfun_registry.obj
 0001:0000c7b0       sf_process_get_eml_resolved_functions_info_call 000000018000d7b0 f   wheel2_sfun_registry.obj
 0001:0000c9b0       sf_mex_unlock_call         000000018000d9b0 f   wheel2_sfun_registry.obj
 0001:0000cc20       sf_machine_global_initializer_called 000000018000dc20 f   wheel2_sfun_registry.obj
 0001:0000cc50       sf_machine_global_method_dispatcher 000000018000dc50 f   wheel2_sfun_registry.obj
 0001:0000ccb0       sf_machine_global_terminator 000000018000dcb0 f   wheel2_sfun_registry.obj
 0001:0000cd00       sf_register_machine_exported_symbols 000000018000dd00 f   wheel2_sfun_registry.obj
 0001:0000cd20       callCustomFcn              000000018000dd20 f   wheel2_sfun_registry.obj
 0001:0000cd30       sf_machine_global_initializer 000000018000dd30 f   wheel2_sfun_registry.obj
 0001:0000cdf0       mdlGetSimState             000000018000ddf0 f   wheel2_sfun_registry.obj
 0001:0000ce30       mdlSetSimState             000000018000de30 f   wheel2_sfun_registry.obj
 0001:0000d5d0       ProcessMexSfunctionEveryCall 000000018000e5d0 f   wheel2_sfun_registry.obj
 0001:0000e244       sf_load_rtw_optimization_info 000000018000f244 f   sf_runtime:sf_runtime.dll
 0001:0000e24a       sf_debug_initialize_machine 000000018000f24a f   sf_runtime:sf_runtime.dll
 0001:0000e250       sf_debug_set_machine_event_thresholds 000000018000f250 f   sf_runtime:sf_runtime.dll
 0001:0000e256       sf_debug_set_machine_data_thresholds 000000018000f256 f   sf_runtime:sf_runtime.dll
 0001:0000e25c       sf_rtw_info_uint_prop      000000018000f25c f   sf_runtime:sf_runtime.dll
 0001:0000e262       sf_update_buildInfo        000000018000f262 f   sf_runtime:sf_runtime.dll
 0001:0000e268       sf_is_chart_inlinable      000000018000f268 f   sf_runtime:sf_runtime.dll
 0001:0000e26e       sf_mark_chart_reusable_outputs 000000018000f26e f   sf_runtime:sf_runtime.dll
 0001:0000e274       sf_mark_chart_expressionable_inputs 000000018000f274 f   sf_runtime:sf_runtime.dll
 0001:0000e27a       sim_mode_is_rtw_gen        000000018000f27a f   sf_runtime:sf_runtime.dll
 0001:0000e280       sim_mode_is_external       000000018000f280 f   sf_runtime:sf_runtime.dll
 0001:0000e286       sf_mex_listen_for_ctrl_c   000000018000f286 f   sf_runtime:sf_runtime.dll
 0001:0000e28c       sf_clear_rtw_identifier    000000018000f28c f   sf_runtime:sf_runtime.dll
 0001:0000e292       sf_set_rtw_dwork_info      000000018000f292 f   sf_runtime:sf_runtime.dll
 0001:0000e298       sf_get_time                000000018000f298 f   sf_runtime:sf_runtime.dll
 0001:0000e29e       sf_mex_call_matlab         000000018000f29e f   sf_runtime:sf_runtime.dll
 0001:0000e2a4       sf_mex_call_debug          000000018000f2a4 f   sf_runtime:sf_runtime.dll
 0001:0000e2aa       sf_mex_error_message       000000018000f2aa f   sf_runtime:sf_runtime.dll
 0001:0000e2b0       sf_mex_addfield            000000018000f2b0 f   sf_runtime:sf_runtime.dll
 0001:0000e2b6       sf_mex_createstruct        000000018000f2b6 f   sf_runtime:sf_runtime.dll
 0001:0000e2bc       sf_mex_create              000000018000f2bc f   sf_runtime:sf_runtime.dll
 0001:0000e2c2       sf_mex_createcellmatrix    000000018000f2c2 f   sf_runtime:sf_runtime.dll
 0001:0000e2c8       sf_mex_setcell             000000018000f2c8 f   sf_runtime:sf_runtime.dll
 0001:0000e2ce       sf_mex_getcell             000000018000f2ce f   sf_runtime:sf_runtime.dll
 0001:0000e2d4       sf_mex_assign              000000018000f2d4 f   sf_runtime:sf_runtime.dll
 0001:0000e2da       sf_mex_dup                 000000018000f2da f   sf_runtime:sf_runtime.dll
 0001:0000e2e0       sf_mex_destroy             000000018000f2e0 f   sf_runtime:sf_runtime.dll
 0001:0000e2e6       sf_mex_import              000000018000f2e6 f   sf_runtime:sf_runtime.dll
 0001:0000e2ec       sf_mex_decode_encoded_mx_struct_array 000000018000f2ec f   sf_runtime:sf_runtime.dll
 0001:0000e2f2       sf_mex_duplicatearraysafe  000000018000f2f2 f   sf_runtime:sf_runtime.dll
 0001:0000e2f8       sf_mex_emlrtNameCapturePostProcessR2012a 000000018000f2f8 f   sf_runtime:sf_runtime.dll
 0001:0000e2fe       sf_debug_initialize_chart  000000018000f2fe f   sf_runtime:sf_runtime.dll
 0001:0000e304       sf_debug_call              000000018000f304 f   sf_runtime:sf_runtime.dll
 0001:0000e30a       eml_debug_line_call        000000018000f30a f   sf_runtime:sf_runtime.dll
 0001:0000e310       cv_eml_eval                000000018000f310 f   sf_runtime:sf_runtime.dll
 0001:0000e316       cv_eml_init_script         000000018000f316 f   sf_runtime:sf_runtime.dll
 0001:0000e31c       cv_eml_init_fcn            000000018000f31c f   sf_runtime:sf_runtime.dll
 0001:0000e322       cv_eml_init_if             000000018000f322 f   sf_runtime:sf_runtime.dll
 0001:0000e328       cv_eml_init_for            000000018000f328 f   sf_runtime:sf_runtime.dll
 0001:0000e32e       sf_debug_reset_current_state_configuration 000000018000f32e f   sf_runtime:sf_runtime.dll
 0001:0000e334       sf_debug_check_for_state_inconsistency 000000018000f334 f   sf_runtime:sf_runtime.dll
 0001:0000e33a       sf_debug_set_chart_data_props 000000018000f33a f   sf_runtime:sf_runtime.dll
 0001:0000e340       sf_debug_set_chart_data_compiled_props 000000018000f340 f   sf_runtime:sf_runtime.dll
 0001:0000e346       sf_debug_symbol_scope_push 000000018000f346 f   sf_runtime:sf_runtime.dll
 0001:0000e34c       sf_debug_symbol_scope_push_eml 000000018000f34c f   sf_runtime:sf_runtime.dll
 0001:0000e352       sf_debug_symbol_scope_pop  000000018000f352 f   sf_runtime:sf_runtime.dll
 0001:0000e358       sf_debug_symbol_scope_add_eml 000000018000f358 f   sf_runtime:sf_runtime.dll
 0001:0000e35e       sf_debug_symbol_scope_add_eml_importable 000000018000f35e f   sf_runtime:sf_runtime.dll
 0001:0000e364       sf_debug_set_instance_data_value_ptr 000000018000f364 f   sf_runtime:sf_runtime.dll
 0001:0000e36a       sf_debug_set_chart_disable_implicit_casting 000000018000f36a f   sf_runtime:sf_runtime.dll
 0001:0000e370       sf_debug_set_chart_event_thresholds 000000018000f370 f   sf_runtime:sf_runtime.dll
 0001:0000e376       sf_debug_set_chart_state_info 000000018000f376 f   sf_runtime:sf_runtime.dll
 0001:0000e37c       sf_debug_set_chart_decomposition 000000018000f37c f   sf_runtime:sf_runtime.dll
 0001:0000e382       sf_debug_set_chart_substate_count 000000018000f382 f   sf_runtime:sf_runtime.dll
 0001:0000e388       sf_debug_eml_data_array_bounds_error_check 000000018000f388 f   sf_runtime:sf_runtime.dll
 0001:0000e38e       sf_debug_integer_check     000000018000f38e f   sf_runtime:sf_runtime.dll
 0001:0000e394       sf_debug_data_range_wrapper 000000018000f394 f   sf_runtime:sf_runtime.dll
 0001:0000e39a       sf_debug_cv_init_trans     000000018000f39a f   sf_runtime:sf_runtime.dll
 0001:0000e3a0       sf_debug_cv_init_chart     000000018000f3a0 f   sf_runtime:sf_runtime.dll
 0001:0000e3a6       sf_debug_cv_init_state     000000018000f3a6 f   sf_runtime:sf_runtime.dll
 0001:0000e3ac       callMdlMethodAndReportError 000000018000f3ac f   sf_runtime:sf_runtime.dll
 0001:0000e3b2       call_sf_machine_global_method_dispatcher 000000018000f3b2 f   sf_runtime:sf_runtime.dll
 0001:0000e3b8       sf_mex_error_direct_call   000000018000f3b8 f   sf_runtime:sf_runtime.dll
 0001:0000e3be       sf_clear_error_manager_info 000000018000f3be f   sf_runtime:sf_runtime.dll
 0001:0000e3c4       sf_debug_create_debug_instance_struct 000000018000f3c4 f   sf_runtime:sf_runtime.dll
 0001:0000e3ca       sf_debug_terminate         000000018000f3ca f   sf_runtime:sf_runtime.dll
 0001:0000e3d0       sf_debug_api               000000018000f3d0 f   sf_runtime:sf_runtime.dll
 0001:0000e3d6       mxIsChar                   000000018000f3d6 f   libmx:libmx.dll
 0001:0000e3dc       mxGetPr                    000000018000f3dc f   libmx:libmx.dll
 0001:0000e3e2       mxGetScalar                000000018000f3e2 f   libmx:libmx.dll
 0001:0000e3e8       mxDestroyArray             000000018000f3e8 f   libmx:libmx.dll
 0001:0000e3ee       mxCreateDoubleMatrix_730   000000018000f3ee f   libmx:libmx.dll
 0001:0000e3f4       mxGetString_730            000000018000f3f4 f   libmx:libmx.dll
 0001:0000e3fa       mxDuplicateArray           000000018000f3fa f   libmx:libmx.dll
 0001:0000e400       mxSetField_730             000000018000f400 f   libmx:libmx.dll
 0001:0000e406       mxCreateDoubleScalar       000000018000f406 f   libmx:libmx.dll
 0001:0000e40c       mxCreateString             000000018000f40c f   libmx:libmx.dll
 0001:0000e412       mxCreateCellMatrix_730     000000018000f412 f   libmx:libmx.dll
 0001:0000e418       mxCreateStructMatrix_730   000000018000f418 f   libmx:libmx.dll
 0001:0000e41e       mxCalloc                   000000018000f41e f   libmx:libmx.dll
 0001:0000e424       mxGetM                     000000018000f424 f   libmx:libmx.dll
 0001:0000e42a       mxGetClassID               000000018000f42a f   libmx:libmx.dll
 0001:0000e430       mxIsNumeric                000000018000f430 f   libmx:libmx.dll
 0001:0000e436       mxIsComplex                000000018000f436 f   libmx:libmx.dll
 0001:0000e43c       mxGetN                     000000018000f43c f   libmx:libmx.dll
 0001:0000e442       mexMakeArrayPersistent     000000018000f442 f   libmex:libmex.dll
 0001:0000e448       mexErrMsgTxt               000000018000f448 f   libmex:libmex.dll
 0001:0000e44e       mexWarnMsgTxt              000000018000f44e f   libmex:libmex.dll
 0001:0000e454       mexCallMATLAB              000000018000f454 f   libmex:libmex.dll
 0001:0000e45a       mexLock                    000000018000f45a f   libmex:libmex.dll
 0001:0000e460       mexUnlock                  000000018000f460 f   libmex:libmex.dll
 0001:0000e466       mexIsLocked                000000018000f466 f   libmex:libmex.dll
 0001:0000e46c       utMalloc                   000000018000f46c f   libut:libut.dll
 0001:0000e472       utFree                     000000018000f472 f   libut:libut.dll
 0001:0000e478       muDoubleScalarFloor        000000018000f478 f   libmwmathutil:libmwmathutil.dll
 0001:0000e47e       muDoubleScalarPower        000000018000f47e f   libmwmathutil:libmwmathutil.dll
 0001:0000e484       __raise_securityfailure    000000018000f484 f   MSVCRT:gs_report.obj
 0001:0000e4d0       __report_gsfailure         000000018000f4d0 f   MSVCRT:gs_report.obj
 0001:0000e5a4       __report_rangecheckfailure 000000018000f5a4 f   MSVCRT:gs_report.obj
 0001:0000e5b8       __report_securityfailure   000000018000f5b8 f   MSVCRT:gs_report.obj
 0001:0000e654       __report_securityfailureEx 000000018000f654 f   MSVCRT:gs_report.obj
 0001:0000e762       strcmp                     000000018000f762 f   MSVCRT:MSVCR110.dll
 0001:0000e768       __GSHandlerCheck           000000018000f768 f   MSVCRT:gshandler.obj
 0001:0000e788       __GSHandlerCheckCommon     000000018000f788 f   MSVCRT:gshandler.obj
 0001:0000e800       __security_check_cookie    000000018000f800 f   MSVCRT:amdsecgs.obj
 0001:0000e820       memset                     000000018000f820 f   MSVCRT:MSVCR110.dll
 0001:0000e826       strlen                     000000018000f826 f   MSVCRT:MSVCR110.dll
 0001:0000e82c       memcpy                     000000018000f82c f   MSVCRT:MSVCR110.dll
 0001:0000e832       strcat                     000000018000f832 f   MSVCRT:MSVCR110.dll
 0001:0000e838       sprintf                    000000018000f838 f   MSVCRT:MSVCR110.dll
 0001:0000e83e       free                       000000018000f83e f   MSVCRT:MSVCR110.dll
 0001:0000e844       malloc                     000000018000f844 f   MSVCRT:MSVCR110.dll
 0001:0000e8ac       NtCurrentTeb               000000018000f8ac f i MSVCRT:crtdll.obj
 0001:0000e8b8       _CRT_INIT                  000000018000f8b8 f   MSVCRT:crtdll.obj
 0001:0000eb04       _DllMainCRTStartup         000000018000fb04 f   MSVCRT:crtdll.obj
 0001:0000ec7a       __crt_debugger_hook        000000018000fc7a f   MSVCRT:MSVCR110.dll
 0001:0000ec80       __crtUnhandledException    000000018000fc80 f   MSVCRT:MSVCR110.dll
 0001:0000ec86       __crtTerminateProcess      000000018000fc86 f   MSVCRT:MSVCR110.dll
 0001:0000ec8c       __crtCaptureCurrentContext 000000018000fc8c f   MSVCRT:MSVCR110.dll
 0001:0000ec92       __crtCapturePreviousContext 000000018000fc92 f   MSVCRT:MSVCR110.dll
 0001:0000ec98       __CppXcptFilter            000000018000fc98 f   MSVCRT:MSVCR110.dll
 0001:0000ec9e       _amsg_exit                 000000018000fc9e f   MSVCRT:MSVCR110.dll
 0001:0000ecb0       _FindPESection             000000018000fcb0 f   MSVCRT:pesect.obj
 0001:0000ed00       _IsNonwritableInCurrentImage 000000018000fd00 f   MSVCRT:pesect.obj
 0001:0000ed50       _ValidateImageBase         000000018000fd50 f   MSVCRT:pesect.obj
 0001:0000ed80       __atonexitinit             000000018000fd80 f   MSVCRT:atonexit.obj
 0001:0000edd0       _onexit                    000000018000fdd0 f   MSVCRT:atonexit.obj
 0001:0000ee80       atexit                     000000018000fe80 f   MSVCRT:atonexit.obj
 0001:0000ee98       __security_init_cookie     000000018000fe98 f   MSVCRT:gs_support.obj
 0001:0000ef50       DllMain                    000000018000ff50 f   MSVCRT:dllmain.obj
 0001:0000ef74       _malloc_crt                000000018000ff74 f   MSVCRT:MSVCR110.dll
 0001:0000ef7c       _RTC_Initialize            000000018000ff7c f   MSVCRT:initsect.obj
 0001:0000efb4       _RTC_Terminate             000000018000ffb4 f   MSVCRT:initsect.obj
 0001:0000efec       _initterm                  000000018000ffec f   MSVCRT:MSVCR110.dll
 0001:0000eff2       _initterm_e                000000018000fff2 f   MSVCRT:MSVCR110.dll
 0001:0000eff8       __clean_type_info_names    000000018000fff8 f   MSVCRT:tncleanup.obj
 0001:0000f004       __C_specific_handler       0000000180010004 f   MSVCRT:MSVCR110.dll
 0001:0000f00a       _lock                      000000018001000a f   MSVCRT:MSVCR110.dll
 0001:0000f010       _unlock                    0000000180010010 f   MSVCRT:MSVCR110.dll
 0001:0000f016       _calloc_crt                0000000180010016 f   MSVCRT:MSVCR110.dll
 0001:0000f01c       __dllonexit                000000018001001c f   MSVCRT:MSVCR110.dll
 0001:0000f022       __clean_type_info_names_internal 0000000180010022 f   MSVCRT:MSVCR110.dll
 0001:0000f028       IsDebuggerPresent          0000000180010028 f   kernel32:KERNEL32.dll
 0001:0000f02e       IsProcessorFeaturePresent  000000018001002e f   kernel32:KERNEL32.dll
 0001:0000f034       EncodePointer              0000000180010034 f   kernel32:KERNEL32.dll
 0001:0000f03a       DecodePointer              000000018001003a f   kernel32:KERNEL32.dll
 0001:0000f040       QueryPerformanceCounter    0000000180010040 f   kernel32:KERNEL32.dll
 0001:0000f046       GetCurrentThreadId         0000000180010046 f   kernel32:KERNEL32.dll
 0001:0000f04c       GetSystemTimeAsFileTime    000000018001004c f   kernel32:KERNEL32.dll
 0001:0000f052       GetTickCount64             0000000180010052 f   kernel32:KERNEL32.dll
 0001:0000f058       DisableThreadLibraryCalls  0000000180010058 f   kernel32:KERNEL32.dll
 0002:00000000       __imp_DisableThreadLibraryCalls 0000000180011000     kernel32:KERNEL32.dll
 0002:00000008       __imp_GetTickCount64       0000000180011008     kernel32:KERNEL32.dll
 0002:00000010       __imp_GetSystemTimeAsFileTime 0000000180011010     kernel32:KERNEL32.dll
 0002:00000018       __imp_GetCurrentThreadId   0000000180011018     kernel32:KERNEL32.dll
 0002:00000020       __imp_QueryPerformanceCounter 0000000180011020     kernel32:KERNEL32.dll
 0002:00000028       __imp_DecodePointer        0000000180011028     kernel32:KERNEL32.dll
 0002:00000030       __imp_EncodePointer        0000000180011030     kernel32:KERNEL32.dll
 0002:00000038       __imp_IsProcessorFeaturePresent 0000000180011038     kernel32:KERNEL32.dll
 0002:00000040       __imp_IsDebuggerPresent    0000000180011040     kernel32:KERNEL32.dll
 0002:00000048       \177KERNEL32_NULL_THUNK_DATA 0000000180011048     kernel32:KERNEL32.dll
 0002:00000050       __imp___clean_type_info_names_internal 0000000180011050     MSVCRT:MSVCR110.dll
 0002:00000058       __imp__onexit              0000000180011058     MSVCRT:MSVCR110.dll
 0002:00000060       __imp___dllonexit          0000000180011060     MSVCRT:MSVCR110.dll
 0002:00000068       __imp__calloc_crt          0000000180011068     MSVCRT:MSVCR110.dll
 0002:00000070       __imp__unlock              0000000180011070     MSVCRT:MSVCR110.dll
 0002:00000078       __imp__lock                0000000180011078     MSVCRT:MSVCR110.dll
 0002:00000080       __imp___C_specific_handler 0000000180011080     MSVCRT:MSVCR110.dll
 0002:00000088       __imp__initterm_e          0000000180011088     MSVCRT:MSVCR110.dll
 0002:00000090       __imp__initterm            0000000180011090     MSVCRT:MSVCR110.dll
 0002:00000098       __imp__malloc_crt          0000000180011098     MSVCRT:MSVCR110.dll
 0002:000000a0       __imp__amsg_exit           00000001800110a0     MSVCRT:MSVCR110.dll
 0002:000000a8       __imp___CppXcptFilter      00000001800110a8     MSVCRT:MSVCR110.dll
 0002:000000b0       __imp___crtCapturePreviousContext 00000001800110b0     MSVCRT:MSVCR110.dll
 0002:000000b8       __imp___crtCaptureCurrentContext 00000001800110b8     MSVCRT:MSVCR110.dll
 0002:000000c0       __imp___crtTerminateProcess 00000001800110c0     MSVCRT:MSVCR110.dll
 0002:000000c8       __imp___crtUnhandledException 00000001800110c8     MSVCRT:MSVCR110.dll
 0002:000000d0       __imp___crt_debugger_hook  00000001800110d0     MSVCRT:MSVCR110.dll
 0002:000000d8       __imp_malloc               00000001800110d8     MSVCRT:MSVCR110.dll
 0002:000000e0       __imp_free                 00000001800110e0     MSVCRT:MSVCR110.dll
 0002:000000e8       __imp_sprintf              00000001800110e8     MSVCRT:MSVCR110.dll
 0002:000000f0       __imp_strcat               00000001800110f0     MSVCRT:MSVCR110.dll
 0002:000000f8       __imp_memcpy               00000001800110f8     MSVCRT:MSVCR110.dll
 0002:00000100       __imp_strlen               0000000180011100     MSVCRT:MSVCR110.dll
 0002:00000108       __imp_memset               0000000180011108     MSVCRT:MSVCR110.dll
 0002:00000110       __imp_strcmp               0000000180011110     MSVCRT:MSVCR110.dll
 0002:00000118       \177MSVCR110_NULL_THUNK_DATA 0000000180011118     MSVCRT:MSVCR110.dll
 0002:00000120       __imp_mexUnlock            0000000180011120     libmex:libmex.dll
 0002:00000128       __imp_mexErrMsgTxt         0000000180011128     libmex:libmex.dll
 0002:00000130       __imp_mexWarnMsgTxt        0000000180011130     libmex:libmex.dll
 0002:00000138       __imp_mexIsLocked          0000000180011138     libmex:libmex.dll
 0002:00000140       __imp_mexMakeArrayPersistent 0000000180011140     libmex:libmex.dll
 0002:00000148       __imp_mexLock              0000000180011148     libmex:libmex.dll
 0002:00000150       __imp_mexCallMATLAB        0000000180011150     libmex:libmex.dll
 0002:00000158       \177libmex_NULL_THUNK_DATA 0000000180011158     libmex:libmex.dll
 0002:00000160       __imp_muDoubleScalarPower  0000000180011160     libmwmathutil:libmwmathutil.dll
 0002:00000168       __imp_muDoubleScalarFloor  0000000180011168     libmwmathutil:libmwmathutil.dll
 0002:00000170       \177libmwmathutil_NULL_THUNK_DATA 0000000180011170     libmwmathutil:libmwmathutil.dll
 0002:00000178       __imp_mxGetN               0000000180011178     libmx:libmx.dll
 0002:00000180       __imp_mxIsComplex          0000000180011180     libmx:libmx.dll
 0002:00000188       __imp_mxIsNumeric          0000000180011188     libmx:libmx.dll
 0002:00000190       __imp_mxGetClassID         0000000180011190     libmx:libmx.dll
 0002:00000198       __imp_mxGetM               0000000180011198     libmx:libmx.dll
 0002:000001a0       __imp_mxCalloc             00000001800111a0     libmx:libmx.dll
 0002:000001a8       __imp_mxCreateStructMatrix_730 00000001800111a8     libmx:libmx.dll
 0002:000001b0       __imp_mxCreateCellMatrix_730 00000001800111b0     libmx:libmx.dll
 0002:000001b8       __imp_mxCreateString       00000001800111b8     libmx:libmx.dll
 0002:000001c0       __imp_mxCreateDoubleScalar 00000001800111c0     libmx:libmx.dll
 0002:000001c8       __imp_mxSetField_730       00000001800111c8     libmx:libmx.dll
 0002:000001d0       __imp_mxDuplicateArray     00000001800111d0     libmx:libmx.dll
 0002:000001d8       __imp_mxGetString_730      00000001800111d8     libmx:libmx.dll
 0002:000001e0       __imp_mxCreateDoubleMatrix_730 00000001800111e0     libmx:libmx.dll
 0002:000001e8       __imp_mxDestroyArray       00000001800111e8     libmx:libmx.dll
 0002:000001f0       __imp_mxGetScalar          00000001800111f0     libmx:libmx.dll
 0002:000001f8       __imp_mxGetPr              00000001800111f8     libmx:libmx.dll
 0002:00000200       __imp_mxIsChar             0000000180011200     libmx:libmx.dll
 0002:00000208       \177libmx_NULL_THUNK_DATA  0000000180011208     libmx:libmx.dll
 0002:00000210       __imp_utMalloc             0000000180011210     libut:libut.dll
 0002:00000218       __imp_utFree               0000000180011218     libut:libut.dll
 0002:00000220       \177libut_NULL_THUNK_DATA  0000000180011220     libut:libut.dll
 0002:00000228       __imp_sf_debug_create_debug_instance_struct 0000000180011228     sf_runtime:sf_runtime.dll
 0002:00000230       __imp_sf_clear_error_manager_info 0000000180011230     sf_runtime:sf_runtime.dll
 0002:00000238       __imp_sf_mex_error_direct_call 0000000180011238     sf_runtime:sf_runtime.dll
 0002:00000240       __imp_call_sf_machine_global_method_dispatcher 0000000180011240     sf_runtime:sf_runtime.dll
 0002:00000248       __imp_callMdlMethodAndReportError 0000000180011248     sf_runtime:sf_runtime.dll
 0002:00000250       __imp_sf_debug_cv_init_state 0000000180011250     sf_runtime:sf_runtime.dll
 0002:00000258       __imp_sf_debug_cv_init_chart 0000000180011258     sf_runtime:sf_runtime.dll
 0002:00000260       __imp_sf_debug_cv_init_trans 0000000180011260     sf_runtime:sf_runtime.dll
 0002:00000268       __imp_sf_debug_data_range_wrapper 0000000180011268     sf_runtime:sf_runtime.dll
 0002:00000270       __imp_sf_debug_integer_check 0000000180011270     sf_runtime:sf_runtime.dll
 0002:00000278       __imp_sf_debug_eml_data_array_bounds_error_check 0000000180011278     sf_runtime:sf_runtime.dll
 0002:00000280       __imp_sf_debug_set_chart_substate_count 0000000180011280     sf_runtime:sf_runtime.dll
 0002:00000288       __imp_sf_debug_terminate   0000000180011288     sf_runtime:sf_runtime.dll
 0002:00000290       __imp_sf_debug_set_chart_state_info 0000000180011290     sf_runtime:sf_runtime.dll
 0002:00000298       __imp_sf_debug_set_chart_event_thresholds 0000000180011298     sf_runtime:sf_runtime.dll
 0002:000002a0       __imp_sf_debug_set_chart_disable_implicit_casting 00000001800112a0     sf_runtime:sf_runtime.dll
 0002:000002a8       __imp_sf_debug_set_instance_data_value_ptr 00000001800112a8     sf_runtime:sf_runtime.dll
 0002:000002b0       __imp_sf_debug_symbol_scope_add_eml_importable 00000001800112b0     sf_runtime:sf_runtime.dll
 0002:000002b8       __imp_sf_debug_symbol_scope_add_eml 00000001800112b8     sf_runtime:sf_runtime.dll
 0002:000002c0       __imp_sf_debug_symbol_scope_pop 00000001800112c0     sf_runtime:sf_runtime.dll
 0002:000002c8       __imp_sf_debug_symbol_scope_push_eml 00000001800112c8     sf_runtime:sf_runtime.dll
 0002:000002d0       __imp_sf_debug_symbol_scope_push 00000001800112d0     sf_runtime:sf_runtime.dll
 0002:000002d8       __imp_sf_debug_set_chart_data_compiled_props 00000001800112d8     sf_runtime:sf_runtime.dll
 0002:000002e0       __imp_sf_debug_set_chart_data_props 00000001800112e0     sf_runtime:sf_runtime.dll
 0002:000002e8       __imp_sf_debug_check_for_state_inconsistency 00000001800112e8     sf_runtime:sf_runtime.dll
 0002:000002f0       __imp_sf_debug_reset_current_state_configuration 00000001800112f0     sf_runtime:sf_runtime.dll
 0002:000002f8       __imp_sf_debug_set_chart_decomposition 00000001800112f8     sf_runtime:sf_runtime.dll
 0002:00000300       __imp_sf_debug_api         0000000180011300     sf_runtime:sf_runtime.dll
 0002:00000308       __imp_cv_eml_init_for      0000000180011308     sf_runtime:sf_runtime.dll
 0002:00000310       __imp_cv_eml_init_if       0000000180011310     sf_runtime:sf_runtime.dll
 0002:00000318       __imp_cv_eml_init_fcn      0000000180011318     sf_runtime:sf_runtime.dll
 0002:00000320       __imp_cv_eml_init_script   0000000180011320     sf_runtime:sf_runtime.dll
 0002:00000328       __imp_cv_eml_eval          0000000180011328     sf_runtime:sf_runtime.dll
 0002:00000330       __imp_eml_debug_line_call  0000000180011330     sf_runtime:sf_runtime.dll
 0002:00000338       __imp_sf_debug_call        0000000180011338     sf_runtime:sf_runtime.dll
 0002:00000340       __imp_sf_debug_initialize_chart 0000000180011340     sf_runtime:sf_runtime.dll
 0002:00000348       __imp_sf_mex_emlrtNameCapturePostProcessR2012a 0000000180011348     sf_runtime:sf_runtime.dll
 0002:00000350       __imp_sf_mex_duplicatearraysafe 0000000180011350     sf_runtime:sf_runtime.dll
 0002:00000358       __imp_sf_mex_decode_encoded_mx_struct_array 0000000180011358     sf_runtime:sf_runtime.dll
 0002:00000360       __imp_sf_mex_import        0000000180011360     sf_runtime:sf_runtime.dll
 0002:00000368       __imp_sf_mex_destroy       0000000180011368     sf_runtime:sf_runtime.dll
 0002:00000370       __imp_sf_mex_dup           0000000180011370     sf_runtime:sf_runtime.dll
 0002:00000378       __imp_sf_mex_assign        0000000180011378     sf_runtime:sf_runtime.dll
 0002:00000380       __imp_sf_mex_getcell       0000000180011380     sf_runtime:sf_runtime.dll
 0002:00000388       __imp_sf_mex_setcell       0000000180011388     sf_runtime:sf_runtime.dll
 0002:00000390       __imp_sf_mex_createcellmatrix 0000000180011390     sf_runtime:sf_runtime.dll
 0002:00000398       __imp_sf_mex_create        0000000180011398     sf_runtime:sf_runtime.dll
 0002:000003a0       __imp_sf_mex_createstruct  00000001800113a0     sf_runtime:sf_runtime.dll
 0002:000003a8       __imp_sf_mex_addfield      00000001800113a8     sf_runtime:sf_runtime.dll
 0002:000003b0       __imp_sf_mex_error_message 00000001800113b0     sf_runtime:sf_runtime.dll
 0002:000003b8       __imp_sf_mex_call_debug    00000001800113b8     sf_runtime:sf_runtime.dll
 0002:000003c0       __imp_sf_mex_call_matlab   00000001800113c0     sf_runtime:sf_runtime.dll
 0002:000003c8       __imp_sf_get_time          00000001800113c8     sf_runtime:sf_runtime.dll
 0002:000003d0       __imp_sf_set_rtw_dwork_info 00000001800113d0     sf_runtime:sf_runtime.dll
 0002:000003d8       __imp_sf_clear_rtw_identifier 00000001800113d8     sf_runtime:sf_runtime.dll
 0002:000003e0       __imp_sf_mex_listen_for_ctrl_c 00000001800113e0     sf_runtime:sf_runtime.dll
 0002:000003e8       __imp_sim_mode_is_external 00000001800113e8     sf_runtime:sf_runtime.dll
 0002:000003f0       __imp_sim_mode_is_rtw_gen  00000001800113f0     sf_runtime:sf_runtime.dll
 0002:000003f8       __imp_sf_mark_chart_expressionable_inputs 00000001800113f8     sf_runtime:sf_runtime.dll
 0002:00000400       __imp_sf_mark_chart_reusable_outputs 0000000180011400     sf_runtime:sf_runtime.dll
 0002:00000408       __imp_sf_is_chart_inlinable 0000000180011408     sf_runtime:sf_runtime.dll
 0002:00000410       __imp_sf_update_buildInfo  0000000180011410     sf_runtime:sf_runtime.dll
 0002:00000418       __imp_sf_rtw_info_uint_prop 0000000180011418     sf_runtime:sf_runtime.dll
 0002:00000420       __imp_sf_debug_set_machine_data_thresholds 0000000180011420     sf_runtime:sf_runtime.dll
 0002:00000428       __imp_sf_debug_set_machine_event_thresholds 0000000180011428     sf_runtime:sf_runtime.dll
 0002:00000430       __imp_sf_debug_initialize_machine 0000000180011430     sf_runtime:sf_runtime.dll
 0002:00000438       __imp_sf_load_rtw_optimization_info 0000000180011438     sf_runtime:sf_runtime.dll
 0002:00000440       \177sf_runtime_NULL_THUNK_DATA 0000000180011440     sf_runtime:sf_runtime.dll
 0002:00000448       __xc_a                     0000000180011448     MSVCRT:cinitexe.obj
 0002:00000450       __xc_z                     0000000180011450     MSVCRT:cinitexe.obj
 0002:00000458       __xi_a                     0000000180011458     MSVCRT:cinitexe.obj
 0002:00000470       __xi_z                     0000000180011470     MSVCRT:cinitexe.obj
 0002:00000480       __real@41c13930eb000000    0000000180011480     wheel2_sfun.obj
 0002:00000488       __real@41c900e78a000000    0000000180011488     wheel2_sfun.obj
 0002:00000490       __real@41d2837e31c00000    0000000180011490     wheel2_sfun.obj
 0002:00000498       __real@41d71ab6fc400000    0000000180011498     wheel2_sfun.obj
 0002:000004a0       __real@41dae8177cc00000    00000001800114a0     wheel2_sfun.obj
 0002:000004a8       __real@41dc74e34cc00000    00000001800114a8     wheel2_sfun.obj
 0002:000004b0       __real@41df4fdc4a400000    00000001800114b0     wheel2_sfun.obj
 0002:000004b8       __real@41dfed3660800000    00000001800114b8     wheel2_sfun.obj
 0002:000004c0       __real@41e4c17598a00000    00000001800114c0     wheel2_sfun.obj
 0002:000004c8       __real@41e695dff8600000    00000001800114c8     wheel2_sfun.obj
 0002:000004d0       __real@41eb5af2c4a00000    00000001800114d0     wheel2_sfun.obj
 0002:000004d8       __real@41eba6c11bc00000    00000001800114d8     wheel2_sfun.obj
 0002:000004e0       __real@41ed95cb65400000    00000001800114e0     wheel2_sfun.obj
 0002:000004e8       __real@41eda5398c800000    00000001800114e8     wheel2_sfun.obj
 0002:000004f0       __real@41edcf5b43c00000    00000001800114f0     wheel2_sfun.obj
 0002:000004f8       __real@41ee466521c00000    00000001800114f8     wheel2_sfun.obj
 0002:00000500       __real@3ff0000000000000    0000000180011500     c2_wheel2.obj
 0002:00000508       __real@4000000000000000    0000000180011508     c2_wheel2.obj
 0002:00000510       __real@4008000000000000    0000000180011510     c2_wheel2.obj
 0002:00000518       __real@4010000000000000    0000000180011518     c2_wheel2.obj
 0002:00000520       __real@4024000000000000    0000000180011520     c2_wheel2.obj
 0002:00000528       __real@418f6567b0000000    0000000180011528     c2_wheel2.obj
 0002:00000530       __real@41ec37f2cc400000    0000000180011530     c2_wheel2.obj
 0002:00000538       __real@41ec43a2bec00000    0000000180011538     c2_wheel2.obj
 0002:00000540       __real@41eedc6661800000    0000000180011540     c2_wheel2.obj
 0002:00000550       DYNAMIC_DIMENSION_DEF      0000000180011550     wheel2_sfun_registry.obj
 0002:00000570       _ssBadLevel2InputAccessMsg 0000000180011570     wheel2_sfun_registry.obj
 0002:00000700       _ssBadLevel2DirectFeedMsg  0000000180011700     wheel2_sfun_registry.obj
 0002:00000840       _ssBadLevel2DirectFeedSolutionMsg 0000000180011840     wheel2_sfun_registry.obj
 0002:000008b0       _ssBadLevel2ZeroDirectFeedMsg 00000001800118b0     wheel2_sfun_registry.obj
 0002:000009f0       _ssBadLevel2ZeroDirectFeedMsg2 00000001800119f0     wheel2_sfun_registry.obj
 0002:00000ad8       __real@0000000000000000    0000000180011ad8     wheel2_sfun_registry.obj
 0002:00000ae0       __real@41602cbca0000000    0000000180011ae0     wheel2_sfun_registry.obj
 0002:00000ae8       __real@bff0000000000000    0000000180011ae8     wheel2_sfun_registry.obj
 0002:00000b00       _pDefaultRawDllMain        0000000180011b00     MSVCRT:crtdll.obj
 0002:00000b00       _pRawDllMain               0000000180011b00     MSVCRT:crtdll.obj
 0002:00000b08       ?ProcessDetach@NativeDll@<CrtImplementationDetails>@@0IB 0000000180011b08     MSVCRT:initsect.obj
 0002:00000b0c       ?ProcessAttach@NativeDll@<CrtImplementationDetails>@@0IB 0000000180011b0c     MSVCRT:initsect.obj
 0002:00000b10       ?ThreadAttach@NativeDll@<CrtImplementationDetails>@@0IB 0000000180011b10     MSVCRT:initsect.obj
 0002:00000b14       ?ThreadDetach@NativeDll@<CrtImplementationDetails>@@0IB 0000000180011b14     MSVCRT:initsect.obj
 0002:00000b18       ?ProcessVerifier@NativeDll@<CrtImplementationDetails>@@0IB 0000000180011b18     MSVCRT:initsect.obj
 0002:00000b1c       ?value@?$integral_constant@_N$0A@@std@@2_NB 0000000180011b1c     MSVCRT:tncleanup.obj
 0002:00000b1d       ?value@?$integral_constant@_N$00@std@@2_NB 0000000180011b1d     MSVCRT:tncleanup.obj
 0002:00000b20       ?value@?$_Sizeof@U_Nil@std@@U12@U12@U12@U12@U12@U12@U12@@std@@2_KB 0000000180011b20     MSVCRT:tncleanup.obj
 0002:00000b30       _load_config_used          0000000180011b30     MSVCRT:loadcfg.obj
 0002:00000ba0       __rtc_iaa                  0000000180011ba0     MSVCRT:initsect.obj
 0002:00000ba8       __rtc_izz                  0000000180011ba8     MSVCRT:initsect.obj
 0002:00000bb0       __rtc_taa                  0000000180011bb0     MSVCRT:initsect.obj
 0002:00000bb8       __rtc_tzz                  0000000180011bb8     MSVCRT:initsect.obj
 0002:0000123c       __IMPORT_DESCRIPTOR_sf_runtime 000000018001223c     sf_runtime:sf_runtime.dll
 0002:00001250       __IMPORT_DESCRIPTOR_libmx  0000000180012250     libmx:libmx.dll
 0002:00001264       __IMPORT_DESCRIPTOR_libmex 0000000180012264     libmex:libmex.dll
 0002:00001278       __IMPORT_DESCRIPTOR_libut  0000000180012278     libut:libut.dll
 0002:0000128c       __IMPORT_DESCRIPTOR_libmwmathutil 000000018001228c     libmwmathutil:libmwmathutil.dll
 0002:000012a0       __IMPORT_DESCRIPTOR_MSVCR110 00000001800122a0     MSVCRT:MSVCR110.dll
 0002:000012b4       __IMPORT_DESCRIPTOR_KERNEL32 00000001800122b4     kernel32:KERNEL32.dll
 0002:000012c8       __NULL_IMPORT_DESCRIPTOR   00000001800122c8     sf_runtime:sf_runtime.dll
 0003:00002200       DYNAMIC_DIMENSION          0000000180016200     wheel2_sfun_registry.obj
 0003:00002e40       __security_cookie          0000000180016e40     MSVCRT:gs_cookie.obj
 0003:00002e48       __security_cookie_complement 0000000180016e48     MSVCRT:gs_cookie.obj
 0003:00002e50       _fltused                   0000000180016e50     MSVCRT:dllsupp.obj
 0003:00002e54       __native_dllmain_reason    0000000180016e54     MSVCRT:natstart.obj
 0003:00002e88       sfGlobalDebugInstanceStruct 0000000180016e88     wheel2_sfun_registry.obj
 0003:000034d8       ?__type_info_root_node@@3U__type_info_node@@A 00000001800174d8     MSVCRT:tncleanup.obj
 0003:000034e8       _wheel2MachineNumber_      00000001800174e8     <common>
 0003:000034f0       __native_startup_lock      00000001800174f0     <common>
 0003:000034f8       __native_startup_state     00000001800174f8     <common>
 0003:00003500       __onexitend                0000000180017500     <common>
 0003:00003508       __onexitbegin              0000000180017508     <common>
 0003:00003510       __dyn_tls_init_callback    0000000180017510     <common>

 entry point at        0001:0000eb04

 Static symbols

 0000:00000000       .debug$S                   0000000180000000     kernel32:KERNEL32.dll
 0000:00000000       .debug$S                   0000000180000000     kernel32:KERNEL32.dll
 0000:00000000       .debug$S                   0000000180000000     kernel32:KERNEL32.dll
 0000:00000000       .debug$S                   0000000180000000     kernel32:KERNEL32.dll
 0000:00000000       .debug$S                   0000000180000000     kernel32:KERNEL32.dll
 0000:00000000       .debug$S                   0000000180000000     kernel32:KERNEL32.dll
 0000:00000000       .debug$S                   0000000180000000     kernel32:KERNEL32.dll
 0000:00000000       .debug$S                   0000000180000000     kernel32:KERNEL32.dll
 0000:00000000       .debug$S                   0000000180000000     kernel32:KERNEL32.dll
 0000:00000000       .debug$S                   0000000180000000     sf_runtime:sf_runtime.dll
 0000:00000000       .debug$S                   0000000180000000     MSVCRT:MSVCR110.dll
 0000:00000000       .debug$S                   0000000180000000     MSVCRT:MSVCR110.dll
 0000:00000000       .debug$S                   0000000180000000     MSVCRT:MSVCR110.dll
 0000:00000000       .debug$S                   0000000180000000     MSVCRT:MSVCR110.dll
 0000:00000000       .debug$S                   0000000180000000     MSVCRT:MSVCR110.dll
 0000:00000000       .debug$S                   0000000180000000     MSVCRT:MSVCR110.dll
 0000:00000000       .debug$S                   0000000180000000     MSVCRT:MSVCR110.dll
 0000:00000000       .debug$S                   0000000180000000     MSVCRT:MSVCR110.dll
 0000:00000000       .debug$S                   0000000180000000     MSVCRT:MSVCR110.dll
 0000:00000000       .debug$S                   0000000180000000     MSVCRT:MSVCR110.dll
 0000:00000000       .debug$S                   0000000180000000     MSVCRT:MSVCR110.dll
 0000:00000000       .debug$S                   0000000180000000     MSVCRT:MSVCR110.dll
 0000:00000000       .debug$S                   0000000180000000     MSVCRT:MSVCR110.dll
 0000:00000000       .debug$S                   0000000180000000     MSVCRT:MSVCR110.dll
 0000:00000000       .debug$S                   0000000180000000     MSVCRT:MSVCR110.dll
 0000:00000000       .debug$S                   0000000180000000     MSVCRT:MSVCR110.dll
 0000:00000000       .debug$S                   0000000180000000     MSVCRT:MSVCR110.dll
 0000:00000000       .debug$S                   0000000180000000     MSVCRT:MSVCR110.dll
 0000:00000000       .debug$S                   0000000180000000     MSVCRT:MSVCR110.dll
 0000:00000000       .debug$S                   0000000180000000     MSVCRT:MSVCR110.dll
 0000:00000000       .debug$S                   0000000180000000     MSVCRT:MSVCR110.dll
 0000:00000000       .debug$S                   0000000180000000     MSVCRT:MSVCR110.dll
 0000:00000000       .debug$S                   0000000180000000     MSVCRT:MSVCR110.dll
 0000:00000000       .debug$S                   0000000180000000     MSVCRT:MSVCR110.dll
 0000:00000000       .debug$S                   0000000180000000     MSVCRT:MSVCR110.dll
 0000:00000000       .debug$S                   0000000180000000     sf_runtime:sf_runtime.dll
 0000:00000000       .debug$S                   0000000180000000     sf_runtime:sf_runtime.dll
 0000:00000000       .debug$S                   0000000180000000     sf_runtime:sf_runtime.dll
 0000:00000000       .debug$S                   0000000180000000     sf_runtime:sf_runtime.dll
 0000:00000000       .debug$S                   0000000180000000     sf_runtime:sf_runtime.dll
 0000:00000000       .debug$S                   0000000180000000     sf_runtime:sf_runtime.dll
 0000:00000000       .debug$S                   0000000180000000     sf_runtime:sf_runtime.dll
 0000:00000000       .debug$S                   0000000180000000     sf_runtime:sf_runtime.dll
 0000:00000000       .debug$S                   0000000180000000     sf_runtime:sf_runtime.dll
 0000:00000000       .debug$S                   0000000180000000     sf_runtime:sf_runtime.dll
 0000:00000000       .debug$S                   0000000180000000     sf_runtime:sf_runtime.dll
 0000:00000000       .debug$S                   0000000180000000     sf_runtime:sf_runtime.dll
 0000:00000000       .debug$S                   0000000180000000     sf_runtime:sf_runtime.dll
 0000:00000000       .debug$S                   0000000180000000     sf_runtime:sf_runtime.dll
 0000:00000000       .debug$S                   0000000180000000     sf_runtime:sf_runtime.dll
 0000:00000000       .debug$S                   0000000180000000     sf_runtime:sf_runtime.dll
 0000:00000000       .debug$S                   0000000180000000     sf_runtime:sf_runtime.dll
 0000:00000000       .debug$S                   0000000180000000     sf_runtime:sf_runtime.dll
 0000:00000000       .debug$S                   0000000180000000     sf_runtime:sf_runtime.dll
 0000:00000000       .debug$S                   0000000180000000     sf_runtime:sf_runtime.dll
 0000:00000000       .debug$S                   0000000180000000     sf_runtime:sf_runtime.dll
 0000:00000000       .debug$S                   0000000180000000     sf_runtime:sf_runtime.dll
 0000:00000000       .debug$S                   0000000180000000     sf_runtime:sf_runtime.dll
 0000:00000000       .debug$S                   0000000180000000     sf_runtime:sf_runtime.dll
 0000:00000000       .debug$S                   0000000180000000     sf_runtime:sf_runtime.dll
 0000:00000000       .debug$S                   0000000180000000     sf_runtime:sf_runtime.dll
 0000:00000000       .debug$S                   0000000180000000     sf_runtime:sf_runtime.dll
 0000:00000000       .debug$S                   0000000180000000     sf_runtime:sf_runtime.dll
 0000:00000000       .debug$S                   0000000180000000     sf_runtime:sf_runtime.dll
 0000:00000000       .debug$S                   0000000180000000     sf_runtime:sf_runtime.dll
 0000:00000000       .debug$S                   0000000180000000     sf_runtime:sf_runtime.dll
 0000:00000000       .debug$S                   0000000180000000     sf_runtime:sf_runtime.dll
 0000:00000000       .debug$S                   0000000180000000     sf_runtime:sf_runtime.dll
 0000:00000000       .debug$S                   0000000180000000     sf_runtime:sf_runtime.dll
 0000:00000000       .debug$S                   0000000180000000     sf_runtime:sf_runtime.dll
 0000:00000000       .debug$S                   0000000180000000     sf_runtime:sf_runtime.dll
 0000:00000000       .debug$S                   0000000180000000     libmwmathutil:libmwmathutil.dll
 0000:00000000       .debug$S                   0000000180000000     libmwmathutil:libmwmathutil.dll
 0000:00000000       .debug$S                   0000000180000000     sf_runtime:sf_runtime.dll
 0000:00000000       .debug$S                   0000000180000000     libut:libut.dll
 0000:00000000       .debug$S                   0000000180000000     libut:libut.dll
 0000:00000000       .debug$S                   0000000180000000     sf_runtime:sf_runtime.dll
 0000:00000000       .debug$S                   0000000180000000     libmex:libmex.dll
 0000:00000000       .debug$S                   0000000180000000     libmex:libmex.dll
 0000:00000000       .debug$S                   0000000180000000     libmex:libmex.dll
 0000:00000000       .debug$S                   0000000180000000     libmex:libmex.dll
 0000:00000000       .debug$S                   0000000180000000     libmex:libmex.dll
 0000:00000000       .debug$S                   0000000180000000     libmex:libmex.dll
 0000:00000000       .debug$S                   0000000180000000     libmex:libmex.dll
 0000:00000000       .debug$S                   0000000180000000     sf_runtime:sf_runtime.dll
 0000:00000000       .debug$S                   0000000180000000     libmx:libmx.dll
 0000:00000000       .debug$S                   0000000180000000     libmx:libmx.dll
 0000:00000000       .debug$S                   0000000180000000     libmx:libmx.dll
 0000:00000000       .debug$S                   0000000180000000     libmx:libmx.dll
 0000:00000000       .debug$S                   0000000180000000     libmx:libmx.dll
 0000:00000000       .debug$S                   0000000180000000     libmx:libmx.dll
 0000:00000000       .debug$S                   0000000180000000     libmx:libmx.dll
 0000:00000000       .debug$S                   0000000180000000     libmx:libmx.dll
 0000:00000000       .debug$S                   0000000180000000     libmx:libmx.dll
 0000:00000000       .debug$S                   0000000180000000     libmx:libmx.dll
 0000:00000000       .debug$S                   0000000180000000     sf_runtime:sf_runtime.dll
 0000:00000000       .debug$S                   0000000180000000     sf_runtime:sf_runtime.dll
 0000:00000000       .debug$S                   0000000180000000     sf_runtime:sf_runtime.dll
 0000:00000000       .debug$S                   0000000180000000     sf_runtime:sf_runtime.dll
 0000:00000000       .debug$S                   0000000180000000     sf_runtime:sf_runtime.dll
 0000:00000000       .debug$S                   0000000180000000     libmx:libmx.dll
 0000:00000000       .debug$S                   0000000180000000     sf_runtime:sf_runtime.dll
 0000:00000000       .debug$S                   0000000180000000     sf_runtime:sf_runtime.dll
 0000:00000000       .debug$S                   0000000180000000     sf_runtime:sf_runtime.dll
 0000:00000000       .debug$S                   0000000180000000     sf_runtime:sf_runtime.dll
 0000:00000000       .debug$S                   0000000180000000     sf_runtime:sf_runtime.dll
 0000:00000000       .debug$S                   0000000180000000     sf_runtime:sf_runtime.dll
 0000:00000000       .debug$S                   0000000180000000     sf_runtime:sf_runtime.dll
 0000:00000000       .debug$S                   0000000180000000     sf_runtime:sf_runtime.dll
 0000:00000000       .debug$S                   0000000180000000     sf_runtime:sf_runtime.dll
 0000:00000000       .debug$S                   0000000180000000     sf_runtime:sf_runtime.dll
 0000:00000000       .debug$S                   0000000180000000     sf_runtime:sf_runtime.dll
 0000:00000000       .debug$S                   0000000180000000     sf_runtime:sf_runtime.dll
 0000:00000000       .debug$S                   0000000180000000     sf_runtime:sf_runtime.dll
 0000:00000000       .debug$S                   0000000180000000     sf_runtime:sf_runtime.dll
 0000:00000000       .debug$S                   0000000180000000     sf_runtime:sf_runtime.dll
 0000:00000000       .debug$S                   0000000180000000     sf_runtime:sf_runtime.dll
 0000:00000000       .debug$S                   0000000180000000     sf_runtime:sf_runtime.dll
 0000:00000000       .debug$S                   0000000180000000     sf_runtime:sf_runtime.dll
 0000:00000000       .debug$S                   0000000180000000     sf_runtime:sf_runtime.dll
 0000:00000000       .debug$S                   0000000180000000     sf_runtime:sf_runtime.dll
 0000:00000000       .debug$S                   0000000180000000     sf_runtime:sf_runtime.dll
 0000:00000000       .debug$S                   0000000180000000     sf_runtime:sf_runtime.dll
 0000:00000000       .debug$S                   0000000180000000     libmx:libmx.dll
 0000:00000000       .debug$S                   0000000180000000     libmx:libmx.dll
 0000:00000000       .debug$S                   0000000180000000     libmx:libmx.dll
 0000:00000000       .debug$S                   0000000180000000     libmx:libmx.dll
 0000:00000000       .debug$S                   0000000180000000     libmx:libmx.dll
 0000:00000000       .debug$S                   0000000180000000     libmx:libmx.dll
 0000:00000000       .debug$S                   0000000180000000     libmx:libmx.dll
 0001:000010b0       initialize_c2_wheel2       00000001800020b0 f   c2_wheel2.obj
 0001:00001100       initialize_params_c2_wheel2 0000000180002100 f   c2_wheel2.obj
 0001:00001110       enable_c2_wheel2           0000000180002110 f   c2_wheel2.obj
 0001:00001140       disable_c2_wheel2          0000000180002140 f   c2_wheel2.obj
 0001:00001170       c2_update_debugger_state_c2_wheel2 0000000180002170 f   c2_wheel2.obj
 0001:00001180       get_sim_state_c2_wheel2    0000000180002180 f   c2_wheel2.obj
 0001:000014a0       set_sim_state_c2_wheel2    00000001800024a0 f   c2_wheel2.obj
 0001:00001630       finalize_c2_wheel2         0000000180002630 f   c2_wheel2.obj
 0001:00001640       sf_gateway_c2_wheel2       0000000180002640 f   c2_wheel2.obj
 0001:000026b0       initSimStructsc2_wheel2    00000001800036b0 f   c2_wheel2.obj
 0001:000026c0       init_script_number_translation 00000001800036c0 f   c2_wheel2.obj
 0001:000026e0       c2_sf_marshallOut          00000001800036e0 f   c2_wheel2.obj
 0001:00002790       c2_emlrt_marshallIn        0000000180003790 f   c2_wheel2.obj
 0001:00002800       c2_b_emlrt_marshallIn      0000000180003800 f   c2_wheel2.obj
 0001:00002890       c2_sf_marshallIn           0000000180003890 f   c2_wheel2.obj
 0001:00002930       c2_b_sf_marshallOut        0000000180003930 f   c2_wheel2.obj
 0001:00002a80       c2_info_helper             0000000180003a80 f   c2_wheel2.obj
 0001:000053d0       c2_emlrt_marshallOut       00000001800063d0 f   c2_wheel2.obj
 0001:00005460       c2_b_emlrt_marshallOut     0000000180006460 f   c2_wheel2.obj
 0001:000054d0       c2_mpower                  00000001800064d0 f   c2_wheel2.obj
 0001:000055f0       c2_eml_scalar_eg           00000001800065f0 f   c2_wheel2.obj
 0001:00005600       c2_eml_error               0000000180006600 f   c2_wheel2.obj
 0001:00005740       c2_d_emlrt_marshallIn      0000000180006740 f   c2_wheel2.obj
 0001:000057a0       c2_e_emlrt_marshallIn      00000001800067a0 f   c2_wheel2.obj
 0001:00005830       init_dsm_address_info      0000000180006830 f   c2_wheel2.obj
 0001:000060b0       sf_get_sim_state_info_c2_wheel2 00000001800070b0 f   c2_wheel2.obj
 0001:00006180       chart_debug_initialization 0000000180007180 f   c2_wheel2.obj
 0001:00006df0       sf_get_instance_specialization 0000000180007df0 f   c2_wheel2.obj
 0001:00006e00       sf_opaque_initialize_c2_wheel2 0000000180007e00 f   c2_wheel2.obj
 0001:00006e40       sf_opaque_enable_c2_wheel2 0000000180007e40 f   c2_wheel2.obj
 0001:00006e60       sf_opaque_disable_c2_wheel2 0000000180007e60 f   c2_wheel2.obj
 0001:00006e80       sf_opaque_gateway_c2_wheel2 0000000180007e80 f   c2_wheel2.obj
 0001:00007160       sf_opaque_get_sim_state_c2_wheel2 0000000180008160 f   c2_wheel2.obj
 0001:00007180       sf_opaque_set_sim_state_c2_wheel2 0000000180008180 f   c2_wheel2.obj
 0001:000071b0       sf_opaque_terminate_c2_wheel2 00000001800081b0 f   c2_wheel2.obj
 0001:00007250       sf_opaque_init_subchart_simstructs 0000000180008250 f   c2_wheel2.obj
 0001:00007270       mdlProcessParameters_c2_wheel2 0000000180008270 f   c2_wheel2.obj
 0001:00007350       mdlSetWorkWidths_c2_wheel2 0000000180008350 f   c2_wheel2.obj
 0001:000078a0       mdlRTW_c2_wheel2           00000001800088a0 f   c2_wheel2.obj
 0001:000078e0       mdlStart_c2_wheel2         00000001800088e0 f   c2_wheel2.obj
 0001:00008bf4       $LN107                     0000000180009bf4     wheel2_sfun_registry.obj
 0001:00009f24       $LN17                      000000018000af24     wheel2_sfun_registry.obj
 0001:0000a4ac       $LN26                      000000018000b4ac     wheel2_sfun_registry.obj
 0001:0000ab94       $LN23                      000000018000bb94     wheel2_sfun_registry.obj
 0001:0000b170       $LN26                      000000018000c170     wheel2_sfun_registry.obj
 0001:0000caa0       sf_debug_api_wrapper       000000018000daa0 f   wheel2_sfun_registry.obj
 0001:0000caf0       ProcessMexSfunctionCmdLineCall 000000018000daf0 f   wheel2_sfun_registry.obj
 0001:0000cdb0       getChartInfoFromSimStruct  000000018000ddb0 f   wheel2_sfun_registry.obj
 0001:0000ce70       mdlSetWorkWidths           000000018000de70 f   wheel2_sfun_registry.obj
 0001:0000cea0       mdlProcessParameters       000000018000dea0 f   wheel2_sfun_registry.obj
 0001:0000ced0       mdl_start_processing       000000018000ded0 f   wheel2_sfun_registry.obj
 0001:0000cf60       mdl_terminate_processing   000000018000df60 f   wheel2_sfun_registry.obj
 0001:0000cfe0       mdlStart                   000000018000dfe0 f   wheel2_sfun_registry.obj
 0001:0000d010       mdlTerminate               000000018000e010 f   wheel2_sfun_registry.obj
 0001:0000d040       mdlInitializeSizes         000000018000e040 f   wheel2_sfun_registry.obj
 0001:0000d070       mdlInitializeSampleTimes   000000018000e070 f   wheel2_sfun_registry.obj
 0001:0000d0a0       mdl_outputs_continuous_legacy 000000018000e0a0 f   wheel2_sfun_registry.obj
 0001:0000d1a0       mdl_outputs_processing     000000018000e1a0 f   wheel2_sfun_registry.obj
 0001:0000d2a0       mdl_zeroCrossings_processing 000000018000e2a0 f   wheel2_sfun_registry.obj
 0001:0000d2e0       mdlZeroCrossings           000000018000e2e0 f   wheel2_sfun_registry.obj
 0001:0000d310       mdl_derivatives_processing 000000018000e310 f   wheel2_sfun_registry.obj
 0001:0000d360       mdlDerivatives             000000018000e360 f   wheel2_sfun_registry.obj
 0001:0000d390       mdl_initialize_conditions_processing 000000018000e390 f   wheel2_sfun_registry.obj
 0001:0000d3e0       mdlInitializeConditions    000000018000e3e0 f   wheel2_sfun_registry.obj
 0001:0000d410       mdl_ext_mode_exec_processing 000000018000e410 f   wheel2_sfun_registry.obj
 0001:0000d450       mdlExtModeExec             000000018000e450 f   wheel2_sfun_registry.obj
 0001:0000d480       mdlRTW                     000000018000e480 f   wheel2_sfun_registry.obj
 0001:0000d4c0       mdl_enable_processing      000000018000e4c0 f   wheel2_sfun_registry.obj
 0001:0000d500       mdlEnable                  000000018000e500 f   wheel2_sfun_registry.obj
 0001:0000d530       mdl_disable_processing     000000018000e530 f   wheel2_sfun_registry.obj
 0001:0000d570       mdlDisable                 000000018000e570 f   wheel2_sfun_registry.obj
 0001:0000d5a0       mdlOutputs                 000000018000e5a0 f   wheel2_sfun_registry.obj
 0001:0000d770       mdlGetTimeOfNextVarHit     000000018000e770 f   wheel2_sfun_registry.obj
 0001:0000d7c0       _RegNumInputPortsCB        000000018000e7c0 f   wheel2_sfun_registry.obj
 0001:0000d840       _RegNumOutputPortsCB       000000018000e840 f   wheel2_sfun_registry.obj
 0001:0000d8c0       _CreateSimStruct           000000018000e8c0 f   wheel2_sfun_registry.obj
 0001:0000da50       _ssFatalError              000000018000ea50 f   wheel2_sfun_registry.obj
 0001:0000db00       _ProcessMexSfunctionCmdLineCall 000000018000eb00 f   wheel2_sfun_registry.obj
 0001:0000e7f0       $$000000                   000000018000f7f0     MSVCRT:amdsecgs.obj
 0001:0000e84c       pre_c_init                 000000018000f84c f   MSVCRT:crtdll.obj
 0001:0000eb44       __DllMainCRTStartup        000000018000fb44 f   MSVCRT:crtdll.obj
 0001:0000f060       __DllMainCRTStartup$filt$0 0000000180010060 f   MSVCRT:crtdll.obj
 0001:0000f085       __DllMainCRTStartup$fin$1  0000000180010085 f   MSVCRT:crtdll.obj
 0001:0000f0a0       _IsNonwritableInCurrentImage$filt$0 00000001800100a0 f   MSVCRT:pesect.obj
 0001:0000f0c0       _onexit$fin$0              00000001800100c0 f   MSVCRT:atonexit.obj
 0002:00000460       pcinit                     0000000180011460     MSVCRT:crtdll.obj
 0002:00000468       pinit                      0000000180011468     MSVCRT:atonexit.obj
 0002:00000af0       GS_ExceptionPointers       0000000180011af0     MSVCRT:gs_report.obj
 0002:00000bc0       $unwind$load_wheel2_optimization_info 0000000180011bc0     wheel2_sfun.obj
 0002:00000bc8       $unwind$unload_wheel2_optimization_info 0000000180011bc8     wheel2_sfun.obj
 0002:00000bd0       $unwind$sf_wheel2_method_dispatcher 0000000180011bd0     wheel2_sfun.obj
 0002:00000bd8       $unwind$sf_wheel2_process_check_sum_call 0000000180011bd8     wheel2_sfun.obj
 0002:00000be8       $unwind$sf_wheel2_autoinheritance_info 0000000180011be8     wheel2_sfun.obj
 0002:00000bf8       $unwind$sf_wheel2_get_eml_resolved_functions_info 0000000180011bf8     wheel2_sfun.obj
 0002:00000c08       $unwind$sf_wheel2_third_party_uses_info 0000000180011c08     wheel2_sfun.obj
 0002:00000c18       $unwind$sf_wheel2_updateBuildInfo_args_info 0000000180011c18     wheel2_sfun.obj
 0002:00000c28       $unwind$wheel2_debug_initialize 0000000180011c28     wheel2_sfun.obj
 0002:00000c30       $unwind$sf_c2_wheel2_get_eml_resolved_functions_info 0000000180011c30     c2_wheel2.obj
 0002:00000c38       $unwind$sf_c2_wheel2_get_check_sum 0000000180011c38     c2_wheel2.obj
 0002:00000c40       $unwind$c2_wheel2_method_dispatcher 0000000180011c40     c2_wheel2.obj
 0002:00000c48       $unwind$initialize_c2_wheel2 0000000180011c48     c2_wheel2.obj
 0002:00000c50       $unwind$enable_c2_wheel2   0000000180011c50     c2_wheel2.obj
 0002:00000c58       $unwind$disable_c2_wheel2  0000000180011c58     c2_wheel2.obj
 0002:00000c60       $unwind$get_sim_state_c2_wheel2 0000000180011c60     c2_wheel2.obj
 0002:00000c68       $unwind$set_sim_state_c2_wheel2 0000000180011c68     c2_wheel2.obj
 0002:00000c70       $unwind$sf_gateway_c2_wheel2 0000000180011c70     c2_wheel2.obj
 0002:00000c80       $unwind$c2_sf_marshallOut  0000000180011c80     c2_wheel2.obj
 0002:00000c88       $unwind$c2_emlrt_marshallIn 0000000180011c88     c2_wheel2.obj
 0002:00000c90       $unwind$c2_b_emlrt_marshallIn 0000000180011c90     c2_wheel2.obj
 0002:00000c98       $unwind$c2_sf_marshallIn   0000000180011c98     c2_wheel2.obj
 0002:00000ca0       $unwind$c2_b_sf_marshallOut 0000000180011ca0     c2_wheel2.obj
 0002:00000cb0       $unwind$c2_info_helper     0000000180011cb0     c2_wheel2.obj
 0002:00000cb8       $unwind$c2_emlrt_marshallOut 0000000180011cb8     c2_wheel2.obj
 0002:00000cc0       $unwind$c2_b_emlrt_marshallOut 0000000180011cc0     c2_wheel2.obj
 0002:00000cc8       $unwind$c2_mpower          0000000180011cc8     c2_wheel2.obj
 0002:00000cd0       $unwind$c2_eml_error       0000000180011cd0     c2_wheel2.obj
 0002:00000ce0       $unwind$c2_d_emlrt_marshallIn 0000000180011ce0     c2_wheel2.obj
 0002:00000ce8       $unwind$c2_e_emlrt_marshallIn 0000000180011ce8     c2_wheel2.obj
 0002:00000cf0       $unwind$sf_c2_wheel2_get_autoinheritance_info 0000000180011cf0     c2_wheel2.obj
 0002:00000cf8       $unwind$sf_c2_wheel2_third_party_uses_info 0000000180011cf8     c2_wheel2.obj
 0002:00000d00       $unwind$sf_c2_wheel2_updateBuildInfo_args_info 0000000180011d00     c2_wheel2.obj
 0002:00000d08       $unwind$sf_get_sim_state_info_c2_wheel2 0000000180011d08     c2_wheel2.obj
 0002:00000d10       $unwind$chart_debug_initialization 0000000180011d10     c2_wheel2.obj
 0002:00000d18       $unwind$sf_opaque_initialize_c2_wheel2 0000000180011d18     c2_wheel2.obj
 0002:00000d20       $unwind$sf_opaque_enable_c2_wheel2 0000000180011d20     c2_wheel2.obj
 0002:00000d28       $unwind$sf_opaque_disable_c2_wheel2 0000000180011d28     c2_wheel2.obj
 0002:00000d30       $unwind$sf_opaque_gateway_c2_wheel2 0000000180011d30     c2_wheel2.obj
 0002:00000d38       $unwind$sf_internal_get_sim_state_c2_wheel2 0000000180011d38     c2_wheel2.obj
 0002:00000d40       $unwind$sf_internal_set_sim_state_c2_wheel2 0000000180011d40     c2_wheel2.obj
 0002:00000d48       $unwind$sf_opaque_get_sim_state_c2_wheel2 0000000180011d48     c2_wheel2.obj
 0002:00000d50       $unwind$sf_opaque_set_sim_state_c2_wheel2 0000000180011d50     c2_wheel2.obj
 0002:00000d58       $unwind$sf_opaque_terminate_c2_wheel2 0000000180011d58     c2_wheel2.obj
 0002:00000d60       $unwind$sf_opaque_init_subchart_simstructs 0000000180011d60     c2_wheel2.obj
 0002:00000d68       $unwind$mdlProcessParameters_c2_wheel2 0000000180011d68     c2_wheel2.obj
 0002:00000d70       $unwind$mdlSetWorkWidths_c2_wheel2 0000000180011d70     c2_wheel2.obj
 0002:00000d78       $unwind$mdlRTW_c2_wheel2   0000000180011d78     c2_wheel2.obj
 0002:00000d80       $unwind$mdlStart_c2_wheel2 0000000180011d80     c2_wheel2.obj
 0002:00000d88       $unwind$mexFunction        0000000180011d88     wheel2_sfun_registry.obj
 0002:00000d90       $unwind$_ssSetInputPortDirectFeedThroughFcn 0000000180011d90     wheel2_sfun_registry.obj
 0002:00000d98       $unwind$_ssGetInputPortSignalPtrsFcn 0000000180011d98     wheel2_sfun_registry.obj
 0002:00000da0       $unwind$_ssGetInputPortSignalFcn 0000000180011da0     wheel2_sfun_registry.obj
 0002:00000da8       $unwind$_ssSetInputPortReusableFcn 0000000180011da8     wheel2_sfun_registry.obj
 0002:00000db8       $unwind$_ssSetOutputPortReusableFcn 0000000180011db8     wheel2_sfun_registry.obj
 0002:00000dc8       $unwind$ssGetIsZeroCrossControlDisabled 0000000180011dc8     wheel2_sfun_registry.obj
 0002:00000dd0       $unwind$ssSetIsInputPortUsedForContZcSignal 0000000180011dd0     wheel2_sfun_registry.obj
 0002:00000dd8       $unwind$ssSetZcSignalIsZcElementDisc 0000000180011dd8     wheel2_sfun_registry.obj
 0002:00000de8       $unwind$ssSetZcSignalName  0000000180011de8     wheel2_sfun_registry.obj
 0002:00000df0       $unwind$ssSetZcSignalWidth 0000000180011df0     wheel2_sfun_registry.obj
 0002:00000df8       $unwind$ssSetZcSignalZcEventType 0000000180011df8     wheel2_sfun_registry.obj
 0002:00000e00       $unwind$ssSetZcSignalType  0000000180011e00     wheel2_sfun_registry.obj
 0002:00000e08       $unwind$ssSetZcSignalZcTol 0000000180011e08     wheel2_sfun_registry.obj
 0002:00000e10       $unwind$ssSetZcSignalNeedsEventNotification 0000000180011e10     wheel2_sfun_registry.obj
 0002:00000e18       $unwind$ssCreateAndAddZcSignalInfo 0000000180011e18     wheel2_sfun_registry.obj
 0002:00000e20       $unwind$ssCloneAndAddZcSignalInfo 0000000180011e20     wheel2_sfun_registry.obj
 0002:00000e28       $unwind$ssGetNumZcSignals  0000000180011e28     wheel2_sfun_registry.obj
 0002:00000e30       $unwind$ssGetZcSignalVector 0000000180011e30     wheel2_sfun_registry.obj
 0002:00000e38       $unwind$ssGetZcSignalName  0000000180011e38     wheel2_sfun_registry.obj
 0002:00000e40       $unwind$ssGetZcSignalWidth 0000000180011e40     wheel2_sfun_registry.obj
 0002:00000e48       $unwind$ssGetZcSignalZcEventType 0000000180011e48     wheel2_sfun_registry.obj
 0002:00000e50       $unwind$ssGetZcSignalZcEvents 0000000180011e50     wheel2_sfun_registry.obj
 0002:00000e58       $unwind$ssGetZcSignalType  0000000180011e58     wheel2_sfun_registry.obj
 0002:00000e60       $unwind$ssGetZcSignalZcTol 0000000180011e60     wheel2_sfun_registry.obj
 0002:00000e68       $unwind$ssGetZcSignalNeedsEventNotification 0000000180011e68     wheel2_sfun_registry.obj
 0002:00000e70       $unwind$ssGetZcSignalIsZcElementDisc 0000000180011e70     wheel2_sfun_registry.obj
 0002:00000e80       $unwind$ssGetIsInputPortElementContinuous 0000000180011e80     wheel2_sfun_registry.obj
 0002:00000e90       $unwind$ssGetDTypeIdFromMxArray 0000000180011e90     wheel2_sfun_registry.obj
 0002:00000e98       $unwind$ssWriteRTWStr      0000000180011e98     wheel2_sfun_registry.obj
 0002:00000ea0       $unwind$ssWriteRTWNameValuePair 0000000180011ea0     wheel2_sfun_registry.obj
 0002:00000ea8       $unwind$ssWriteRTWParamSettings 0000000180011ea8     wheel2_sfun_registry.obj
 0002:00000eb0       $unwind$ssWriteRTWParameters 0000000180011eb0     wheel2_sfun_registry.obj
 0002:00000eb8       $unwind$ssWriteRTWWorkVect 0000000180011eb8     wheel2_sfun_registry.obj
 0002:00000ecc       $unwind$ssWriteRTWMxVectParam 0000000180011ecc     wheel2_sfun_registry.obj
 0002:00000ed4       $unwind$ssWriteRTWMx2dMatParam 0000000180011ed4     wheel2_sfun_registry.obj
 0002:00000edc       $unwind$_ssSetInputPortMatrixDimensions 0000000180011edc     wheel2_sfun_registry.obj
 0002:00000ee8       $unwind$_ssSetOutputPortMatrixDimensions 0000000180011ee8     wheel2_sfun_registry.obj
 0002:00000ef4       $unwind$_ssSetInputPortVectorDimension 0000000180011ef4     wheel2_sfun_registry.obj
 0002:00000f00       $unwind$_ssSetOutputPortVectorDimension 0000000180011f00     wheel2_sfun_registry.obj
 0002:00000f0c       $unwind$ssIsRunTimeParamTunable 0000000180011f0c     wheel2_sfun_registry.obj
 0002:00000f14       $unwind$ssGetSFuncBlockHandle 0000000180011f14     wheel2_sfun_registry.obj
 0002:00000f1c       $unwind$_ssGetCurrentInputPortWidth 0000000180011f1c     wheel2_sfun_registry.obj
 0002:00000f24       $unwind$_ssGetCurrentOutputPortWidth 0000000180011f24     wheel2_sfun_registry.obj
 0002:00000f2c       $unwind$_ssGetCallSystemNumFcnCallDestinations 0000000180011f2c     wheel2_sfun_registry.obj
 0002:00000f34       $unwind$ssWarning          0000000180011f34     wheel2_sfun_registry.obj
 0002:00000f48       $unwind$_ssGetAbsTol       0000000180011f48     wheel2_sfun_registry.obj
 0002:00000f50       $unwind$sf_process_check_sum_call 0000000180011f50     wheel2_sfun_registry.obj
 0002:00000f58       $unwind$sf_process_autoinheritance_call 0000000180011f58     wheel2_sfun_registry.obj
 0002:00000f68       $unwind$sf_process_get_third_party_uses_info_call 0000000180011f68     wheel2_sfun_registry.obj
 0002:00000f78       $unwind$sf_process_get_updateBuildInfo_args_info_call 0000000180011f78     wheel2_sfun_registry.obj
 0002:00000f88       $unwind$sf_process_get_eml_resolved_functions_info_call 0000000180011f88     wheel2_sfun_registry.obj
 0002:00000f98       $unwind$sf_mex_unlock_call 0000000180011f98     wheel2_sfun_registry.obj
 0002:00000fa8       $unwind$sf_debug_api_wrapper 0000000180011fa8     wheel2_sfun_registry.obj
 0002:00000fb0       $unwind$ProcessMexSfunctionCmdLineCall 0000000180011fb0     wheel2_sfun_registry.obj
 0002:00000fb8       $unwind$sf_machine_global_initializer_called 0000000180011fb8     wheel2_sfun_registry.obj
 0002:00000fc0       $unwind$sf_machine_global_method_dispatcher 0000000180011fc0     wheel2_sfun_registry.obj
 0002:00000fc8       $unwind$sf_machine_global_terminator 0000000180011fc8     wheel2_sfun_registry.obj
 0002:00000fd0       $unwind$sf_register_machine_exported_symbols 0000000180011fd0     wheel2_sfun_registry.obj
 0002:00000fd8       $unwind$sf_machine_global_initializer 0000000180011fd8     wheel2_sfun_registry.obj
 0002:00000fe0       $unwind$getChartInfoFromSimStruct 0000000180011fe0     wheel2_sfun_registry.obj
 0002:00000fe8       $unwind$mdlGetSimState     0000000180011fe8     wheel2_sfun_registry.obj
 0002:00000ff0       $unwind$mdlSetSimState     0000000180011ff0     wheel2_sfun_registry.obj
 0002:00000ff8       $unwind$mdlSetWorkWidths   0000000180011ff8     wheel2_sfun_registry.obj
 0002:00001000       $unwind$mdlProcessParameters 0000000180012000     wheel2_sfun_registry.obj
 0002:00001008       $unwind$mdl_start_processing 0000000180012008     wheel2_sfun_registry.obj
 0002:00001010       $unwind$mdl_terminate_processing 0000000180012010     wheel2_sfun_registry.obj
 0002:00001018       $unwind$mdlStart           0000000180012018     wheel2_sfun_registry.obj
 0002:00001020       $unwind$mdlTerminate       0000000180012020     wheel2_sfun_registry.obj
 0002:00001028       $unwind$mdlInitializeSizes 0000000180012028     wheel2_sfun_registry.obj
 0002:00001030       $unwind$mdlInitializeSampleTimes 0000000180012030     wheel2_sfun_registry.obj
 0002:00001038       $unwind$mdl_outputs_continuous_legacy 0000000180012038     wheel2_sfun_registry.obj
 0002:00001040       $unwind$mdl_outputs_processing 0000000180012040     wheel2_sfun_registry.obj
 0002:00001048       $unwind$mdl_zeroCrossings_processing 0000000180012048     wheel2_sfun_registry.obj
 0002:00001050       $unwind$mdlZeroCrossings   0000000180012050     wheel2_sfun_registry.obj
 0002:00001058       $unwind$mdl_derivatives_processing 0000000180012058     wheel2_sfun_registry.obj
 0002:00001060       $unwind$mdlDerivatives     0000000180012060     wheel2_sfun_registry.obj
 0002:00001068       $unwind$mdl_initialize_conditions_processing 0000000180012068     wheel2_sfun_registry.obj
 0002:00001070       $unwind$mdlInitializeConditions 0000000180012070     wheel2_sfun_registry.obj
 0002:00001078       $unwind$mdl_ext_mode_exec_processing 0000000180012078     wheel2_sfun_registry.obj
 0002:00001080       $unwind$mdlExtModeExec     0000000180012080     wheel2_sfun_registry.obj
 0002:00001088       $unwind$mdlRTW             0000000180012088     wheel2_sfun_registry.obj
 0002:00001090       $unwind$mdl_enable_processing 0000000180012090     wheel2_sfun_registry.obj
 0002:00001098       $unwind$mdlEnable          0000000180012098     wheel2_sfun_registry.obj
 0002:000010a0       $unwind$mdl_disable_processing 00000001800120a0     wheel2_sfun_registry.obj
 0002:000010a8       $unwind$mdlDisable         00000001800120a8     wheel2_sfun_registry.obj
 0002:000010b0       $unwind$mdlOutputs         00000001800120b0     wheel2_sfun_registry.obj
 0002:000010b8       $unwind$ProcessMexSfunctionEveryCall 00000001800120b8     wheel2_sfun_registry.obj
 0002:000010c0       $unwind$_RegNumInputPortsCB 00000001800120c0     wheel2_sfun_registry.obj
 0002:000010c8       $unwind$_RegNumOutputPortsCB 00000001800120c8     wheel2_sfun_registry.obj
 0002:000010d0       $unwind$_CreateSimStruct   00000001800120d0     wheel2_sfun_registry.obj
 0002:000010d8       $unwind$_ssFatalError      00000001800120d8     wheel2_sfun_registry.obj
 0002:000010e0       $unwind$_ProcessMexSfunctionCmdLineCall 00000001800120e0     wheel2_sfun_registry.obj
 0002:000010f0       $unwind$__report_securityfailure 00000001800120f0     MSVCRT:gs_report.obj
 0002:000010f8       $unwind$__report_securityfailureEx 00000001800120f8     MSVCRT:gs_report.obj
 0002:00001100       $unwind$__report_rangecheckfailure 0000000180012100     MSVCRT:gs_report.obj
 0002:00001108       $unwind$__raise_securityfailure 0000000180012108     MSVCRT:gs_report.obj
 0002:00001110       $unwind$__report_gsfailure 0000000180012110     MSVCRT:gs_report.obj
 0002:00001118       $unwind$__GSHandlerCheckCommon 0000000180012118     MSVCRT:gshandler.obj
 0002:00001120       $unwind$__GSHandlerCheck   0000000180012120     MSVCRT:gshandler.obj
 0002:00001128       $xdatasym                  0000000180012128     MSVCRT:amdsecgs.obj
 0002:0000112c       $unwind$_CRT_INIT          000000018001212c     MSVCRT:crtdll.obj
 0002:00001148       $unwind$pre_c_init         0000000180012148     MSVCRT:crtdll.obj
 0002:00001150       $unwind$__DllMainCRTStartup 0000000180012150     MSVCRT:crtdll.obj
 0002:0000118c       $unwind$__DllMainCRTStartup$filt$0 000000018001218c     MSVCRT:crtdll.obj
 0002:00001194       $unwind$__DllMainCRTStartup$fin$1 0000000180012194     MSVCRT:crtdll.obj
 0002:0000119c       $unwind$_DllMainCRTStartup 000000018001219c     MSVCRT:crtdll.obj
 0002:000011ac       $unwind$_IsNonwritableInCurrentImage 00000001800121ac     MSVCRT:pesect.obj
 0002:000011d0       $unwind$_IsNonwritableInCurrentImage$filt$0 00000001800121d0     MSVCRT:pesect.obj
 0002:000011d8       $unwind$atexit             00000001800121d8     MSVCRT:atonexit.obj
 0002:000011e0       $unwind$_onexit            00000001800121e0     MSVCRT:atonexit.obj
 0002:00001200       $unwind$_onexit$fin$0      0000000180012200     MSVCRT:atonexit.obj
 0002:00001208       $unwind$__atonexitinit     0000000180012208     MSVCRT:atonexit.obj
 0002:00001210       $unwind$__security_init_cookie 0000000180012210     MSVCRT:gs_support.obj
 0002:0000121c       $unwind$DllMain            000000018001221c     MSVCRT:dllmain.obj
 0002:00001224       $unwind$_RTC_Initialize    0000000180012224     MSVCRT:initsect.obj
 0002:00001230       $unwind$_RTC_Terminate     0000000180012230     MSVCRT:initsect.obj
 0002:00001e86       .idata$6                   0000000180012e86     sf_runtime:sf_runtime.dll
 0002:00001fcc       .idata$6                   0000000180012fcc     libmx:libmx.dll
 0002:00002044       .idata$6                   0000000180013044     libmex:libmex.dll
 0002:00002066       .idata$6                   0000000180013066     libut:libut.dll
 0002:0000209c       .idata$6                   000000018001309c     libmwmathutil:libmwmathutil.dll
 0002:00002180       .idata$6                   0000000180013180     MSVCRT:MSVCR110.dll
[...]
 0003:00002988       $SG16212                   0000000180016988     wheel2_sfun_registry.obj
 0003:000029b8       $SG16217                   00000001800169b8     wheel2_sfun_registry.obj
 0003:000029e8       $SG16225                   00000001800169e8     wheel2_sfun_registry.obj
 0003:00002a18       $SG14183                   0000000180016a18     wheel2_sfun_registry.obj
 0003:00002a38       $SG16233                   0000000180016a38     wheel2_sfun_registry.obj
 0003:00002a70       $SG16238                   0000000180016a70     wheel2_sfun_registry.obj
 0003:00002aa8       $SG16246                   0000000180016aa8     wheel2_sfun_registry.obj
 0003:00002ad8       $SG16252                   0000000180016ad8     wheel2_sfun_registry.obj
 0003:00002b00       $SG16257                   0000000180016b00     wheel2_sfun_registry.obj
 0003:00002b20       $SG16262                   0000000180016b20     wheel2_sfun_registry.obj
 0003:00002b50       $SG16267                   0000000180016b50     wheel2_sfun_registry.obj
 0003:00002b70       $SG14221                   0000000180016b70     wheel2_sfun_registry.obj
 0003:00002b90       $SG16272                   0000000180016b90     wheel2_sfun_registry.obj
 0003:00002bb0       $SG16277                   0000000180016bb0     wheel2_sfun_registry.obj
 0003:00002bd0       $SG16282                   0000000180016bd0     wheel2_sfun_registry.obj
 0003:00002bf8       $SG16287                   0000000180016bf8     wheel2_sfun_registry.obj
 0003:00002c20       $SG16292                   0000000180016c20     wheel2_sfun_registry.obj
 0003:00002c48       $SG16301                   0000000180016c48     wheel2_sfun_registry.obj
 0003:00002c70       $SG16305                   0000000180016c70     wheel2_sfun_registry.obj
 0003:00002c98       $SG14259                   0000000180016c98     wheel2_sfun_registry.obj
 0003:00002cb8       $SG15287                   0000000180016cb8     wheel2_sfun_registry.obj
 0003:00002cf8       $SG14264                   0000000180016cf8     wheel2_sfun_registry.obj
 0003:00002d00       $SG16313                   0000000180016d00     wheel2_sfun_registry.obj
 0003:00002d28       $SG15292                   0000000180016d28     wheel2_sfun_registry.obj
 0003:00002d58       $SG16320                   0000000180016d58     wheel2_sfun_registry.obj
 0003:00002d80       $SG15297                   0000000180016d80     wheel2_sfun_registry.obj
 0003:00002dc8       $SG15311                   0000000180016dc8     wheel2_sfun_registry.obj
 0003:00002e00       $SG14297                   0000000180016e00     wheel2_sfun_registry.obj
 0003:00002e20       $SG14302                   0000000180016e20     wheel2_sfun_registry.obj
 0003:00002e28       $SG14323                   0000000180016e28     wheel2_sfun_registry.obj
 0003:00002e60       sRtwOptimizationInfoStruct 0000000180016e60     wheel2_sfun.obj
 0003:00002e68       $SG16913                   0000000180016e68     c2_wheel2.obj
 0003:00002e69       $SG16914                   0000000180016e69     c2_wheel2.obj
 0003:00002e6a       $SG17117                   0000000180016e6a     c2_wheel2.obj
 0003:00002e6b       $SG17189                   0000000180016e6b     c2_wheel2.obj
 0003:00002e6c       $SG17213                   0000000180016e6c     c2_wheel2.obj
 0003:00002e70       _sfTime_                   0000000180016e70     c2_wheel2.obj
 0003:00002e80       sfGlobalMdlStartCallCounts 0000000180016e80     wheel2_sfun_registry.obj
 0003:00002e84       $SG15946                   0000000180016e84     wheel2_sfun_registry.obj
 0003:00002e90       ?errmsg@?N@??ssWriteRTWWorkVect@@9@9 0000000180016e90     wheel2_sfun_registry.obj
 0003:00002f60       GS_ExceptionRecord         0000000180016f60     MSVCRT:gs_report.obj
 0003:00003000       GS_ContextRecord           0000000180017000     MSVCRT:gs_report.obj
 0003:000034d0       DebuggerWasPresent         00000001800174d0     MSVCRT:gs_report.obj
 0003:000034d4       __proc_attached            00000001800174d4     MSVCRT:crtdll.obj
 0004:00000000       $pdata$load_wheel2_optimization_info 0000000180018000     wheel2_sfun.obj
 0004:0000000c       $pdata$unload_wheel2_optimization_info 000000018001800c     wheel2_sfun.obj
 0004:00000018       $pdata$sf_wheel2_method_dispatcher 0000000180018018     wheel2_sfun.obj
 0004:00000024       $pdata$sf_wheel2_process_check_sum_call 0000000180018024     wheel2_sfun.obj
 0004:00000030       $pdata$sf_wheel2_autoinheritance_info 0000000180018030     wheel2_sfun.obj
 0004:0000003c       $pdata$sf_wheel2_get_eml_resolved_functions_info 000000018001803c     wheel2_sfun.obj
 0004:00000048       $pdata$sf_wheel2_third_party_uses_info 0000000180018048     wheel2_sfun.obj
 0004:00000054       $pdata$sf_wheel2_updateBuildInfo_args_info 0000000180018054     wheel2_sfun.obj
 0004:00000060       $pdata$wheel2_debug_initialize 0000000180018060     wheel2_sfun.obj
 0004:0000006c       $pdata$sf_c2_wheel2_get_eml_resolved_functions_info 000000018001806c     c2_wheel2.obj
 0004:00000078       $pdata$sf_c2_wheel2_get_check_sum 0000000180018078     c2_wheel2.obj
 0004:00000084       $pdata$c2_wheel2_method_dispatcher 0000000180018084     c2_wheel2.obj
 0004:00000090       $pdata$initialize_c2_wheel2 0000000180018090     c2_wheel2.obj
 0004:0000009c       $pdata$enable_c2_wheel2    000000018001809c     c2_wheel2.obj
 0004:000000a8       $pdata$disable_c2_wheel2   00000001800180a8     c2_wheel2.obj
 0004:000000b4       $pdata$get_sim_state_c2_wheel2 00000001800180b4     c2_wheel2.obj
 0004:000000c0       $pdata$set_sim_state_c2_wheel2 00000001800180c0     c2_wheel2.obj
 0004:000000cc       $pdata$sf_gateway_c2_wheel2 00000001800180cc     c2_wheel2.obj
 0004:000000d8       $pdata$c2_sf_marshallOut   00000001800180d8     c2_wheel2.obj
 0004:000000e4       $pdata$c2_emlrt_marshallIn 00000001800180e4     c2_wheel2.obj
 0004:000000f0       $pdata$c2_b_emlrt_marshallIn 00000001800180f0     c2_wheel2.obj
 0004:000000fc       $pdata$c2_sf_marshallIn    00000001800180fc     c2_wheel2.obj
 0004:00000108       $pdata$c2_b_sf_marshallOut 0000000180018108     c2_wheel2.obj
 0004:00000114       $pdata$c2_info_helper      0000000180018114     c2_wheel2.obj
 0004:00000120       $pdata$c2_emlrt_marshallOut 0000000180018120     c2_wheel2.obj
 0004:0000012c       $pdata$c2_b_emlrt_marshallOut 000000018001812c     c2_wheel2.obj
 0004:00000138       $pdata$c2_mpower           0000000180018138     c2_wheel2.obj
 0004:00000144       $pdata$c2_eml_error        0000000180018144     c2_wheel2.obj
 0004:00000150       $pdata$c2_d_emlrt_marshallIn 0000000180018150     c2_wheel2.obj
 0004:0000015c       $pdata$c2_e_emlrt_marshallIn 000000018001815c     c2_wheel2.obj
 0004:00000168       $pdata$sf_c2_wheel2_get_autoinheritance_info 0000000180018168     c2_wheel2.obj
 0004:00000174       $pdata$sf_c2_wheel2_third_party_uses_info 0000000180018174     c2_wheel2.obj
 0004:00000180       $pdata$sf_c2_wheel2_updateBuildInfo_args_info 0000000180018180     c2_wheel2.obj
 0004:0000018c       $pdata$sf_get_sim_state_info_c2_wheel2 000000018001818c     c2_wheel2.obj
 0004:00000198       $pdata$chart_debug_initialization 0000000180018198     c2_wheel2.obj
 0004:000001a4       $pdata$sf_opaque_initialize_c2_wheel2 00000001800181a4     c2_wheel2.obj
 0004:000001b0       $pdata$sf_opaque_enable_c2_wheel2 00000001800181b0     c2_wheel2.obj
 0004:000001bc       $pdata$sf_opaque_disable_c2_wheel2 00000001800181bc     c2_wheel2.obj
 0004:000001c8       $pdata$sf_opaque_gateway_c2_wheel2 00000001800181c8     c2_wheel2.obj
 0004:000001d4       $pdata$sf_internal_get_sim_state_c2_wheel2 00000001800181d4     c2_wheel2.obj
 0004:000001e0       $pdata$sf_internal_set_sim_state_c2_wheel2 00000001800181e0     c2_wheel2.obj
 0004:000001ec       $pdata$sf_opaque_get_sim_state_c2_wheel2 00000001800181ec     c2_wheel2.obj
 0004:000001f8       $pdata$sf_opaque_set_sim_state_c2_wheel2 00000001800181f8     c2_wheel2.obj
 0004:00000204       $pdata$sf_opaque_terminate_c2_wheel2 0000000180018204     c2_wheel2.obj
 0004:00000210       $pdata$sf_opaque_init_subchart_simstructs 0000000180018210     c2_wheel2.obj
 0004:0000021c       $pdata$mdlProcessParameters_c2_wheel2 000000018001821c     c2_wheel2.obj
 0004:00000228       $pdata$mdlSetWorkWidths_c2_wheel2 0000000180018228     c2_wheel2.obj
 0004:00000234       $pdata$mdlRTW_c2_wheel2    0000000180018234     c2_wheel2.obj
 0004:00000240       $pdata$mdlStart_c2_wheel2  0000000180018240     c2_wheel2.obj
 0004:0000024c       $pdata$mexFunction         000000018001824c     wheel2_sfun_registry.obj
 0004:00000258       $pdata$_ssSetInputPortDirectFeedThroughFcn 0000000180018258     wheel2_sfun_registry.obj
 0004:00000264       $pdata$_ssGetInputPortSignalPtrsFcn 0000000180018264     wheel2_sfun_registry.obj
 0004:00000270       $pdata$_ssGetInputPortSignalFcn 0000000180018270     wheel2_sfun_registry.obj
 0004:0000027c       $pdata$_ssSetInputPortReusableFcn 000000018001827c     wheel2_sfun_registry.obj
 0004:00000288       $pdata$_ssSetOutputPortReusableFcn 0000000180018288     wheel2_sfun_registry.obj
 0004:00000294       $pdata$ssGetIsZeroCrossControlDisabled 0000000180018294     wheel2_sfun_registry.obj
 0004:000002a0       $pdata$ssSetIsInputPortUsedForContZcSignal 00000001800182a0     wheel2_sfun_registry.obj
 0004:000002ac       $pdata$ssSetZcSignalIsZcElementDisc 00000001800182ac     wheel2_sfun_registry.obj
 0004:000002b8       $pdata$ssSetZcSignalName   00000001800182b8     wheel2_sfun_registry.obj
 0004:000002c4       $pdata$ssSetZcSignalWidth  00000001800182c4     wheel2_sfun_registry.obj
 0004:000002d0       $pdata$ssSetZcSignalZcEventType 00000001800182d0     wheel2_sfun_registry.obj
 0004:000002dc       $pdata$ssSetZcSignalType   00000001800182dc     wheel2_sfun_registry.obj
 0004:000002e8       $pdata$ssSetZcSignalZcTol  00000001800182e8     wheel2_sfun_registry.obj
 0004:000002f4       $pdata$ssSetZcSignalNeedsEventNotification 00000001800182f4     wheel2_sfun_registry.obj
 0004:00000300       $pdata$ssCreateAndAddZcSignalInfo 0000000180018300     wheel2_sfun_registry.obj
 0004:0000030c       $pdata$ssCloneAndAddZcSignalInfo 000000018001830c     wheel2_sfun_registry.obj
 0004:00000318       $pdata$ssGetNumZcSignals   0000000180018318     wheel2_sfun_registry.obj
 0004:00000324       $pdata$ssGetZcSignalVector 0000000180018324     wheel2_sfun_registry.obj
 0004:00000330       $pdata$ssGetZcSignalName   0000000180018330     wheel2_sfun_registry.obj
 0004:0000033c       $pdata$ssGetZcSignalWidth  000000018001833c     wheel2_sfun_registry.obj
 0004:00000348       $pdata$ssGetZcSignalZcEventType 0000000180018348     wheel2_sfun_registry.obj
 0004:00000354       $pdata$ssGetZcSignalZcEvents 0000000180018354     wheel2_sfun_registry.obj
 0004:00000360       $pdata$ssGetZcSignalType   0000000180018360     wheel2_sfun_registry.obj
 0004:0000036c       $pdata$ssGetZcSignalZcTol  000000018001836c     wheel2_sfun_registry.obj
 0004:00000378       $pdata$ssGetZcSignalNeedsEventNotification 0000000180018378     wheel2_sfun_registry.obj
 0004:00000384       $pdata$ssGetZcSignalIsZcElementDisc 0000000180018384     wheel2_sfun_registry.obj
 0004:00000390       $pdata$ssGetIsInputPortElementContinuous 0000000180018390     wheel2_sfun_registry.obj
 0004:0000039c       $pdata$ssGetDTypeIdFromMxArray 000000018001839c     wheel2_sfun_registry.obj
 0004:000003a8       $pdata$ssWriteRTWStr       00000001800183a8     wheel2_sfun_registry.obj
 0004:000003b4       $pdata$ssWriteRTWNameValuePair 00000001800183b4     wheel2_sfun_registry.obj
 0004:000003c0       $pdata$ssWriteRTWParamSettings 00000001800183c0     wheel2_sfun_registry.obj
 0004:000003cc       $pdata$ssWriteRTWParameters 00000001800183cc     wheel2_sfun_registry.obj
 0004:000003d8       $pdata$ssWriteRTWWorkVect  00000001800183d8     wheel2_sfun_registry.obj
 0004:000003e4       $pdata$ssWriteRTWMxVectParam 00000001800183e4     wheel2_sfun_registry.obj
 0004:000003f0       $pdata$ssWriteRTWMx2dMatParam 00000001800183f0     wheel2_sfun_registry.obj
 0004:000003fc       $pdata$_ssSetInputPortMatrixDimensions 00000001800183fc     wheel2_sfun_registry.obj
 0004:00000408       $pdata$_ssSetOutputPortMatrixDimensions 0000000180018408     wheel2_sfun_registry.obj
 0004:00000414       $pdata$_ssSetInputPortVectorDimension 0000000180018414     wheel2_sfun_registry.obj
 0004:00000420       $pdata$_ssSetOutputPortVectorDimension 0000000180018420     wheel2_sfun_registry.obj
 0004:0000042c       $pdata$ssIsRunTimeParamTunable 000000018001842c     wheel2_sfun_registry.obj
 0004:00000438       $pdata$ssGetSFuncBlockHandle 0000000180018438     wheel2_sfun_registry.obj
 0004:00000444       $pdata$_ssGetCurrentInputPortWidth 0000000180018444     wheel2_sfun_registry.obj
 0004:00000450       $pdata$_ssGetCurrentOutputPortWidth 0000000180018450     wheel2_sfun_registry.obj
 0004:0000045c       $pdata$_ssGetCallSystemNumFcnCallDestinations 000000018001845c     wheel2_sfun_registry.obj
 0004:00000468       $pdata$ssWarning           0000000180018468     wheel2_sfun_registry.obj
 0004:00000474       $pdata$_ssGetAbsTol        0000000180018474     wheel2_sfun_registry.obj
 0004:00000480       $pdata$sf_process_check_sum_call 0000000180018480     wheel2_sfun_registry.obj
 0004:0000048c       $pdata$sf_process_autoinheritance_call 000000018001848c     wheel2_sfun_registry.obj
 0004:00000498       $pdata$sf_process_get_third_party_uses_info_call 0000000180018498     wheel2_sfun_registry.obj
 0004:000004a4       $pdata$sf_process_get_updateBuildInfo_args_info_call 00000001800184a4     wheel2_sfun_registry.obj
 0004:000004b0       $pdata$sf_process_get_eml_resolved_functions_info_call 00000001800184b0     wheel2_sfun_registry.obj
 0004:000004bc       $pdata$sf_mex_unlock_call  00000001800184bc     wheel2_sfun_registry.obj
 0004:000004c8       $pdata$sf_debug_api_wrapper 00000001800184c8     wheel2_sfun_registry.obj
 0004:000004d4       $pdata$ProcessMexSfunctionCmdLineCall 00000001800184d4     wheel2_sfun_registry.obj
 0004:000004e0       $pdata$sf_machine_global_initializer_called 00000001800184e0     wheel2_sfun_registry.obj
 0004:000004ec       $pdata$sf_machine_global_method_dispatcher 00000001800184ec     wheel2_sfun_registry.obj
 0004:000004f8       $pdata$sf_machine_global_terminator 00000001800184f8     wheel2_sfun_registry.obj
 0004:00000504       $pdata$sf_register_machine_exported_symbols 0000000180018504     wheel2_sfun_registry.obj
 0004:00000510       $pdata$sf_machine_global_initializer 0000000180018510     wheel2_sfun_registry.obj
 0004:0000051c       $pdata$getChartInfoFromSimStruct 000000018001851c     wheel2_sfun_registry.obj
 0004:00000528       $pdata$mdlGetSimState      0000000180018528     wheel2_sfun_registry.obj
 0004:00000534       $pdata$mdlSetSimState      0000000180018534     wheel2_sfun_registry.obj
 0004:00000540       $pdata$mdlSetWorkWidths    0000000180018540     wheel2_sfun_registry.obj
 0004:0000054c       $pdata$mdlProcessParameters 000000018001854c     wheel2_sfun_registry.obj
 0004:00000558       $pdata$mdl_start_processing 0000000180018558     wheel2_sfun_registry.obj
 0004:00000564       $pdata$mdl_terminate_processing 0000000180018564     wheel2_sfun_registry.obj
 0004:00000570       $pdata$mdlStart            0000000180018570     wheel2_sfun_registry.obj
 0004:0000057c       $pdata$mdlTerminate        000000018001857c     wheel2_sfun_registry.obj
 0004:00000588       $pdata$mdlInitializeSizes  0000000180018588     wheel2_sfun_registry.obj
 0004:00000594       $pdata$mdlInitializeSampleTimes 0000000180018594     wheel2_sfun_registry.obj
 0004:000005a0       $pdata$mdl_outputs_continuous_legacy 00000001800185a0     wheel2_sfun_registry.obj
 0004:000005ac       $pdata$mdl_outputs_processing 00000001800185ac     wheel2_sfun_registry.obj
 0004:000005b8       $pdata$mdl_zeroCrossings_processing 00000001800185b8     wheel2_sfun_registry.obj
 0004:000005c4       $pdata$mdlZeroCrossings    00000001800185c4     wheel2_sfun_registry.obj
 0004:000005d0       $pdata$mdl_derivatives_processing 00000001800185d0     wheel2_sfun_registry.obj
 0004:000005dc       $pdata$mdlDerivatives      00000001800185dc     wheel2_sfun_registry.obj
 0004:000005e8       $pdata$mdl_initialize_conditions_processing 00000001800185e8     wheel2_sfun_registry.obj
 0004:000005f4       $pdata$mdlInitializeConditions 00000001800185f4     wheel2_sfun_registry.obj
 0004:00000600       $pdata$mdl_ext_mode_exec_processing 0000000180018600     wheel2_sfun_registry.obj
 0004:0000060c       $pdata$mdlExtModeExec      000000018001860c     wheel2_sfun_registry.obj
 0004:00000618       $pdata$mdlRTW              0000000180018618     wheel2_sfun_registry.obj
 0004:00000624       $pdata$mdl_enable_processing 0000000180018624     wheel2_sfun_registry.obj
 0004:00000630       $pdata$mdlEnable           0000000180018630     wheel2_sfun_registry.obj
 0004:0000063c       $pdata$mdl_disable_processing 000000018001863c     wheel2_sfun_registry.obj
 0004:00000648       $pdata$mdlDisable          0000000180018648     wheel2_sfun_registry.obj
 0004:00000654       $pdata$mdlOutputs          0000000180018654     wheel2_sfun_registry.obj
 0004:00000660       $pdata$ProcessMexSfunctionEveryCall 0000000180018660     wheel2_sfun_registry.obj
 0004:0000066c       $pdata$_RegNumInputPortsCB 000000018001866c     wheel2_sfun_registry.obj
 0004:00000678       $pdata$_RegNumOutputPortsCB 0000000180018678     wheel2_sfun_registry.obj
 0004:00000684       $pdata$_CreateSimStruct    0000000180018684     wheel2_sfun_registry.obj
 0004:00000690       $pdata$_ssFatalError       0000000180018690     wheel2_sfun_registry.obj
 0004:0000069c       $pdata$_ProcessMexSfunctionCmdLineCall 000000018001869c     wheel2_sfun_registry.obj
 0004:000006a8       $pdata$__raise_securityfailure 00000001800186a8     MSVCRT:gs_report.obj
 0004:000006b4       $pdata$__report_gsfailure  00000001800186b4     MSVCRT:gs_report.obj
 0004:000006c0       $pdata$__report_rangecheckfailure 00000001800186c0     MSVCRT:gs_report.obj
 0004:000006cc       $pdata$__report_securityfailure 00000001800186cc     MSVCRT:gs_report.obj
 0004:000006d8       $pdata$__report_securityfailureEx 00000001800186d8     MSVCRT:gs_report.obj
 0004:000006e4       $pdata$__GSHandlerCheck    00000001800186e4     MSVCRT:gshandler.obj
 0004:000006f0       $pdata$__GSHandlerCheckCommon 00000001800186f0     MSVCRT:gshandler.obj
 0004:00000708       $pdata$pre_c_init          0000000180018708     MSVCRT:crtdll.obj
 0004:00000714       $pdata$_CRT_INIT           0000000180018714     MSVCRT:crtdll.obj
 0004:00000720       $pdata$_DllMainCRTStartup  0000000180018720     MSVCRT:crtdll.obj
 0004:0000072c       $pdata$__DllMainCRTStartup 000000018001872c     MSVCRT:crtdll.obj
 0004:00000738       $pdata$_IsNonwritableInCurrentImage 0000000180018738     MSVCRT:pesect.obj
 0004:00000744       $pdata$__atonexitinit      0000000180018744     MSVCRT:atonexit.obj
 0004:00000750       $pdata$_onexit             0000000180018750     MSVCRT:atonexit.obj
 0004:0000075c       $pdata$atexit              000000018001875c     MSVCRT:atonexit.obj
 0004:00000768       $pdata$__security_init_cookie 0000000180018768     MSVCRT:gs_support.obj
 0004:00000774       $pdata$DllMain             0000000180018774     MSVCRT:dllmain.obj
 0004:00000780       $pdata$_RTC_Initialize     0000000180018780     MSVCRT:initsect.obj
 0004:0000078c       $pdata$_RTC_Terminate      000000018001878c     MSVCRT:initsect.obj
 0004:00000798       $pdata$__DllMainCRTStartup$filt$0 0000000180018798     MSVCRT:crtdll.obj
 0004:000007a4       $pdata$__DllMainCRTStartup$fin$1 00000001800187a4     MSVCRT:crtdll.obj
 0004:000007b0       $pdata$_IsNonwritableInCurrentImage$filt$0 00000001800187b0     MSVCRT:pesect.obj
 0004:000007bc       $pdata$_onexit$fin$0       00000001800187bc     MSVCRT:atonexit.obj
